<html>
<body>
<pre>
<h1>µVision Build Log</h1>
<h2>Tool Versions:</h2>
IDE-Version: ¦ÌVision V5.27.1.0
Copyright (C) 2019 ARM Ltd and ARM Germany GmbH. All rights reserved.
License Information: nice lin, nice, LIC=Y2BTG-VU3C0-PGN7L-02TZ7-KUDXC-Y14J5
 
Tool Versions:
Toolchain:       MDK-ARM Professional  Version: 5.14.0.0
Toolchain Path:  D:\MDK5\ARM\ARMCC\Bin
C Compiler:      Armcc.exe V5.05 update 1 (build 106)
Assembler:       Armasm.exe V5.05 update 1 (build 106)
Linker/Locator:  ArmLink.exe V5.05 update 1 (build 106)
Library Manager: ArmAr.exe V5.05 update 1 (build 106)
Hex Converter:   FromElf.exe V5.05 update 1 (build 106)
CPU DLL:         SARMCM3.DLL V5.14.0.0
Dialog DLL:      DARMSTM.DLL V1.65.0.0
Target DLL:      UL2CM3.DLL V1.155.0.0
Dialog DLL:      TARMSTM.DLL V1.64.0.0
 
<h2>Project:</h2>
E:\biyesheji\code\zhinenglunyi\USER\zhinenglunyi.uvprojx
Project File Date:  05/05/2021

<h2>Output:</h2>
*** Using Compiler 'V5.05 update 1 (build 106)', folder: 'D:\MDK5\ARM\ARMCC\Bin'
Rebuild target 'zhinenglunyi'
assembling startup_stm32f10x_md.s...
compiling core_cm3.c...
compiling stm32f10x_it.c...
compiling misc.c...
compiling system_stm32f10x.c...
compiling stm32f10x_adc.c...
compiling main.c...
compiling stm32f10x_bkp.c...
compiling stm32f10x_can.c...
compiling stm32f10x_cec.c...
compiling stm32f10x_dbgmcu.c...
compiling stm32f10x_crc.c...
compiling stm32f10x_exti.c...
compiling stm32f10x_dac.c...
compiling stm32f10x_dma.c...
compiling stm32f10x_flash.c...
compiling stm32f10x_pwr.c...
compiling stm32f10x_iwdg.c...
compiling stm32f10x_gpio.c...
compiling stm32f10x_i2c.c...
compiling stm32f10x_rcc.c...
compiling stm32f10x_fsmc.c...
compiling stm32f10x_rtc.c...
compiling stm32f10x_sdio.c...
compiling stm32f10x_usart.c...
compiling stm32f10x_wwdg.c...
compiling usart.c...
compiling stm32f10x_spi.c...
compiling sys.c...
compiling stm32f10x_tim.c...
compiling dht11.c...
compiling delay.c...
compiling key.c...
compiling gprs.c...
compiling myiic.c...
compiling algorithm.c...
compiling max30102.c...
..\SYSTEM\IIC\max30102.c(25): warning:  #550-D: variable "un_prev_data" was set but never used
  uint32_t un_min, un_max, un_prev_data;  
..\SYSTEM\IIC\max30102.c(65): warning:  #550-D: variable "dis_hr" was set but never used
  	u8 dis_hr=0,dis_spo2=0;	
..\SYSTEM\IIC\max30102.c(65): warning:  #550-D: variable "dis_spo2" was set but never used
  	u8 dis_hr=0,dis_spo2=0;	
..\SYSTEM\IIC\max30102.c: 3 warnings, 0 errors
compiling led.c...
compiling lcd.c...
linking...
Program Size: Code=13968 RO-data=692 RW-data=84 ZI-data=11820  
FromELF: creating hex file...
"..\OBJ\zhinenglunyi.axf" - 0 Error(s), 3 Warning(s).

<h2>Software Packages used:</h2>

Package Vendor: Keil
                http://www.keil.com/pack/Keil.STM32F1xx_DFP.1.0.5.pack
                Keil.STM32F1xx_DFP.1.0.5
                STMicroelectronics STM32F1 Series Device Support, Drivers and Examples

<h2>Collection of Component include folders:</h2>
  .\RTE\_zhinenglunyi
  D:\MDK5\ARM\PACK\Keil\STM32F1xx_DFP\1.0.5\Device\Include

<h2>Collection of Component Files used:</h2>
Build Time Elapsed:  00:00:05
</pre>
</body>
</html>
