Component: ARM Compiler 5.05 update 1 (build 106) Tool: armlink [4d0efa]

==============================================================================

Section Cross References

    main.o(i.EXTI3_IRQHandler) refers to delay.o(i.delay_ms) for delay_ms
    main.o(i.EXTI3_IRQHandler) refers to stm32f10x_exti.o(i.EXTI_GetITStatus) for EXTI_GetITStatus
    main.o(i.EXTI3_IRQHandler) refers to stm32f10x_gpio.o(i.GPIO_ReadInputDataBit) for GPIO_ReadInputDataBit
    main.o(i.EXTI3_IRQHandler) refers to stm32f10x_usart.o(i.USART_SendData) for USART_SendData
    main.o(i.EXTI3_IRQHandler) refers to gprs.o(i.sendmessage) for sendmessage
    main.o(i.EXTI3_IRQHandler) refers to stm32f10x_exti.o(i.EXTI_ClearITPendingBit) for EXTI_ClearITPendingBit
    main.o(i.TIM3_IRQHandler) refers to _printf_percent.o(.ARM.Collect$$_printf_percent$$00000000) for _printf_percent
    main.o(i.TIM3_IRQHandler) refers to _printf_f.o(.ARM.Collect$$_printf_percent$$00000003) for _printf_f
    main.o(i.TIM3_IRQHandler) refers to printf1.o(x$fpl$printf1) for _printf_fp_dec
    main.o(i.TIM3_IRQHandler) refers to stm32f10x_tim.o(i.TIM_GetITStatus) for TIM_GetITStatus
    main.o(i.TIM3_IRQHandler) refers to stm32f10x_tim.o(i.TIM_ClearITPendingBit) for TIM_ClearITPendingBit
    main.o(i.TIM3_IRQHandler) refers to dht11.o(i.DHT11_get) for DHT11_get
    main.o(i.TIM3_IRQHandler) refers to max30102.o(i.maxim_get) for maxim_get
    main.o(i.TIM3_IRQHandler) refers to gprs.o(i.sendtoserver) for sendtoserver
    main.o(i.TIM3_IRQHandler) refers to f2d.o(x$fpl$f2d) for __aeabi_f2d
    main.o(i.TIM3_IRQHandler) refers to noretval__2sprintf.o(.text) for __2sprintf
    main.o(i.TIM3_IRQHandler) refers to max30102.o(i.max_senddat) for max_senddat
    main.o(i.TIM3_IRQHandler) refers to main.o(.data) for shidu
    main.o(i.USART2_IRQHandler) refers to stm32f10x_usart.o(i.USART_ReceiveData) for USART_ReceiveData
    main.o(i.USART2_IRQHandler) refers to stm32f10x_usart.o(i.USART_SendData) for USART_SendData
    main.o(i.USART2_IRQHandler) refers to stm32f10x_usart.o(i.USART_GetFlagStatus) for USART_GetFlagStatus
    main.o(i.USART2_IRQHandler) refers to main.o(.data) for s
    main.o(i.ceshiGPS) refers to stm32f10x_usart.o(i.USART_GetFlagStatus) for USART_GetFlagStatus
    main.o(i.ceshiGPS) refers to stm32f10x_usart.o(i.USART_ReceiveData) for USART_ReceiveData
    main.o(i.ceshiGPS) refers to stm32f10x_usart.o(i.USART_SendData) for USART_SendData
    main.o(i.ceshiGPS) refers to main.o(.data) for s
    main.o(i.helpinit) refers to stm32f10x_rcc.o(i.RCC_APB2PeriphClockCmd) for RCC_APB2PeriphClockCmd
    main.o(i.helpinit) refers to stm32f10x_gpio.o(i.GPIO_EXTILineConfig) for GPIO_EXTILineConfig
    main.o(i.helpinit) refers to stm32f10x_exti.o(i.EXTI_Init) for EXTI_Init
    main.o(i.helpinit) refers to misc.o(i.NVIC_Init) for NVIC_Init
    main.o(i.helpinit) refers to stm32f10x_exti.o(i.EXTI_ClearITPendingBit) for EXTI_ClearITPendingBit
    main.o(i.helpinit) refers to stm32f10x_gpio.o(i.GPIO_Init) for GPIO_Init
    main.o(i.main) refers to misc.o(i.NVIC_PriorityGroupConfig) for NVIC_PriorityGroupConfig
    main.o(i.main) refers to delay.o(i.delay_init) for delay_init
    main.o(i.main) refers to usart.o(i.uart_init) for uart_init
    main.o(i.main) refers to main.o(i.uart2_init) for uart2_init
    main.o(i.main) refers to main.o(i.helpinit) for helpinit
    main.o(i.main) refers to main.o(i.tim_init) for tim_init
    main.o(i.main) refers to max30102.o(i.max_once) for max_once
    main.o(i.main) refers to main.o(.data) for wendu
    main.o(i.tim_init) refers to stm32f10x_rcc.o(i.RCC_APB1PeriphClockCmd) for RCC_APB1PeriphClockCmd
    main.o(i.tim_init) refers to stm32f10x_tim.o(i.TIM_TimeBaseInit) for TIM_TimeBaseInit
    main.o(i.tim_init) refers to stm32f10x_tim.o(i.TIM_ITConfig) for TIM_ITConfig
    main.o(i.tim_init) refers to misc.o(i.NVIC_Init) for NVIC_Init
    main.o(i.tim_init) refers to stm32f10x_tim.o(i.TIM_Cmd) for TIM_Cmd
    main.o(i.uart2_init) refers to stm32f10x_rcc.o(i.RCC_APB2PeriphClockCmd) for RCC_APB2PeriphClockCmd
    main.o(i.uart2_init) refers to stm32f10x_rcc.o(i.RCC_APB1PeriphClockCmd) for RCC_APB1PeriphClockCmd
    main.o(i.uart2_init) refers to stm32f10x_gpio.o(i.GPIO_Init) for GPIO_Init
    main.o(i.uart2_init) refers to misc.o(i.NVIC_Init) for NVIC_Init
    main.o(i.uart2_init) refers to stm32f10x_usart.o(i.USART_Init) for USART_Init
    main.o(i.uart2_init) refers to stm32f10x_usart.o(i.USART_Cmd) for USART_Cmd
    system_stm32f10x.o(i.SetSysClock) refers to system_stm32f10x.o(i.SetSysClockTo72) for SetSysClockTo72
    system_stm32f10x.o(i.SystemCoreClockUpdate) refers to system_stm32f10x.o(.data) for SystemCoreClock
    system_stm32f10x.o(i.SystemInit) refers to system_stm32f10x.o(i.SetSysClock) for SetSysClock
    startup_stm32f10x_md.o(STACK) refers (Special) to heapauxi.o(.text) for __use_two_region_memory
    startup_stm32f10x_md.o(HEAP) refers (Special) to heapauxi.o(.text) for __use_two_region_memory
[...]
    ../clib/btod.s                           0x00000000   Number         0  btod.o ABSOLUTE
    ../clib/heapalloc.c                      0x00000000   Number         0  hrguard.o ABSOLUTE
    ../clib/heapaux.c                        0x00000000   Number         0  heapauxi.o ABSOLUTE
    ../clib/libinit.s                        0x00000000   Number         0  libshutdown.o ABSOLUTE
    ../clib/libinit.s                        0x00000000   Number         0  libshutdown2.o ABSOLUTE
    ../clib/libinit.s                        0x00000000   Number         0  libinit.o ABSOLUTE
    ../clib/libinit.s                        0x00000000   Number         0  libinit2.o ABSOLUTE
    ../clib/locale.s                         0x00000000   Number         0  lc_numeric_c.o ABSOLUTE
    ../clib/longlong.s                       0x00000000   Number         0  lludiv10.o ABSOLUTE
    ../clib/memcpset.s                       0x00000000   Number         0  strcmpv7m.o ABSOLUTE
    ../clib/misc.s                           0x00000000   Number         0  printf_stubs.o ABSOLUTE
    ../clib/printf.c                         0x00000000   Number         0  _printf_char.o ABSOLUTE
    ../clib/printf.c                         0x00000000   Number         0  _printf_char_file.o ABSOLUTE
    ../clib/printf.c                         0x00000000   Number         0  __printf_flags_ss_wp.o ABSOLUTE
    ../clib/printf.c                         0x00000000   Number         0  _printf_intcommon.o ABSOLUTE
    ../clib/printf.c                         0x00000000   Number         0  __printf_ss_wp.o ABSOLUTE
    ../clib/printf.c                         0x00000000   Number         0  _printf_char_common.o ABSOLUTE
    ../clib/printf.c                         0x00000000   Number         0  __printf_flags.o ABSOLUTE
    ../clib/printf.c                         0x00000000   Number         0  __printf_nopercent.o ABSOLUTE
    ../clib/printf.c                         0x00000000   Number         0  __2printf.o ABSOLUTE
    ../clib/printf.c                         0x00000000   Number         0  _printf_fp_dec.o ABSOLUTE
    ../clib/printf.c                         0x00000000   Number         0  __printf_flags_wp.o ABSOLUTE
    ../clib/printf.c                         0x00000000   Number         0  __printf_wp.o ABSOLUTE
    ../clib/printf.c                         0x00000000   Number         0  __2sprintf.o ABSOLUTE
    ../clib/printf.c                         0x00000000   Number         0  __printf_flags_ss.o ABSOLUTE
    ../clib/printf.c                         0x00000000   Number         0  __printf_ss.o ABSOLUTE
    ../clib/printf.c                         0x00000000   Number         0  noretval__2printf.o ABSOLUTE
    ../clib/printf.c                         0x00000000   Number         0  noretval__2sprintf.o ABSOLUTE
    ../clib/printf.c                         0x00000000   Number         0  _printf_str.o ABSOLUTE
    ../clib/printf.c                         0x00000000   Number         0  _printf_hex_int_ll_ptr.o ABSOLUTE
    ../clib/printf.c                         0x00000000   Number         0  __printf.o ABSOLUTE
    ../clib/printf.c                         0x00000000   Number         0  _printf_hex_ll.o ABSOLUTE
    ../clib/printf.c                         0x00000000   Number         0  _printf_hex_int.o ABSOLUTE
    ../clib/printf.c                         0x00000000   Number         0  _printf_fp_infnan.o ABSOLUTE
    ../clib/printf.c                         0x00000000   Number         0  _printf_hex_int_ll.o ABSOLUTE
    ../clib/printf.c                         0x00000000   Number         0  _printf_hex_int_ptr.o ABSOLUTE
    ../clib/printf.c                         0x00000000   Number         0  _printf_hex_ptr.o ABSOLUTE
    ../clib/printf.c                         0x00000000   Number         0  _sputc.o ABSOLUTE
    ../clib/printf.c                         0x00000000   Number         0  _printf_hex_ll_ptr.o ABSOLUTE
    ../clib/printf_percent.s                 0x00000000   Number         0  _printf_f.o ABSOLUTE
    ../clib/printf_percent.s                 0x00000000   Number         0  _printf_percent.o ABSOLUTE
    ../clib/printf_percent.s                 0x00000000   Number         0  _printf_percent_end.o ABSOLUTE
    ../clib/printf_percent.s                 0x00000000   Number         0  _printf_s.o ABSOLUTE
    ../clib/printf_percent.s                 0x00000000   Number         0  _printf_x.o ABSOLUTE
    ../clib/signal.c                         0x00000000   Number         0  defsig_rtmem_formal.o ABSOLUTE
    ../clib/signal.c                         0x00000000   Number         0  defsig_exit.o ABSOLUTE
    ../clib/signal.c                         0x00000000   Number         0  defsig_rtmem_inner.o ABSOLUTE
    ../clib/signal.c                         0x00000000   Number         0  defsig_rtred_inner.o ABSOLUTE
    ../clib/signal.c                         0x00000000   Number         0  defsig_stak_inner.o ABSOLUTE
    ../clib/signal.c                         0x00000000   Number         0  defsig_rtmem_outer.o ABSOLUTE
    ../clib/signal.c                         0x00000000   Number         0  __raise.o ABSOLUTE
    ../clib/signal.c                         0x00000000   Number         0  defsig_general.o ABSOLUTE
    ../clib/signal.c                         0x00000000   Number         0  defsig_pvfn_inner.o ABSOLUTE
    ../clib/signal.c                         0x00000000   Number         0  defsig_segv_inner.o ABSOLUTE
    ../clib/signal.c                         0x00000000   Number         0  defsig_abrt_inner.o ABSOLUTE
    ../clib/signal.c                         0x00000000   Number         0  defsig_fpe_inner.o ABSOLUTE
    ../clib/signal.c                         0x00000000   Number         0  defsig_cppl_inner.o ABSOLUTE
    ../clib/signal.c                         0x00000000   Number         0  defsig_other.o ABSOLUTE
    ../clib/signal.s                         0x00000000   Number         0  defsig.o ABSOLUTE
    ../clib/stdio.c                          0x00000000   Number         0  ferror.o ABSOLUTE
    ../clib/stdio.c                          0x00000000   Number         0  ferror_locked.o ABSOLUTE
    ../clib/stdlib.c                         0x00000000   Number         0  exit.o ABSOLUTE
    ../clib/string.c                         0x00000000   Number         0  strcpy.o ABSOLUTE
    ../fplib/dfixu.s                         0x00000000   Number         0  dfixu.o ABSOLUTE
    ../fplib/dflt.s                          0x00000000   Number         0  dflt_clz.o ABSOLUTE
    ../fplib/dmul.s                          0x00000000   Number         0  dmul.o ABSOLUTE
    ../fplib/dnaninf.s                       0x00000000   Number         0  dnaninf.o ABSOLUTE
    ../fplib/dretinf.s                       0x00000000   Number         0  dretinf.o ABSOLUTE
    ../fplib/f2d.s                           0x00000000   Number         0  f2d.o ABSOLUTE
    ../fplib/fdiv.s                          0x00000000   Number         0  fdiv.o ABSOLUTE
    ../fplib/ffix.s                          0x00000000   Number         0  ffix.o ABSOLUTE
    ../fplib/fflt.s                          0x00000000   Number         0  fflt_clz.o ABSOLUTE
    ../fplib/fmul.s                          0x00000000   Number         0  fmul.o ABSOLUTE
    ../fplib/fnaninf.s                       0x00000000   Number         0  fnaninf.o ABSOLUTE
    ../fplib/fpinit.s                        0x00000000   Number         0  fpinit.o ABSOLUTE
    ../fplib/fretinf.s                       0x00000000   Number         0  fretinf.o ABSOLUTE
    ../fplib/istatus.s                       0x00000000   Number         0  istatus.o ABSOLUTE
    ../fplib/printf1.s                       0x00000000   Number         0  printf1.o ABSOLUTE
    ../fplib/usenofp.s                       0x00000000   Number         0  usenofp.o ABSOLUTE
    ../mathlib/fpclassify.c                  0x00000000   Number         0  fpclassify.o ABSOLUTE
    ..\CORE\core_cm3.c                       0x00000000   Number         0  core_cm3.o ABSOLUTE
    ..\CORE\startup_stm32f10x_md.s           0x00000000   Number         0  startup_stm32f10x_md.o ABSOLUTE
    ..\HARDWARE\KEY\key.c                    0x00000000   Number         0  key.o ABSOLUTE
    ..\HARDWARE\LCD\lcd.c                    0x00000000   Number         0  lcd.o ABSOLUTE
    ..\HARDWARE\LED\led.c                    0x00000000   Number         0  led.o ABSOLUTE
    ..\STM32F10x_FWLib\src\misc.c            0x00000000   Number         0  misc.o ABSOLUTE
    ..\STM32F10x_FWLib\src\stm32f10x_adc.c   0x00000000   Number         0  stm32f10x_adc.o ABSOLUTE
    ..\STM32F10x_FWLib\src\stm32f10x_bkp.c   0x00000000   Number         0  stm32f10x_bkp.o ABSOLUTE
    ..\STM32F10x_FWLib\src\stm32f10x_can.c   0x00000000   Number         0  stm32f10x_can.o ABSOLUTE
    ..\STM32F10x_FWLib\src\stm32f10x_cec.c   0x00000000   Number         0  stm32f10x_cec.o ABSOLUTE
    ..\STM32F10x_FWLib\src\stm32f10x_crc.c   0x00000000   Number         0  stm32f10x_crc.o ABSOLUTE
    ..\STM32F10x_FWLib\src\stm32f10x_dac.c   0x00000000   Number         0  stm32f10x_dac.o ABSOLUTE
    ..\STM32F10x_FWLib\src\stm32f10x_dbgmcu.c 0x00000000   Number         0  stm32f10x_dbgmcu.o ABSOLUTE
    ..\STM32F10x_FWLib\src\stm32f10x_dma.c   0x00000000   Number         0  stm32f10x_dma.o ABSOLUTE
    ..\STM32F10x_FWLib\src\stm32f10x_exti.c  0x00000000   Number         0  stm32f10x_exti.o ABSOLUTE
    ..\STM32F10x_FWLib\src\stm32f10x_flash.c 0x00000000   Number         0  stm32f10x_flash.o ABSOLUTE
    ..\STM32F10x_FWLib\src\stm32f10x_fsmc.c  0x00000000   Number         0  stm32f10x_fsmc.o ABSOLUTE
    ..\STM32F10x_FWLib\src\stm32f10x_gpio.c  0x00000000   Number         0  stm32f10x_gpio.o ABSOLUTE
    ..\STM32F10x_FWLib\src\stm32f10x_i2c.c   0x00000000   Number         0  stm32f10x_i2c.o ABSOLUTE
    ..\STM32F10x_FWLib\src\stm32f10x_iwdg.c  0x00000000   Number         0  stm32f10x_iwdg.o ABSOLUTE
    ..\STM32F10x_FWLib\src\stm32f10x_pwr.c   0x00000000   Number         0  stm32f10x_pwr.o ABSOLUTE
    ..\STM32F10x_FWLib\src\stm32f10x_rcc.c   0x00000000   Number         0  stm32f10x_rcc.o ABSOLUTE
    ..\STM32F10x_FWLib\src\stm32f10x_rtc.c   0x00000000   Number         0  stm32f10x_rtc.o ABSOLUTE
    ..\STM32F10x_FWLib\src\stm32f10x_sdio.c  0x00000000   Number         0  stm32f10x_sdio.o ABSOLUTE
    ..\STM32F10x_FWLib\src\stm32f10x_spi.c   0x00000000   Number         0  stm32f10x_spi.o ABSOLUTE
    ..\STM32F10x_FWLib\src\stm32f10x_tim.c   0x00000000   Number         0  stm32f10x_tim.o ABSOLUTE
    ..\STM32F10x_FWLib\src\stm32f10x_usart.c 0x00000000   Number         0  stm32f10x_usart.o ABSOLUTE
    ..\STM32F10x_FWLib\src\stm32f10x_wwdg.c  0x00000000   Number         0  stm32f10x_wwdg.o ABSOLUTE
    ..\SYSTEM\DHT11\dht11.c                  0x00000000   Number         0  dht11.o ABSOLUTE
    ..\SYSTEM\IIC\algorithm.c                0x00000000   Number         0  algorithm.o ABSOLUTE
    ..\SYSTEM\IIC\max30102.c                 0x00000000   Number         0  max30102.o ABSOLUTE
    ..\SYSTEM\IIC\myiic.c                    0x00000000   Number         0  myiic.o ABSOLUTE
    ..\SYSTEM\delay\delay.c                  0x00000000   Number         0  delay.o ABSOLUTE
    ..\SYSTEM\gprs\gprs.c                    0x00000000   Number         0  gprs.o ABSOLUTE
    ..\SYSTEM\sys\sys.c                      0x00000000   Number         0  sys.o ABSOLUTE
    ..\SYSTEM\usart\usart.c                  0x00000000   Number         0  usart.o ABSOLUTE
    ..\\CORE\\core_cm3.c                     0x00000000   Number         0  core_cm3.o ABSOLUTE
    ..\\SYSTEM\\sys\\sys.c                   0x00000000   Number         0  sys.o ABSOLUTE
    dc.s                                     0x00000000   Number         0  dc.o ABSOLUTE
    main.c                                   0x00000000   Number         0  main.o ABSOLUTE
    stm32f10x_it.c                           0x00000000   Number         0  stm32f10x_it.o ABSOLUTE
    system_stm32f10x.c                       0x00000000   Number         0  system_stm32f10x.o ABSOLUTE
    RESET                                    0x08000000   Section      236  startup_stm32f10x_md.o(RESET)
    !!!main                                  0x080000ec   Section        8  __main.o(!!!main)
    !!!scatter                               0x080000f4   Section       52  __scatter.o(!!!scatter)
    !!handler_copy                           0x08000128   Section       26  __scatter_copy.o(!!handler_copy)
    !!handler_zi                             0x08000144   Section       28  __scatter_zi.o(!!handler_zi)
    .ARM.Collect$$_printf_percent$$00000000  0x08000160   Section        0  _printf_percent.o(.ARM.Collect$$_printf_percent$$00000000)
    .ARM.Collect$$_printf_percent$$00000003  0x08000160   Section        6  _printf_f.o(.ARM.Collect$$_printf_percent$$00000003)
    .ARM.Collect$$_printf_percent$$00000014  0x08000166   Section        6  _printf_s.o(.ARM.Collect$$_printf_percent$$00000014)
    .ARM.Collect$$_printf_percent$$00000017  0x0800016c   Section        4  _printf_percent_end.o(.ARM.Collect$$_printf_percent$$00000017)
    .ARM.Collect$$libinit$$00000000          0x08000170   Section        2  libinit.o(.ARM.Collect$$libinit$$00000000)
    .ARM.Collect$$libinit$$00000002          0x08000172   Section        0  libinit2.o(.ARM.Collect$$libinit$$00000002)
    .ARM.Collect$$libinit$$00000004          0x08000172   Section        0  libinit2.o(.ARM.Collect$$libinit$$00000004)
    .ARM.Collect$$libinit$$0000000A          0x08000172   Section        0  libinit2.o(.ARM.Collect$$libinit$$0000000A)
    .ARM.Collect$$libinit$$0000000C          0x08000172   Section        0  libinit2.o(.ARM.Collect$$libinit$$0000000C)
    .ARM.Collect$$libinit$$0000000E          0x08000172   Section        0  libinit2.o(.ARM.Collect$$libinit$$0000000E)
    .ARM.Collect$$libinit$$0000000F          0x08000172   Section        6  libinit2.o(.ARM.Collect$$libinit$$0000000F)
    .ARM.Collect$$libinit$$00000011          0x08000178   Section        0  libinit2.o(.ARM.Collect$$libinit$$00000011)
    .ARM.Collect$$libinit$$00000013          0x08000178   Section        0  libinit2.o(.ARM.Collect$$libinit$$00000013)
    .ARM.Collect$$libinit$$00000015          0x08000178   Section        0  libinit2.o(.ARM.Collect$$libinit$$00000015)
    .ARM.Collect$$libinit$$00000016          0x08000178   Section       10  libinit2.o(.ARM.Collect$$libinit$$00000016)
    .ARM.Collect$$libinit$$00000017          0x08000182   Section        0  libinit2.o(.ARM.Collect$$libinit$$00000017)
    .ARM.Collect$$libinit$$00000019          0x08000182   Section        0  libinit2.o(.ARM.Collect$$libinit$$00000019)
    .ARM.Collect$$libinit$$0000001B          0x08000182   Section        0  libinit2.o(.ARM.Collect$$libinit$$0000001B)
    .ARM.Collect$$libinit$$0000001D          0x08000182   Section        0  libinit2.o(.ARM.Collect$$libinit$$0000001D)
    .ARM.Collect$$libinit$$0000001F          0x08000182   Section        0  libinit2.o(.ARM.Collect$$libinit$$0000001F)
    .ARM.Collect$$libinit$$00000021          0x08000182   Section        0  libinit2.o(.ARM.Collect$$libinit$$00000021)
    .ARM.Collect$$libinit$$00000023          0x08000182   Section        0  libinit2.o(.ARM.Collect$$libinit$$00000023)
    .ARM.Collect$$libinit$$00000025          0x08000182   Section        0  libinit2.o(.ARM.Collect$$libinit$$00000025)
    .ARM.Collect$$libinit$$0000002C          0x08000182   Section        0  libinit2.o(.ARM.Collect$$libinit$$0000002C)
    .ARM.Collect$$libinit$$0000002E          0x08000182   Section        0  libinit2.o(.ARM.Collect$$libinit$$0000002E)
    .ARM.Collect$$libinit$$00000030          0x08000182   Section        0  libinit2.o(.ARM.Collect$$libinit$$00000030)
    .ARM.Collect$$libinit$$00000032          0x08000182   Section        0  libinit2.o(.ARM.Collect$$libinit$$00000032)
    .ARM.Collect$$libinit$$00000033          0x08000182   Section        2  libinit2.o(.ARM.Collect$$libinit$$00000033)
    .ARM.Collect$$libshutdown$$00000000      0x08000184   Section        2  libshutdown.o(.ARM.Collect$$libshutdown$$00000000)
    .ARM.Collect$$libshutdown$$00000003      0x08000186   Section        0  libshutdown2.o(.ARM.Collect$$libshutdown$$00000003)
    .ARM.Collect$$libshutdown$$00000006      0x08000186   Section        0  libshutdown2.o(.ARM.Collect$$libshutdown$$00000006)
    .ARM.Collect$$libshutdown$$00000009      0x08000186   Section        0  libshutdown2.o(.ARM.Collect$$libshutdown$$00000009)
    .ARM.Collect$$libshutdown$$0000000B      0x08000186   Section        0  libshutdown2.o(.ARM.Collect$$libshutdown$$0000000B)
    .ARM.Collect$$libshutdown$$0000000E      0x08000186   Section        0  libshutdown2.o(.ARM.Collect$$libshutdown$$0000000E)
    .ARM.Collect$$libshutdown$$0000000F      0x08000186   Section        2  libshutdown2.o(.ARM.Collect$$libshutdown$$0000000F)
    .ARM.Collect$$rtentry$$00000000          0x08000188   Section        0  __rtentry.o(.ARM.Collect$$rtentry$$00000000)
    .ARM.Collect$$rtentry$$00000002          0x08000188   Section        0  __rtentry2.o(.ARM.Collect$$rtentry$$00000002)
    .ARM.Collect$$rtentry$$00000004          0x08000188   Section        6  __rtentry4.o(.ARM.Collect$$rtentry$$00000004)
    .ARM.Collect$$rtentry$$00000009          0x0800018e   Section        0  __rtentry2.o(.ARM.Collect$$rtentry$$00000009)
    .ARM.Collect$$rtentry$$0000000A          0x0800018e   Section        4  __rtentry2.o(.ARM.Collect$$rtentry$$0000000A)
    .ARM.Collect$$rtentry$$0000000C          0x08000192   Section        0  __rtentry2.o(.ARM.Collect$$rtentry$$0000000C)
    .ARM.Collect$$rtentry$$0000000D          0x08000192   Section        8  __rtentry2.o(.ARM.Collect$$rtentry$$0000000D)
    .ARM.Collect$$rtexit$$00000000           0x0800019a   Section        2  rtexit.o(.ARM.Collect$$rtexit$$00000000)
    .ARM.Collect$$rtexit$$00000002           0x0800019c   Section        0  rtexit2.o(.ARM.Collect$$rtexit$$00000002)
    .ARM.Collect$$rtexit$$00000003           0x0800019c   Section        4  rtexit2.o(.ARM.Collect$$rtexit$$00000003)
    .ARM.Collect$$rtexit$$00000004           0x080001a0   Section        6  rtexit2.o(.ARM.Collect$$rtexit$$00000004)
    .text                                    0x080001a8   Section       64  startup_stm32f10x_md.o(.text)
    .text                                    0x080001e8   Section        2  use_no_semi_2.o(.text)
    .text                                    0x080001ec   Section        0  noretval__2sprintf.o(.text)
    .text                                    0x08000214   Section        0  _printf_str.o(.text)
    .text                                    0x08000266   Section        0  __printf_wp.o(.text)
    .text                                    0x08000374   Section        0  strcpy.o(.text)
    .text                                    0x080003bc   Section        0  heapauxi.o(.text)
    .text                                    0x080003c2   Section        2  use_no_semi.o(.text)
    .text                                    0x080003c4   Section        0  _printf_fp_dec.o(.text)
    _fp_digits                               0x080003c7   Thumb Code   428  _printf_fp_dec.o(.text)
    .text                                    0x080007e0   Section        0  _printf_char_common.o(.text)
    _printf_input_char                       0x080007e1   Thumb Code    10  _printf_char_common.o(.text)
    .text                                    0x08000810   Section        0  _sputc.o(.text)
    .text                                    0x0800081a   Section        0  _printf_char.o(.text)
    .text                                    0x08000848   Section        8  rt_locale_intlibspace.o(.text)
    .text                                    0x08000850   Section      138  lludiv10.o(.text)
    .text                                    0x080008dc   Section        0  _printf_fp_infnan.o(.text)
    .text                                    0x0800095c   Section        0  bigflt0.o(.text)
    .text                                    0x08000a38   Section        8  libspace.o(.text)
    .text                                    0x08000a40   Section       74  sys_stackheap_outer.o(.text)
    .text                                    0x08000a8a   Section        0  exit.o(.text)
    .text                                    0x08000a98   Section      128  strcmpv7m.o(.text)
    CL$$btod_d2e                             0x08000b18   Section       62  btod.o(CL$$btod_d2e)
    CL$$btod_d2e_denorm_low                  0x08000b56   Section       70  btod.o(CL$$btod_d2e_denorm_low)
    CL$$btod_d2e_norm_op1                    0x08000b9c   Section       96  btod.o(CL$$btod_d2e_norm_op1)
    CL$$btod_div_common                      0x08000bfc   Section      824  btod.o(CL$$btod_div_common)
    CL$$btod_e2e                             0x08000f34   Section      198  btod.o(CL$$btod_e2e)
    CL$$btod_ediv                            0x08000ffa   Section       40  btod.o(CL$$btod_ediv)
    CL$$btod_emul                            0x08001022   Section       40  btod.o(CL$$btod_emul)
    CL$$btod_mult_common                     0x0800104a   Section      580  btod.o(CL$$btod_mult_common)
    i.BusFault_Handler                       0x0800128e   Section        0  stm32f10x_it.o(i.BusFault_Handler)
    i.DHT11_Read_Bit                         0x08001294   Section        0  dht11.o(i.DHT11_Read_Bit)
    i.DHT11_Read_Byte                        0x080012ec   Section        0  dht11.o(i.DHT11_Read_Byte)
    i.DHT11_Read_Data                        0x0800130c   Section        0  dht11.o(i.DHT11_Read_Data)
    i.DHT11_get                              0x0800136c   Section        0  dht11.o(i.DHT11_get)
    i.DebugMon_Handler                       0x08001414   Section        0  stm32f10x_it.o(i.DebugMon_Handler)
    i.EXTI3_IRQHandler                       0x08001418   Section        0  main.o(i.EXTI3_IRQHandler)
    i.EXTI_ClearITPendingBit                 0x08001450   Section        0  stm32f10x_exti.o(i.EXTI_ClearITPendingBit)
    i.EXTI_GetITStatus                       0x0800145c   Section        0  stm32f10x_exti.o(i.EXTI_GetITStatus)
    i.EXTI_Init                              0x08001484   Section        0  stm32f10x_exti.o(i.EXTI_Init)
    i.GPIO_EXTILineConfig                    0x08001518   Section        0  stm32f10x_gpio.o(i.GPIO_EXTILineConfig)
    i.GPIO_Init                              0x08001558   Section        0  stm32f10x_gpio.o(i.GPIO_Init)
    i.GPIO_ReadInputDataBit                  0x0800166e   Section        0  stm32f10x_gpio.o(i.GPIO_ReadInputDataBit)
    i.GPIO_ResetBits                         0x08001680   Section        0  stm32f10x_gpio.o(i.GPIO_ResetBits)
    i.GPIO_SetBits                           0x08001684   Section        0  stm32f10x_gpio.o(i.GPIO_SetBits)
    i.HardFault_Handler                      0x08001688   Section        0  stm32f10x_it.o(i.HardFault_Handler)
    i.IIC_Ack                                0x0800168c   Section        0  myiic.o(i.IIC_Ack)
    i.IIC_Init                               0x080016dc   Section        0  myiic.o(i.IIC_Init)
    i.IIC_NAck                               0x0800171c   Section        0  myiic.o(i.IIC_NAck)
    i.IIC_Read_Byte                          0x0800176c   Section        0  myiic.o(i.IIC_Read_Byte)
    i.IIC_Send_Byte                          0x080017dc   Section        0  myiic.o(i.IIC_Send_Byte)
    i.IIC_Start                              0x08001844   Section        0  myiic.o(i.IIC_Start)
    i.IIC_Stop                               0x08001890   Section        0  myiic.o(i.IIC_Stop)
    i.IIC_Wait_Ack                           0x080018dc   Section        0  myiic.o(i.IIC_Wait_Ack)
    i.MemManage_Handler                      0x08001940   Section        0  stm32f10x_it.o(i.MemManage_Handler)
    i.NMI_Handler                            0x08001944   Section        0  stm32f10x_it.o(i.NMI_Handler)
    i.NVIC_Init                              0x08001948   Section        0  misc.o(i.NVIC_Init)
    i.NVIC_PriorityGroupConfig               0x080019b8   Section        0  misc.o(i.NVIC_PriorityGroupConfig)
    i.PendSV_Handler                         0x080019cc   Section        0  stm32f10x_it.o(i.PendSV_Handler)
    i.RCC_APB1PeriphClockCmd                 0x080019d0   Section        0  stm32f10x_rcc.o(i.RCC_APB1PeriphClockCmd)
    i.RCC_APB2PeriphClockCmd                 0x080019f0   Section        0  stm32f10x_rcc.o(i.RCC_APB2PeriphClockCmd)
    i.RCC_GetClocksFreq                      0x08001a10   Section        0  stm32f10x_rcc.o(i.RCC_GetClocksFreq)
    i.SVC_Handler                            0x08001ae4   Section        0  stm32f10x_it.o(i.SVC_Handler)
    i.SetSysClock                            0x08001ae6   Section        0  system_stm32f10x.o(i.SetSysClock)
    SetSysClock                              0x08001ae7   Thumb Code     8  system_stm32f10x.o(i.SetSysClock)
    i.SetSysClockTo72                        0x08001af0   Section        0  system_stm32f10x.o(i.SetSysClockTo72)
    SetSysClockTo72                          0x08001af1   Thumb Code   214  system_stm32f10x.o(i.SetSysClockTo72)
    i.SysTick_CLKSourceConfig                0x08001bd0   Section        0  misc.o(i.SysTick_CLKSourceConfig)
    i.SysTick_Handler                        0x08001bf8   Section        0  stm32f10x_it.o(i.SysTick_Handler)
    i.SystemInit                             0x08001bfc   Section        0  system_stm32f10x.o(i.SystemInit)
    i.TIM3_IRQHandler                        0x08001c5c   Section        0  main.o(i.TIM3_IRQHandler)
    i.TIM_ClearITPendingBit                  0x08001d58   Section        0  stm32f10x_tim.o(i.TIM_ClearITPendingBit)
    i.TIM_Cmd                                0x08001d5e   Section        0  stm32f10x_tim.o(i.TIM_Cmd)
    i.TIM_GetITStatus                        0x08001d76   Section        0  stm32f10x_tim.o(i.TIM_GetITStatus)
    i.TIM_ITConfig                           0x08001d98   Section        0  stm32f10x_tim.o(i.TIM_ITConfig)
    i.TIM_TimeBaseInit                       0x08001dac   Section        0  stm32f10x_tim.o(i.TIM_TimeBaseInit)
    i.USART1_IRQHandler                      0x08001e50   Section        0  usart.o(i.USART1_IRQHandler)
    i.USART2_IRQHandler                      0x08001ed8   Section        0  main.o(i.USART2_IRQHandler)
    i.USART_Cmd                              0x08001f0c   Section        0  stm32f10x_usart.o(i.USART_Cmd)
    i.USART_GetFlagStatus                    0x08001f24   Section        0  stm32f10x_usart.o(i.USART_GetFlagStatus)
    i.USART_GetITStatus                      0x08001f3e   Section        0  stm32f10x_usart.o(i.USART_GetITStatus)
    i.USART_ITConfig                         0x08001f92   Section        0  stm32f10x_usart.o(i.USART_ITConfig)
    i.USART_Init                             0x08001fdc   Section        0  stm32f10x_usart.o(i.USART_Init)
    i.USART_ReceiveData                      0x080020b4   Section        0  stm32f10x_usart.o(i.USART_ReceiveData)
    i.USART_SendData                         0x080020be   Section        0  stm32f10x_usart.o(i.USART_SendData)
    i.UsageFault_Handler                     0x080020c6   Section        0  stm32f10x_it.o(i.UsageFault_Handler)
    i.__ARM_fpclassify                       0x080020ca   Section        0  fpclassify.o(i.__ARM_fpclassify)
    i._is_digit                              0x080020f2   Section        0  __printf_wp.o(i._is_digit)
    i._sys_exit                              0x08002100   Section        0  usart.o(i._sys_exit)
    i.delay_init                             0x08002108   Section        0  delay.o(i.delay_init)
    i.delay_ms                               0x08002144   Section        0  delay.o(i.delay_ms)
    i.delay_us                               0x08002180   Section        0  delay.o(i.delay_us)
    i.helpinit                               0x080021bc   Section        0  main.o(i.helpinit)
    i.main                                   0x08002230   Section        0  main.o(i.main)
    i.max30102_Bus_Read                      0x080022c0   Section        0  max30102.o(i.max30102_Bus_Read)
    i.max30102_Bus_Write                     0x08002312   Section        0  max30102.o(i.max30102_Bus_Write)
    i.max30102_FIFO_ReadBytes                0x08002356   Section        0  max30102.o(i.max30102_FIFO_ReadBytes)
    i.max30102_init                          0x080023d8   Section        0  max30102.o(i.max30102_init)
    i.max30102_reset                         0x08002460   Section        0  max30102.o(i.max30102_reset)
    i.max_once                               0x08002474   Section        0  max30102.o(i.max_once)
    i.max_senddat                            0x08002548   Section        0  max30102.o(i.max_senddat)
    i.maxim_find_peaks                       0x08002574   Section        0  algorithm.o(i.maxim_find_peaks)
    i.maxim_get                              0x080025b8   Section        0  max30102.o(i.maxim_get)
    i.maxim_heart_rate_and_oxygen_saturation 0x080027bc   Section        0  algorithm.o(i.maxim_heart_rate_and_oxygen_saturation)
    i.maxim_peaks_above_min_height           0x08002cbc   Section        0  algorithm.o(i.maxim_peaks_above_min_height)
    i.maxim_remove_close_peaks               0x08002d36   Section        0  algorithm.o(i.maxim_remove_close_peaks)
    i.maxim_sort_ascend                      0x08002da8   Section        0  algorithm.o(i.maxim_sort_ascend)
    i.maxim_sort_indices_descend             0x08002dde   Section        0  algorithm.o(i.maxim_sort_indices_descend)
    i.sendmessage                            0x08002e20   Section        0  gprs.o(i.sendmessage)
    i.sendtogprs                             0x08002f6c   Section        0  gprs.o(i.sendtogprs)
    i.sendtoserver                           0x08002f98   Section        0  gprs.o(i.sendtoserver)
    i.tim_init                               0x080031a4   Section        0  main.o(i.tim_init)
    i.uart2_init                             0x08003204   Section        0  main.o(i.uart2_init)
    i.uart_init                              0x0800329c   Section        0  usart.o(i.uart_init)
    locale$$code                             0x0800333c   Section       44  lc_numeric_c.o(locale$$code)
    x$fpl$dretinf                            0x08003368   Section       12  dretinf.o(x$fpl$dretinf)
    x$fpl$f2d                                0x08003374   Section       86  f2d.o(x$fpl$f2d)
    x$fpl$fdiv                               0x080033cc   Section      388  fdiv.o(x$fpl$fdiv)
    _fdiv1                                   0x080033cd   Thumb Code     0  fdiv.o(x$fpl$fdiv)
    x$fpl$ffix                               0x08003550   Section       54  ffix.o(x$fpl$ffix)
    x$fpl$fflt                               0x08003588   Section       48  fflt_clz.o(x$fpl$fflt)
    x$fpl$ffltu                              0x080035b8   Section       38  fflt_clz.o(x$fpl$ffltu)
    x$fpl$fmul                               0x080035e0   Section      258  fmul.o(x$fpl$fmul)
    x$fpl$fnaninf                            0x080036e2   Section      140  fnaninf.o(x$fpl$fnaninf)
    x$fpl$fretinf                            0x0800376e   Section       10  fretinf.o(x$fpl$fretinf)
    x$fpl$printf1                            0x08003778   Section        4  printf1.o(x$fpl$printf1)
    .constdata                               0x0800377c   Section      246  algorithm.o(.constdata)
    x$fpl$usenofp                            0x0800377c   Section        0  usenofp.o(x$fpl$usenofp)
    .constdata                               0x08003874   Section      148  bigflt0.o(.constdata)
    tenpwrs_x                                0x08003874   Data          60  bigflt0.o(.constdata)
    tenpwrs_i                                0x080038b0   Data          64  bigflt0.o(.constdata)
    locale$$data                             0x08003928   Section       28  lc_numeric_c.o(locale$$data)
    __lcnum_c_name                           0x0800392c   Data           2  lc_numeric_c.o(locale$$data)
    __lcnum_c_start                          0x08003934   Data           0  lc_numeric_c.o(locale$$data)
    __lcnum_c_point                          0x08003940   Data           0  lc_numeric_c.o(locale$$data)
    __lcnum_c_thousands                      0x08003942   Data           0  lc_numeric_c.o(locale$$data)
    __lcnum_c_grouping                       0x08003943   Data           0  lc_numeric_c.o(locale$$data)
    __lcnum_c_end                            0x08003944   Data           0  lc_numeric_c.o(locale$$data)
    .data                                    0x20000000   Section       32  main.o(.data)
    .data                                    0x20000020   Section       20  stm32f10x_rcc.o(.data)
    APBAHBPrescTable                         0x20000020   Data          16  stm32f10x_rcc.o(.data)
    ADCPrescTable                            0x20000030   Data           4  stm32f10x_rcc.o(.data)
    .data                                    0x20000034   Section        6  usart.o(.data)
    .data                                    0x2000003a   Section        4  delay.o(.data)
    fac_us                                   0x2000003a   Data           1  delay.o(.data)
    fac_ms                                   0x2000003c   Data           2  delay.o(.data)
    .data                                    0x20000040   Section       18  max30102.o(.data)
    .bss                                     0x20000054   Section      200  usart.o(.bss)
    .bss                                     0x2000011c   Section     5984  algorithm.o(.bss)
    an_dx                                    0x2000011c   Data        1984  algorithm.o(.bss)
    an_x                                     0x200008dc   Data        2000  algorithm.o(.bss)
    an_y                                     0x200010ac   Data        2000  algorithm.o(.bss)
    .bss                                     0x2000187c   Section     4000  max30102.o(.bss)
    .bss                                     0x2000281c   Section       96  libspace.o(.bss)
    HEAP                                     0x20002880   Section      512  startup_stm32f10x_md.o(HEAP)
    Heap_Mem                                 0x20002880   Data         512  startup_stm32f10x_md.o(HEAP)
    STACK                                    0x20002a80   Section     1024  startup_stm32f10x_md.o(STACK)
    Stack_Mem                                0x20002a80   Data        1024  startup_stm32f10x_md.o(STACK)
    __initial_sp                             0x20002e80   Data           0  startup_stm32f10x_md.o(STACK)

    Global Symbols

    Symbol Name                              Value     Ov Type        Size  Object(Section)

    BuildAttributes$$THM_ISAv4$P$D$K$B$S$PE$A:L22UL41UL21$X:L11$S22US41US21$IEEE1$IW$USESV6$~STKCKD$USESV7$~SHL$OTIME$ROPI$IEEEJ$EBA8$UX$STANDARDLIB$REQ8$PRES8$EABIv2 0x00000000   Number         0  anon$$obj.o ABSOLUTE
    __ARM_use_no_argv                        0x00000000   Number         0  main.o ABSOLUTE
    _printf_flags                            0x00000000   Number         0  printf_stubs.o ABSOLUTE
    _printf_return_value                     0x00000000   Number         0  printf_stubs.o ABSOLUTE
    _printf_sizespec                         0x00000000   Number         0  printf_stubs.o ABSOLUTE
    _printf_widthprec                        0x00000000   Number         0  printf_stubs.o ABSOLUTE
    __ARM_exceptions_init                     - Undefined Weak Reference
    __alloca_initialize                       - Undefined Weak Reference
    __arm_preinit_                            - Undefined Weak Reference
    __cpp_initialize__aeabi_                  - Undefined Weak Reference
    __cxa_finalize                            - Undefined Weak Reference
    __sigvec_lookup                           - Undefined Weak Reference
    _atexit_init                              - Undefined Weak Reference
    _call_atexit_fns                          - Undefined Weak Reference
    _clock_init                               - Undefined Weak Reference
    _fp_trap_init                             - Undefined Weak Reference
    _fp_trap_shutdown                         - Undefined Weak Reference
    _get_lc_collate                           - Undefined Weak Reference
    _get_lc_ctype                             - Undefined Weak Reference
    _get_lc_monetary                          - Undefined Weak Reference
    _get_lc_time                              - Undefined Weak Reference
    _getenv_init                              - Undefined Weak Reference
    _handle_redirection                       - Undefined Weak Reference
    _init_alloc                               - Undefined Weak Reference
    _init_user_alloc                          - Undefined Weak Reference
    _initio                                   - Undefined Weak Reference
    _mutex_acquire                            - Undefined Weak Reference
    _mutex_release                            - Undefined Weak Reference
    _printf_mbtowc                            - Undefined Weak Reference
    _printf_post_padding                      - Undefined Weak Reference
    _printf_pre_padding                       - Undefined Weak Reference
    _printf_truncate_unsigned                 - Undefined Weak Reference
    _rand_init                                - Undefined Weak Reference
    _signal_finish                            - Undefined Weak Reference
    _signal_init                              - Undefined Weak Reference
    _terminate_alloc                          - Undefined Weak Reference
    _terminate_user_alloc                     - Undefined Weak Reference
    _terminateio                              - Undefined Weak Reference
    __Vectors_Size                           0x000000ec   Number         0  startup_stm32f10x_md.o ABSOLUTE
    __Vectors                                0x08000000   Data           4  startup_stm32f10x_md.o(RESET)
    __Vectors_End                            0x080000ec   Data           0  startup_stm32f10x_md.o(RESET)
    __main                                   0x080000ed   Thumb Code     8  __main.o(!!!main)
    __scatterload                            0x080000f5   Thumb Code     0  __scatter.o(!!!scatter)
    __scatterload_rt2                        0x080000f5   Thumb Code    44  __scatter.o(!!!scatter)
    __scatterload_rt2_thumb_only             0x080000f5   Thumb Code     0  __scatter.o(!!!scatter)
    __scatterload_null                       0x08000103   Thumb Code     0  __scatter.o(!!!scatter)
    __scatterload_copy                       0x08000129   Thumb Code    26  __scatter_copy.o(!!handler_copy)
    __scatterload_zeroinit                   0x08000145   Thumb Code    28  __scatter_zi.o(!!handler_zi)
    _printf_f                                0x08000161   Thumb Code     0  _printf_f.o(.ARM.Collect$$_printf_percent$$00000003)
    _printf_percent                          0x08000161   Thumb Code     0  _printf_percent.o(.ARM.Collect$$_printf_percent$$00000000)
    _printf_s                                0x08000167   Thumb Code     0  _printf_s.o(.ARM.Collect$$_printf_percent$$00000014)
    _printf_percent_end                      0x0800016d   Thumb Code     0  _printf_percent_end.o(.ARM.Collect$$_printf_percent$$00000017)
    __rt_lib_init                            0x08000171   Thumb Code     0  libinit.o(.ARM.Collect$$libinit$$00000000)
    __rt_lib_init_fp_1                       0x08000173   Thumb Code     0  libinit2.o(.ARM.Collect$$libinit$$00000002)
    __rt_lib_init_heap_1                     0x08000173   Thumb Code     0  libinit2.o(.ARM.Collect$$libinit$$0000000A)
    __rt_lib_init_lc_common                  0x08000173   Thumb Code     0  libinit2.o(.ARM.Collect$$libinit$$0000000F)
    __rt_lib_init_preinit_1                  0x08000173   Thumb Code     0  libinit2.o(.ARM.Collect$$libinit$$00000004)
    __rt_lib_init_rand_1                     0x08000173   Thumb Code     0  libinit2.o(.ARM.Collect$$libinit$$0000000E)
    __rt_lib_init_user_alloc_1               0x08000173   Thumb Code     0  libinit2.o(.ARM.Collect$$libinit$$0000000C)
    __rt_lib_init_lc_collate_1               0x08000179   Thumb Code     0  libinit2.o(.ARM.Collect$$libinit$$00000011)
    __rt_lib_init_lc_ctype_1                 0x08000179   Thumb Code     0  libinit2.o(.ARM.Collect$$libinit$$00000013)
    __rt_lib_init_lc_monetary_1              0x08000179   Thumb Code     0  libinit2.o(.ARM.Collect$$libinit$$00000015)
    __rt_lib_init_lc_numeric_2               0x08000179   Thumb Code     0  libinit2.o(.ARM.Collect$$libinit$$00000016)
    __rt_lib_init_alloca_1                   0x08000183   Thumb Code     0  libinit2.o(.ARM.Collect$$libinit$$0000002E)
    __rt_lib_init_argv_1                     0x08000183   Thumb Code     0  libinit2.o(.ARM.Collect$$libinit$$0000002C)
    __rt_lib_init_atexit_1                   0x08000183   Thumb Code     0  libinit2.o(.ARM.Collect$$libinit$$0000001B)
    __rt_lib_init_clock_1                    0x08000183   Thumb Code     0  libinit2.o(.ARM.Collect$$libinit$$00000021)
    __rt_lib_init_cpp_1                      0x08000183   Thumb Code     0  libinit2.o(.ARM.Collect$$libinit$$00000032)
    __rt_lib_init_exceptions_1               0x08000183   Thumb Code     0  libinit2.o(.ARM.Collect$$libinit$$00000030)
    __rt_lib_init_fp_trap_1                  0x08000183   Thumb Code     0  libinit2.o(.ARM.Collect$$libinit$$0000001F)
    __rt_lib_init_getenv_1                   0x08000183   Thumb Code     0  libinit2.o(.ARM.Collect$$libinit$$00000023)
    __rt_lib_init_lc_numeric_1               0x08000183   Thumb Code     0  libinit2.o(.ARM.Collect$$libinit$$00000017)
    __rt_lib_init_lc_time_1                  0x08000183   Thumb Code     0  libinit2.o(.ARM.Collect$$libinit$$00000019)
    __rt_lib_init_return                     0x08000183   Thumb Code     0  libinit2.o(.ARM.Collect$$libinit$$00000033)
    __rt_lib_init_signal_1                   0x08000183   Thumb Code     0  libinit2.o(.ARM.Collect$$libinit$$0000001D)
    __rt_lib_init_stdio_1                    0x08000183   Thumb Code     0  libinit2.o(.ARM.Collect$$libinit$$00000025)
    __rt_lib_shutdown                        0x08000185   Thumb Code     0  libshutdown.o(.ARM.Collect$$libshutdown$$00000000)
    __rt_lib_shutdown_fp_trap_1              0x08000187   Thumb Code     0  libshutdown2.o(.ARM.Collect$$libshutdown$$00000006)
    __rt_lib_shutdown_heap_1                 0x08000187   Thumb Code     0  libshutdown2.o(.ARM.Collect$$libshutdown$$0000000E)
    __rt_lib_shutdown_return                 0x08000187   Thumb Code     0  libshutdown2.o(.ARM.Collect$$libshutdown$$0000000F)
    __rt_lib_shutdown_signal_1               0x08000187   Thumb Code     0  libshutdown2.o(.ARM.Collect$$libshutdown$$00000009)
    __rt_lib_shutdown_stdio_1                0x08000187   Thumb Code     0  libshutdown2.o(.ARM.Collect$$libshutdown$$00000003)
    __rt_lib_shutdown_user_alloc_1           0x08000187   Thumb Code     0  libshutdown2.o(.ARM.Collect$$libshutdown$$0000000B)
    __rt_entry                               0x08000189   Thumb Code     0  __rtentry.o(.ARM.Collect$$rtentry$$00000000)
    __rt_entry_presh_1                       0x08000189   Thumb Code     0  __rtentry2.o(.ARM.Collect$$rtentry$$00000002)
    __rt_entry_sh                            0x08000189   Thumb Code     0  __rtentry4.o(.ARM.Collect$$rtentry$$00000004)
    __rt_entry_li                            0x0800018f   Thumb Code     0  __rtentry2.o(.ARM.Collect$$rtentry$$0000000A)
    __rt_entry_postsh_1                      0x0800018f   Thumb Code     0  __rtentry2.o(.ARM.Collect$$rtentry$$00000009)
    __rt_entry_main                          0x08000193   Thumb Code     0  __rtentry2.o(.ARM.Collect$$rtentry$$0000000D)
    __rt_entry_postli_1                      0x08000193   Thumb Code     0  __rtentry2.o(.ARM.Collect$$rtentry$$0000000C)
    __rt_exit                                0x0800019b   Thumb Code     0  rtexit.o(.ARM.Collect$$rtexit$$00000000)
    __rt_exit_ls                             0x0800019d   Thumb Code     0  rtexit2.o(.ARM.Collect$$rtexit$$00000003)
    __rt_exit_prels_1                        0x0800019d   Thumb Code     0  rtexit2.o(.ARM.Collect$$rtexit$$00000002)
    __rt_exit_exit                           0x080001a1   Thumb Code     0  rtexit2.o(.ARM.Collect$$rtexit$$00000004)
    Reset_Handler                            0x080001a9   Thumb Code     8  startup_stm32f10x_md.o(.text)
    ADC1_2_IRQHandler                        0x080001c3   Thumb Code     0  startup_stm32f10x_md.o(.text)
    CAN1_RX1_IRQHandler                      0x080001c3   Thumb Code     0  startup_stm32f10x_md.o(.text)
    CAN1_SCE_IRQHandler                      0x080001c3   Thumb Code     0  startup_stm32f10x_md.o(.text)
    DMA1_Channel1_IRQHandler                 0x080001c3   Thumb Code     0  startup_stm32f10x_md.o(.text)
    DMA1_Channel2_IRQHandler                 0x080001c3   Thumb Code     0  startup_stm32f10x_md.o(.text)
    DMA1_Channel3_IRQHandler                 0x080001c3   Thumb Code     0  startup_stm32f10x_md.o(.text)
    DMA1_Channel4_IRQHandler                 0x080001c3   Thumb Code     0  startup_stm32f10x_md.o(.text)
    DMA1_Channel5_IRQHandler                 0x080001c3   Thumb Code     0  startup_stm32f10x_md.o(.text)
    DMA1_Channel6_IRQHandler                 0x080001c3   Thumb Code     0  startup_stm32f10x_md.o(.text)
    DMA1_Channel7_IRQHandler                 0x080001c3   Thumb Code     0  startup_stm32f10x_md.o(.text)
    EXTI0_IRQHandler                         0x080001c3   Thumb Code     0  startup_stm32f10x_md.o(.text)
    EXTI15_10_IRQHandler                     0x080001c3   Thumb Code     0  startup_stm32f10x_md.o(.text)
    EXTI1_IRQHandler                         0x080001c3   Thumb Code     0  startup_stm32f10x_md.o(.text)
    EXTI2_IRQHandler                         0x080001c3   Thumb Code     0  startup_stm32f10x_md.o(.text)
    EXTI4_IRQHandler                         0x080001c3   Thumb Code     0  startup_stm32f10x_md.o(.text)
    EXTI9_5_IRQHandler                       0x080001c3   Thumb Code     0  startup_stm32f10x_md.o(.text)
    FLASH_IRQHandler                         0x080001c3   Thumb Code     0  startup_stm32f10x_md.o(.text)
    I2C1_ER_IRQHandler                       0x080001c3   Thumb Code     0  startup_stm32f10x_md.o(.text)
    I2C1_EV_IRQHandler                       0x080001c3   Thumb Code     0  startup_stm32f10x_md.o(.text)
    I2C2_ER_IRQHandler                       0x080001c3   Thumb Code     0  startup_stm32f10x_md.o(.text)
    I2C2_EV_IRQHandler                       0x080001c3   Thumb Code     0  startup_stm32f10x_md.o(.text)
    PVD_IRQHandler                           0x080001c3   Thumb Code     0  startup_stm32f10x_md.o(.text)
    RCC_IRQHandler                           0x080001c3   Thumb Code     0  startup_stm32f10x_md.o(.text)
    RTCAlarm_IRQHandler                      0x080001c3   Thumb Code     0  startup_stm32f10x_md.o(.text)
    RTC_IRQHandler                           0x080001c3   Thumb Code     0  startup_stm32f10x_md.o(.text)
    SPI1_IRQHandler                          0x080001c3   Thumb Code     0  startup_stm32f10x_md.o(.text)
    SPI2_IRQHandler                          0x080001c3   Thumb Code     0  startup_stm32f10x_md.o(.text)
    TAMPER_IRQHandler                        0x080001c3   Thumb Code     0  startup_stm32f10x_md.o(.text)
    TIM1_BRK_IRQHandler                      0x080001c3   Thumb Code     0  startup_stm32f10x_md.o(.text)
    TIM1_CC_IRQHandler                       0x080001c3   Thumb Code     0  startup_stm32f10x_md.o(.text)
    TIM1_TRG_COM_IRQHandler                  0x080001c3   Thumb Code     0  startup_stm32f10x_md.o(.text)
    TIM1_UP_IRQHandler                       0x080001c3   Thumb Code     0  startup_stm32f10x_md.o(.text)
    TIM2_IRQHandler                          0x080001c3   Thumb Code     0  startup_stm32f10x_md.o(.text)
    TIM4_IRQHandler                          0x080001c3   Thumb Code     0  startup_stm32f10x_md.o(.text)
    USART3_IRQHandler                        0x080001c3   Thumb Code     0  startup_stm32f10x_md.o(.text)
    USBWakeUp_IRQHandler                     0x080001c3   Thumb Code     0  startup_stm32f10x_md.o(.text)
    USB_HP_CAN1_TX_IRQHandler                0x080001c3   Thumb Code     0  startup_stm32f10x_md.o(.text)
    USB_LP_CAN1_RX0_IRQHandler               0x080001c3   Thumb Code     0  startup_stm32f10x_md.o(.text)
    WWDG_IRQHandler                          0x080001c3   Thumb Code     0  startup_stm32f10x_md.o(.text)
    __user_initial_stackheap                 0x080001c5   Thumb Code     0  startup_stm32f10x_md.o(.text)
    __use_no_semihosting                     0x080001e9   Thumb Code     2  use_no_semi_2.o(.text)
    __2sprintf                               0x080001ed   Thumb Code    34  noretval__2sprintf.o(.text)
    _printf_str                              0x08000215   Thumb Code    82  _printf_str.o(.text)
    __printf                                 0x08000267   Thumb Code   270  __printf_wp.o(.text)
    strcpy                                   0x08000375   Thumb Code    72  strcpy.o(.text)
    __use_two_region_memory                  0x080003bd   Thumb Code     2  heapauxi.o(.text)
    __rt_heap_escrow$2region                 0x080003bf   Thumb Code     2  heapauxi.o(.text)
    __rt_heap_expand$2region                 0x080003c1   Thumb Code     2  heapauxi.o(.text)
    __I$use$semihosting                      0x080003c3   Thumb Code     0  use_no_semi.o(.text)
    __use_no_semihosting_swi                 0x080003c3   Thumb Code     2  use_no_semi.o(.text)
    __lib_sel_fp_printf                      0x080003c5   Thumb Code     2  _printf_fp_dec.o(.text)
    _printf_fp_dec_real                      0x08000573   Thumb Code   620  _printf_fp_dec.o(.text)
    _printf_char_common                      0x080007eb   Thumb Code    32  _printf_char_common.o(.text)
    _sputc                                   0x08000811   Thumb Code    10  _sputc.o(.text)
    _printf_cs_common                        0x0800081b   Thumb Code    20  _printf_char.o(.text)
    _printf_char                             0x0800082f   Thumb Code    16  _printf_char.o(.text)
    _printf_string                           0x0800083f   Thumb Code     8  _printf_char.o(.text)
    __rt_locale                              0x08000849   Thumb Code     8  rt_locale_intlibspace.o(.text)
    _ll_udiv10                               0x08000851   Thumb Code   138  lludiv10.o(.text)
    _printf_fp_infnan                        0x080008dd   Thumb Code   112  _printf_fp_infnan.o(.text)
    _btod_etento                             0x0800095d   Thumb Code   216  bigflt0.o(.text)
    __user_libspace                          0x08000a39   Thumb Code     8  libspace.o(.text)
    __user_perproc_libspace                  0x08000a39   Thumb Code     0  libspace.o(.text)
    __user_perthread_libspace                0x08000a39   Thumb Code     0  libspace.o(.text)
    __user_setup_stackheap                   0x08000a41   Thumb Code    74  sys_stackheap_outer.o(.text)
    exit                                     0x08000a8b   Thumb Code    12  exit.o(.text)
    strcmp                                   0x08000a99   Thumb Code   128  strcmpv7m.o(.text)
    _btod_d2e                                0x08000b19   Thumb Code    62  btod.o(CL$$btod_d2e)
    _d2e_denorm_low                          0x08000b57   Thumb Code    70  btod.o(CL$$btod_d2e_denorm_low)
    _d2e_norm_op1                            0x08000b9d   Thumb Code    96  btod.o(CL$$btod_d2e_norm_op1)
    __btod_div_common                        0x08000bfd   Thumb Code   696  btod.o(CL$$btod_div_common)
    _e2e                                     0x08000f35   Thumb Code   198  btod.o(CL$$btod_e2e)
    _btod_ediv                               0x08000ffb   Thumb Code    40  btod.o(CL$$btod_ediv)
    _btod_emul                               0x08001023   Thumb Code    40  btod.o(CL$$btod_emul)
    __btod_mult_common                       0x0800104b   Thumb Code   580  btod.o(CL$$btod_mult_common)
    BusFault_Handler                         0x0800128f   Thumb Code     4  stm32f10x_it.o(i.BusFault_Handler)
    DHT11_Read_Bit                           0x08001295   Thumb Code    82  dht11.o(i.DHT11_Read_Bit)
    DHT11_Read_Byte                          0x080012ed   Thumb Code    30  dht11.o(i.DHT11_Read_Byte)
    DHT11_Read_Data                          0x0800130d   Thumb Code    92  dht11.o(i.DHT11_Read_Data)
    DHT11_get                                0x0800136d   Thumb Code   162  dht11.o(i.DHT11_get)
    DebugMon_Handler                         0x08001415   Thumb Code     2  stm32f10x_it.o(i.DebugMon_Handler)
    EXTI3_IRQHandler                         0x08001419   Thumb Code    46  main.o(i.EXTI3_IRQHandler)
    EXTI_ClearITPendingBit                   0x08001451   Thumb Code     6  stm32f10x_exti.o(i.EXTI_ClearITPendingBit)
    EXTI_GetITStatus                         0x0800145d   Thumb Code    34  stm32f10x_exti.o(i.EXTI_GetITStatus)
    EXTI_Init                                0x08001485   Thumb Code   142  stm32f10x_exti.o(i.EXTI_Init)
    GPIO_EXTILineConfig                      0x08001519   Thumb Code    60  stm32f10x_gpio.o(i.GPIO_EXTILineConfig)
    GPIO_Init                                0x08001559   Thumb Code   278  stm32f10x_gpio.o(i.GPIO_Init)
    GPIO_ReadInputDataBit                    0x0800166f   Thumb Code    18  stm32f10x_gpio.o(i.GPIO_ReadInputDataBit)
    GPIO_ResetBits                           0x08001681   Thumb Code     4  stm32f10x_gpio.o(i.GPIO_ResetBits)
    GPIO_SetBits                             0x08001685   Thumb Code     4  stm32f10x_gpio.o(i.GPIO_SetBits)
    HardFault_Handler                        0x08001689   Thumb Code     4  stm32f10x_it.o(i.HardFault_Handler)
    IIC_Ack                                  0x0800168d   Thumb Code    66  myiic.o(i.IIC_Ack)
    IIC_Init                                 0x080016dd   Thumb Code    52  myiic.o(i.IIC_Init)
    IIC_NAck                                 0x0800171d   Thumb Code    66  myiic.o(i.IIC_NAck)
    IIC_Read_Byte                            0x0800176d   Thumb Code    98  myiic.o(i.IIC_Read_Byte)
    IIC_Send_Byte                            0x080017dd   Thumb Code    90  myiic.o(i.IIC_Send_Byte)
    IIC_Start                                0x08001845   Thumb Code    64  myiic.o(i.IIC_Start)
    IIC_Stop                                 0x08001891   Thumb Code    62  myiic.o(i.IIC_Stop)
    IIC_Wait_Ack                             0x080018dd   Thumb Code    86  myiic.o(i.IIC_Wait_Ack)
    MemManage_Handler                        0x08001941   Thumb Code     4  stm32f10x_it.o(i.MemManage_Handler)
    NMI_Handler                              0x08001945   Thumb Code     2  stm32f10x_it.o(i.NMI_Handler)
    NVIC_Init                                0x08001949   Thumb Code   100  misc.o(i.NVIC_Init)
    NVIC_PriorityGroupConfig                 0x080019b9   Thumb Code    10  misc.o(i.NVIC_PriorityGroupConfig)
    PendSV_Handler                           0x080019cd   Thumb Code     2  stm32f10x_it.o(i.PendSV_Handler)
    RCC_APB1PeriphClockCmd                   0x080019d1   Thumb Code    26  stm32f10x_rcc.o(i.RCC_APB1PeriphClockCmd)
    RCC_APB2PeriphClockCmd                   0x080019f1   Thumb Code    26  stm32f10x_rcc.o(i.RCC_APB2PeriphClockCmd)
    RCC_GetClocksFreq                        0x08001a11   Thumb Code   192  stm32f10x_rcc.o(i.RCC_GetClocksFreq)
    SVC_Handler                              0x08001ae5   Thumb Code     2  stm32f10x_it.o(i.SVC_Handler)
    SysTick_CLKSourceConfig                  0x08001bd1   Thumb Code    40  misc.o(i.SysTick_CLKSourceConfig)
    SysTick_Handler                          0x08001bf9   Thumb Code     2  stm32f10x_it.o(i.SysTick_Handler)
    SystemInit                               0x08001bfd   Thumb Code    78  system_stm32f10x.o(i.SystemInit)
    TIM3_IRQHandler                          0x08001c5d   Thumb Code   166  main.o(i.TIM3_IRQHandler)
    TIM_ClearITPendingBit                    0x08001d59   Thumb Code     6  stm32f10x_tim.o(i.TIM_ClearITPendingBit)
    TIM_Cmd                                  0x08001d5f   Thumb Code    24  stm32f10x_tim.o(i.TIM_Cmd)
    TIM_GetITStatus                          0x08001d77   Thumb Code    34  stm32f10x_tim.o(i.TIM_GetITStatus)
    TIM_ITConfig                             0x08001d99   Thumb Code    18  stm32f10x_tim.o(i.TIM_ITConfig)
    TIM_TimeBaseInit                         0x08001dad   Thumb Code   122  stm32f10x_tim.o(i.TIM_TimeBaseInit)
    USART1_IRQHandler                        0x08001e51   Thumb Code   122  usart.o(i.USART1_IRQHandler)
    USART2_IRQHandler                        0x08001ed9   Thumb Code    38  main.o(i.USART2_IRQHandler)
    USART_Cmd                                0x08001f0d   Thumb Code    24  stm32f10x_usart.o(i.USART_Cmd)
    USART_GetFlagStatus                      0x08001f25   Thumb Code    26  stm32f10x_usart.o(i.USART_GetFlagStatus)
    USART_GetITStatus                        0x08001f3f   Thumb Code    84  stm32f10x_usart.o(i.USART_GetITStatus)
    USART_ITConfig                           0x08001f93   Thumb Code    74  stm32f10x_usart.o(i.USART_ITConfig)
    USART_Init                               0x08001fdd   Thumb Code   210  stm32f10x_usart.o(i.USART_Init)
    USART_ReceiveData                        0x080020b5   Thumb Code    10  stm32f10x_usart.o(i.USART_ReceiveData)
    USART_SendData                           0x080020bf   Thumb Code     8  stm32f10x_usart.o(i.USART_SendData)
    UsageFault_Handler                       0x080020c7   Thumb Code     4  stm32f10x_it.o(i.UsageFault_Handler)
    __ARM_fpclassify                         0x080020cb   Thumb Code    40  fpclassify.o(i.__ARM_fpclassify)
    _is_digit                                0x080020f3   Thumb Code    14  __printf_wp.o(i._is_digit)
    _sys_exit                                0x08002101   Thumb Code     6  usart.o(i._sys_exit)
    delay_init                               0x08002109   Thumb Code    52  delay.o(i.delay_init)
    delay_ms                                 0x08002145   Thumb Code    56  delay.o(i.delay_ms)
    delay_us                                 0x08002181   Thumb Code    56  delay.o(i.delay_us)
    helpinit                                 0x080021bd   Thumb Code   110  main.o(i.helpinit)
    main                                     0x08002231   Thumb Code    88  main.o(i.main)
    max30102_Bus_Read                        0x080022c1   Thumb Code    82  max30102.o(i.max30102_Bus_Read)
    max30102_Bus_Write                       0x08002313   Thumb Code    68  max30102.o(i.max30102_Bus_Write)
    max30102_FIFO_ReadBytes                  0x08002357   Thumb Code   128  max30102.o(i.max30102_FIFO_ReadBytes)
    max30102_init                            0x080023d9   Thumb Code   130  max30102.o(i.max30102_init)
    max30102_reset                           0x08002461   Thumb Code    20  max30102.o(i.max30102_reset)
    max_once                                 0x08002475   Thumb Code   176  max30102.o(i.max_once)
    max_senddat                              0x08002549   Thumb Code    38  max30102.o(i.max_senddat)
    maxim_find_peaks                         0x08002575   Thumb Code    66  algorithm.o(i.maxim_find_peaks)
    maxim_get                                0x080025b9   Thumb Code   476  max30102.o(i.maxim_get)
    maxim_heart_rate_and_oxygen_saturation   0x080027bd   Thumb Code  1270  algorithm.o(i.maxim_heart_rate_and_oxygen_saturation)
    maxim_peaks_above_min_height             0x08002cbd   Thumb Code   122  algorithm.o(i.maxim_peaks_above_min_height)
    maxim_remove_close_peaks                 0x08002d37   Thumb Code   114  algorithm.o(i.maxim_remove_close_peaks)
    maxim_sort_ascend                        0x08002da9   Thumb Code    54  algorithm.o(i.maxim_sort_ascend)
    maxim_sort_indices_descend               0x08002ddf   Thumb Code    64  algorithm.o(i.maxim_sort_indices_descend)
    sendmessage                              0x08002e21   Thumb Code   200  gprs.o(i.sendmessage)
    sendtogprs                               0x08002f6d   Thumb Code    38  gprs.o(i.sendtogprs)
    sendtoserver                             0x08002f99   Thumb Code   270  gprs.o(i.sendtoserver)
    tim_init                                 0x080031a5   Thumb Code    92  main.o(i.tim_init)
    uart2_init                               0x08003205   Thumb Code   142  main.o(i.uart2_init)
    uart_init                                0x0800329d   Thumb Code   152  usart.o(i.uart_init)
    _get_lc_numeric                          0x0800333d   Thumb Code    44  lc_numeric_c.o(locale$$code)
    __fpl_dretinf                            0x08003369   Thumb Code    12  dretinf.o(x$fpl$dretinf)
    __aeabi_f2d                              0x08003375   Thumb Code     0  f2d.o(x$fpl$f2d)
    _f2d                                     0x08003375   Thumb Code    86  f2d.o(x$fpl$f2d)
    __aeabi_fdiv                             0x080033cd   Thumb Code     0  fdiv.o(x$fpl$fdiv)
    _fdiv                                    0x080033cd   Thumb Code   384  fdiv.o(x$fpl$fdiv)
    __aeabi_f2iz                             0x08003551   Thumb Code     0  ffix.o(x$fpl$ffix)
    _ffix                                    0x08003551   Thumb Code    54  ffix.o(x$fpl$ffix)
    __aeabi_i2f                              0x08003589   Thumb Code     0  fflt_clz.o(x$fpl$fflt)
    _fflt                                    0x08003589   Thumb Code    48  fflt_clz.o(x$fpl$fflt)
    __aeabi_ui2f                             0x080035b9   Thumb Code     0  fflt_clz.o(x$fpl$ffltu)
    _ffltu                                   0x080035b9   Thumb Code    38  fflt_clz.o(x$fpl$ffltu)
    __aeabi_fmul                             0x080035e1   Thumb Code     0  fmul.o(x$fpl$fmul)
    _fmul                                    0x080035e1   Thumb Code   258  fmul.o(x$fpl$fmul)
    __fpl_fnaninf                            0x080036e3   Thumb Code   140  fnaninf.o(x$fpl$fnaninf)
    __fpl_fretinf                            0x0800376f   Thumb Code    10  fretinf.o(x$fpl$fretinf)
    _printf_fp_dec                           0x08003779   Thumb Code     4  printf1.o(x$fpl$printf1)
    __I$use$fp                               0x0800377c   Number         0  usenofp.o(x$fpl$usenofp)
    auw_hamm                                 0x0800377c   Data          62  algorithm.o(.constdata)
    uch_spo2_table                           0x080037ba   Data         184  algorithm.o(.constdata)
    Region$$Table$$Base                      0x08003908   Number         0  anon$$obj.o(Region$$Table)
    Region$$Table$$Limit                     0x08003928   Number         0  anon$$obj.o(Region$$Table)
    s                                        0x20000000   Data           1  main.o(.data)
    wendu                                    0x20000004   Data           4  main.o(.data)
    shidu                                    0x20000008   Data           4  main.o(.data)
    message                                  0x2000000c   Data           4  main.o(.data)
    rate                                     0x20000010   Data           4  main.o(.data)
    spo2                                     0x20000014   Data           4  main.o(.data)
    jingdu                                   0x20000018   Data           4  main.o(.data)
    weidu                                    0x2000001c   Data           4  main.o(.data)
    __stdout                                 0x20000034   Data           4  usart.o(.data)
    USART_RX_STA                             0x20000038   Data           2  usart.o(.data)
    n_ir_buffer_length                       0x20000040   Data           4  max30102.o(.data)
    n_sp02                                   0x20000044   Data           4  max30102.o(.data)
    ch_spo2_valid                            0x20000048   Data           1  max30102.o(.data)
    n_heart_rate                             0x2000004c   Data           4  max30102.o(.data)
    ch_hr_valid                              0x20000050   Data           1  max30102.o(.data)
    uch_dummy                                0x20000051   Data           1  max30102.o(.data)
    USART_RX_BUF                             0x20000054   Data         200  usart.o(.bss)
    aun_ir_buffer                            0x2000187c   Data        2000  max30102.o(.bss)
    aun_red_buffer                           0x2000204c   Data        2000  max30102.o(.bss)
    __libspace_start                         0x2000281c   Data          96  libspace.o(.bss)
    __temporary_stack_top$libspace           0x2000287c   Data           0  libspace.o(.bss)



==============================================================================

Memory Map of the image

  Image Entry point : 0x080000ed

  Load Region LR_IROM1 (Base: 0x08000000, Size: 0x00003998, Max: 0x00010000, ABSOLUTE)

    Execution Region ER_IROM1 (Exec base: 0x08000000, Load base: 0x08000000, Size: 0x00003944, Max: 0x00010000, ABSOLUTE)

    Exec Addr    Load Addr    Size         Type   Attr      Idx    E Section Name        Object

    0x08000000   0x08000000   0x000000ec   Data   RO          318    RESET               startup_stm32f10x_md.o
    0x080000ec   0x080000ec   0x00000008   Code   RO         3967  * !!!main             c_w.l(__main.o)
    0x080000f4   0x080000f4   0x00000034   Code   RO         4224    !!!scatter          c_w.l(__scatter.o)
    0x08000128   0x08000128   0x0000001a   Code   RO         4226    !!handler_copy      c_w.l(__scatter_copy.o)
    0x08000142   0x08000142   0x00000002   PAD
    0x08000144   0x08000144   0x0000001c   Code   RO         4228    !!handler_zi        c_w.l(__scatter_zi.o)
    0x08000160   0x08000160   0x00000000   Code   RO         3962    .ARM.Collect$$_printf_percent$$00000000  c_w.l(_printf_percent.o)
    0x08000160   0x08000160   0x00000006   Code   RO         3961    .ARM.Collect$$_printf_percent$$00000003  c_w.l(_printf_f.o)
    0x08000166   0x08000166   0x00000006   Code   RO         3959    .ARM.Collect$$_printf_percent$$00000014  c_w.l(_printf_s.o)
    0x0800016c   0x0800016c   0x00000004   Code   RO         4016    .ARM.Collect$$_printf_percent$$00000017  c_w.l(_printf_percent_end.o)
    0x08000170   0x08000170   0x00000002   Code   RO         4102    .ARM.Collect$$libinit$$00000000  c_w.l(libinit.o)
    0x08000172   0x08000172   0x00000000   Code   RO         4104    .ARM.Collect$$libinit$$00000002  c_w.l(libinit2.o)
    0x08000172   0x08000172   0x00000000   Code   RO         4106    .ARM.Collect$$libinit$$00000004  c_w.l(libinit2.o)
    0x08000172   0x08000172   0x00000000   Code   RO         4109    .ARM.Collect$$libinit$$0000000A  c_w.l(libinit2.o)
    0x08000172   0x08000172   0x00000000   Code   RO         4111    .ARM.Collect$$libinit$$0000000C  c_w.l(libinit2.o)
    0x08000172   0x08000172   0x00000000   Code   RO         4113    .ARM.Collect$$libinit$$0000000E  c_w.l(libinit2.o)
    0x08000172   0x08000172   0x00000006   Code   RO         4114    .ARM.Collect$$libinit$$0000000F  c_w.l(libinit2.o)
    0x08000178   0x08000178   0x00000000   Code   RO         4116    .ARM.Collect$$libinit$$00000011  c_w.l(libinit2.o)
    0x08000178   0x08000178   0x00000000   Code   RO         4118    .ARM.Collect$$libinit$$00000013  c_w.l(libinit2.o)
    0x08000178   0x08000178   0x00000000   Code   RO         4120    .ARM.Collect$$libinit$$00000015  c_w.l(libinit2.o)
    0x08000178   0x08000178   0x0000000a   Code   RO         4121    .ARM.Collect$$libinit$$00000016  c_w.l(libinit2.o)
    0x08000182   0x08000182   0x00000000   Code   RO         4122    .ARM.Collect$$libinit$$00000017  c_w.l(libinit2.o)
    0x08000182   0x08000182   0x00000000   Code   RO         4124    .ARM.Collect$$libinit$$00000019  c_w.l(libinit2.o)
    0x08000182   0x08000182   0x00000000   Code   RO         4126    .ARM.Collect$$libinit$$0000001B  c_w.l(libinit2.o)
    0x08000182   0x08000182   0x00000000   Code   RO         4128    .ARM.Collect$$libinit$$0000001D  c_w.l(libinit2.o)
    0x08000182   0x08000182   0x00000000   Code   RO         4130    .ARM.Collect$$libinit$$0000001F  c_w.l(libinit2.o)
    0x08000182   0x08000182   0x00000000   Code   RO         4132    .ARM.Collect$$libinit$$00000021  c_w.l(libinit2.o)
    0x08000182   0x08000182   0x00000000   Code   RO         4134    .ARM.Collect$$libinit$$00000023  c_w.l(libinit2.o)
    0x08000182   0x08000182   0x00000000   Code   RO         4136    .ARM.Collect$$libinit$$00000025  c_w.l(libinit2.o)
    0x08000182   0x08000182   0x00000000   Code   RO         4140    .ARM.Collect$$libinit$$0000002C  c_w.l(libinit2.o)
    0x08000182   0x08000182   0x00000000   Code   RO         4142    .ARM.Collect$$libinit$$0000002E  c_w.l(libinit2.o)
    0x08000182   0x08000182   0x00000000   Code   RO         4144    .ARM.Collect$$libinit$$00000030  c_w.l(libinit2.o)
    0x08000182   0x08000182   0x00000000   Code   RO         4146    .ARM.Collect$$libinit$$00000032  c_w.l(libinit2.o)
    0x08000182   0x08000182   0x00000002   Code   RO         4147    .ARM.Collect$$libinit$$00000033  c_w.l(libinit2.o)
    0x08000184   0x08000184   0x00000002   Code   RO         4175    .ARM.Collect$$libshutdown$$00000000  c_w.l(libshutdown.o)
    0x08000186   0x08000186   0x00000000   Code   RO         4185    .ARM.Collect$$libshutdown$$00000003  c_w.l(libshutdown2.o)
    0x08000186   0x08000186   0x00000000   Code   RO         4188    .ARM.Collect$$libshutdown$$00000006  c_w.l(libshutdown2.o)
    0x08000186   0x08000186   0x00000000   Code   RO         4191    .ARM.Collect$$libshutdown$$00000009  c_w.l(libshutdown2.o)
    0x08000186   0x08000186   0x00000000   Code   RO         4193    .ARM.Collect$$libshutdown$$0000000B  c_w.l(libshutdown2.o)
    0x08000186   0x08000186   0x00000000   Code   RO         4196    .ARM.Collect$$libshutdown$$0000000E  c_w.l(libshutdown2.o)
    0x08000186   0x08000186   0x00000002   Code   RO         4197    .ARM.Collect$$libshutdown$$0000000F  c_w.l(libshutdown2.o)
    0x08000188   0x08000188   0x00000000   Code   RO         4003    .ARM.Collect$$rtentry$$00000000  c_w.l(__rtentry.o)
    0x08000188   0x08000188   0x00000000   Code   RO         4027    .ARM.Collect$$rtentry$$00000002  c_w.l(__rtentry2.o)
    0x08000188   0x08000188   0x00000006   Code   RO         4039    .ARM.Collect$$rtentry$$00000004  c_w.l(__rtentry4.o)
    0x0800018e   0x0800018e   0x00000000   Code   RO         4029    .ARM.Collect$$rtentry$$00000009  c_w.l(__rtentry2.o)
    0x0800018e   0x0800018e   0x00000004   Code   RO         4030    .ARM.Collect$$rtentry$$0000000A  c_w.l(__rtentry2.o)
    0x08000192   0x08000192   0x00000000   Code   RO         4032    .ARM.Collect$$rtentry$$0000000C  c_w.l(__rtentry2.o)
    0x08000192   0x08000192   0x00000008   Code   RO         4033    .ARM.Collect$$rtentry$$0000000D  c_w.l(__rtentry2.o)
    0x0800019a   0x0800019a   0x00000002   Code   RO         4148    .ARM.Collect$$rtexit$$00000000  c_w.l(rtexit.o)
    0x0800019c   0x0800019c   0x00000000   Code   RO         4155    .ARM.Collect$$rtexit$$00000002  c_w.l(rtexit2.o)
    0x0800019c   0x0800019c   0x00000004   Code   RO         4156    .ARM.Collect$$rtexit$$00000003  c_w.l(rtexit2.o)
    0x080001a0   0x080001a0   0x00000006   Code   RO         4157    .ARM.Collect$$rtexit$$00000004  c_w.l(rtexit2.o)
    0x080001a6   0x080001a6   0x00000002   PAD
    0x080001a8   0x080001a8   0x00000040   Code   RO          319    .text               startup_stm32f10x_md.o
    0x080001e8   0x080001e8   0x00000002   Code   RO         3904    .text               c_w.l(use_no_semi_2.o)
    0x080001ea   0x080001ea   0x00000002   PAD
    0x080001ec   0x080001ec   0x00000028   Code   RO         3912    .text               c_w.l(noretval__2sprintf.o)
    0x08000214   0x08000214   0x00000052   Code   RO         3916    .text               c_w.l(_printf_str.o)
    0x08000266   0x08000266   0x0000010e   Code   RO         3947    .text               c_w.l(__printf_wp.o)
    0x08000374   0x08000374   0x00000048   Code   RO         3963    .text               c_w.l(strcpy.o)
    0x080003bc   0x080003bc   0x00000006   Code   RO         3965    .text               c_w.l(heapauxi.o)
    0x080003c2   0x080003c2   0x00000002   Code   RO         4001    .text               c_w.l(use_no_semi.o)
    0x080003c4   0x080003c4   0x0000041a   Code   RO         4006    .text               c_w.l(_printf_fp_dec.o)
    0x080007de   0x080007de   0x00000002   PAD
    0x080007e0   0x080007e0   0x00000030   Code   RO         4008    .text               c_w.l(_printf_char_common.o)
    0x08000810   0x08000810   0x0000000a   Code   RO         4010    .text               c_w.l(_sputc.o)
    0x0800081a   0x0800081a   0x0000002c   Code   RO         4012    .text               c_w.l(_printf_char.o)
    0x08000846   0x08000846   0x00000002   PAD
    0x08000848   0x08000848   0x00000008   Code   RO         4044    .text               c_w.l(rt_locale_intlibspace.o)
    0x08000850   0x08000850   0x0000008a   Code   RO         4046    .text               c_w.l(lludiv10.o)
    0x080008da   0x080008da   0x00000002   PAD
    0x080008dc   0x080008dc   0x00000080   Code   RO         4048    .text               c_w.l(_printf_fp_infnan.o)
    0x0800095c   0x0800095c   0x000000dc   Code   RO         4052    .text               c_w.l(bigflt0.o)
    0x08000a38   0x08000a38   0x00000008   Code   RO         4088    .text               c_w.l(libspace.o)
    0x08000a40   0x08000a40   0x0000004a   Code   RO         4091    .text               c_w.l(sys_stackheap_outer.o)
    0x08000a8a   0x08000a8a   0x0000000c   Code   RO         4093    .text               c_w.l(exit.o)
    0x08000a96   0x08000a96   0x00000002   PAD
    0x08000a98   0x08000a98   0x00000080   Code   RO         4095    .text               c_w.l(strcmpv7m.o)
    0x08000b18   0x08000b18   0x0000003e   Code   RO         4055    CL$$btod_d2e        c_w.l(btod.o)
    0x08000b56   0x08000b56   0x00000046   Code   RO         4057    CL$$btod_d2e_denorm_low  c_w.l(btod.o)
    0x08000b9c   0x08000b9c   0x00000060   Code   RO         4056    CL$$btod_d2e_norm_op1  c_w.l(btod.o)
    0x08000bfc   0x08000bfc   0x00000338   Code   RO         4065    CL$$btod_div_common  c_w.l(btod.o)
    0x08000f34   0x08000f34   0x000000c6   Code   RO         4062    CL$$btod_e2e        c_w.l(btod.o)
    0x08000ffa   0x08000ffa   0x00000028   Code   RO         4059    CL$$btod_ediv       c_w.l(btod.o)
    0x08001022   0x08001022   0x00000028   Code   RO         4058    CL$$btod_emul       c_w.l(btod.o)
    0x0800104a   0x0800104a   0x00000244   Code   RO         4064    CL$$btod_mult_common  c_w.l(btod.o)
    0x0800128e   0x0800128e   0x00000004   Code   RO          182    i.BusFault_Handler  stm32f10x_it.o
    0x08001292   0x08001292   0x00000002   PAD
    0x08001294   0x08001294   0x00000058   Code   RO         3359    i.DHT11_Read_Bit    dht11.o
    0x080012ec   0x080012ec   0x0000001e   Code   RO         3360    i.DHT11_Read_Byte   dht11.o
    0x0800130a   0x0800130a   0x00000002   PAD
    0x0800130c   0x0800130c   0x00000060   Code   RO         3361    i.DHT11_Read_Data   dht11.o
    0x0800136c   0x0800136c   0x000000a8   Code   RO         3362    i.DHT11_get         dht11.o
    0x08001414   0x08001414   0x00000002   Code   RO          183    i.DebugMon_Handler  stm32f10x_it.o
    0x08001416   0x08001416   0x00000002   PAD
    0x08001418   0x08001418   0x00000038   Code   RO            1    i.EXTI3_IRQHandler  main.o
    0x08001450   0x08001450   0x0000000c   Code   RO         1121    i.EXTI_ClearITPendingBit  stm32f10x_exti.o
    0x0800145c   0x0800145c   0x00000028   Code   RO         1125    i.EXTI_GetITStatus  stm32f10x_exti.o
    0x08001484   0x08001484   0x00000094   Code   RO         1126    i.EXTI_Init         stm32f10x_exti.o
    0x08001518   0x08001518   0x00000040   Code   RO         1471    i.GPIO_EXTILineConfig  stm32f10x_gpio.o
    0x08001558   0x08001558   0x00000116   Code   RO         1474    i.GPIO_Init         stm32f10x_gpio.o
    0x0800166e   0x0800166e   0x00000012   Code   RO         1478    i.GPIO_ReadInputDataBit  stm32f10x_gpio.o
    0x08001680   0x08001680   0x00000004   Code   RO         1481    i.GPIO_ResetBits    stm32f10x_gpio.o
    0x08001684   0x08001684   0x00000004   Code   RO         1482    i.GPIO_SetBits      stm32f10x_gpio.o
    0x08001688   0x08001688   0x00000004   Code   RO          184    i.HardFault_Handler  stm32f10x_it.o
    0x0800168c   0x0800168c   0x00000050   Code   RO         3577    i.IIC_Ack           myiic.o
    0x080016dc   0x080016dc   0x00000040   Code   RO         3578    i.IIC_Init          myiic.o
    0x0800171c   0x0800171c   0x00000050   Code   RO         3579    i.IIC_NAck          myiic.o
    0x0800176c   0x0800176c   0x00000070   Code   RO         3581    i.IIC_Read_Byte     myiic.o
    0x080017dc   0x080017dc   0x00000068   Code   RO         3583    i.IIC_Send_Byte     myiic.o
    0x08001844   0x08001844   0x0000004c   Code   RO         3584    i.IIC_Start         myiic.o
    0x08001890   0x08001890   0x0000004c   Code   RO         3585    i.IIC_Stop          myiic.o
    0x080018dc   0x080018dc   0x00000064   Code   RO         3586    i.IIC_Wait_Ack      myiic.o
    0x08001940   0x08001940   0x00000004   Code   RO          185    i.MemManage_Handler  stm32f10x_it.o
    0x08001944   0x08001944   0x00000002   Code   RO          186    i.NMI_Handler       stm32f10x_it.o
    0x08001946   0x08001946   0x00000002   PAD
    0x08001948   0x08001948   0x00000070   Code   RO          323    i.NVIC_Init         misc.o
    0x080019b8   0x080019b8   0x00000014   Code   RO          324    i.NVIC_PriorityGroupConfig  misc.o
    0x080019cc   0x080019cc   0x00000002   Code   RO          187    i.PendSV_Handler    stm32f10x_it.o
    0x080019ce   0x080019ce   0x00000002   PAD
    0x080019d0   0x080019d0   0x00000020   Code   RO         1890    i.RCC_APB1PeriphClockCmd  stm32f10x_rcc.o
    0x080019f0   0x080019f0   0x00000020   Code   RO         1892    i.RCC_APB2PeriphClockCmd  stm32f10x_rcc.o
    0x08001a10   0x08001a10   0x000000d4   Code   RO         1900    i.RCC_GetClocksFreq  stm32f10x_rcc.o
    0x08001ae4   0x08001ae4   0x00000002   Code   RO          188    i.SVC_Handler       stm32f10x_it.o
    0x08001ae6   0x08001ae6   0x00000008   Code   RO          271    i.SetSysClock       system_stm32f10x.o
    0x08001aee   0x08001aee   0x00000002   PAD
    0x08001af0   0x08001af0   0x000000e0   Code   RO          272    i.SetSysClockTo72   system_stm32f10x.o
    0x08001bd0   0x08001bd0   0x00000028   Code   RO          327    i.SysTick_CLKSourceConfig  misc.o
    0x08001bf8   0x08001bf8   0x00000002   Code   RO          189    i.SysTick_Handler   stm32f10x_it.o
    0x08001bfa   0x08001bfa   0x00000002   PAD
    0x08001bfc   0x08001bfc   0x00000060   Code   RO          274    i.SystemInit        system_stm32f10x.o
    0x08001c5c   0x08001c5c   0x000000fc   Code   RO            2    i.TIM3_IRQHandler   main.o
    0x08001d58   0x08001d58   0x00000006   Code   RO         2519    i.TIM_ClearITPendingBit  stm32f10x_tim.o
    0x08001d5e   0x08001d5e   0x00000018   Code   RO         2524    i.TIM_Cmd           stm32f10x_tim.o
    0x08001d76   0x08001d76   0x00000022   Code   RO         2545    i.TIM_GetITStatus   stm32f10x_tim.o
    0x08001d98   0x08001d98   0x00000012   Code   RO         2549    i.TIM_ITConfig      stm32f10x_tim.o
    0x08001daa   0x08001daa   0x00000002   PAD
    0x08001dac   0x08001dac   0x000000a4   Code   RO         2595    i.TIM_TimeBaseInit  stm32f10x_tim.o
    0x08001e50   0x08001e50   0x00000088   Code   RO         3290    i.USART1_IRQHandler  usart.o
    0x08001ed8   0x08001ed8   0x00000034   Code   RO            3    i.USART2_IRQHandler  main.o
    0x08001f0c   0x08001f0c   0x00000018   Code   RO         3060    i.USART_Cmd         stm32f10x_usart.o
    0x08001f24   0x08001f24   0x0000001a   Code   RO         3063    i.USART_GetFlagStatus  stm32f10x_usart.o
    0x08001f3e   0x08001f3e   0x00000054   Code   RO         3064    i.USART_GetITStatus  stm32f10x_usart.o
    0x08001f92   0x08001f92   0x0000004a   Code   RO         3066    i.USART_ITConfig    stm32f10x_usart.o
    0x08001fdc   0x08001fdc   0x000000d8   Code   RO         3067    i.USART_Init        stm32f10x_usart.o
    0x080020b4   0x080020b4   0x0000000a   Code   RO         3074    i.USART_ReceiveData  stm32f10x_usart.o
    0x080020be   0x080020be   0x00000008   Code   RO         3077    i.USART_SendData    stm32f10x_usart.o
    0x080020c6   0x080020c6   0x00000004   Code   RO          190    i.UsageFault_Handler  stm32f10x_it.o
    0x080020ca   0x080020ca   0x00000028   Code   RO         4086    i.__ARM_fpclassify  m_ws.l(fpclassify.o)
    0x080020f2   0x080020f2   0x0000000e   Code   RO         3949    i._is_digit         c_w.l(__printf_wp.o)
    0x08002100   0x08002100   0x00000006   Code   RO         3291    i._sys_exit         usart.o
    0x08002106   0x08002106   0x00000002   PAD
    0x08002108   0x08002108   0x0000003c   Code   RO         3389    i.delay_init        delay.o
    0x08002144   0x08002144   0x0000003c   Code   RO         3390    i.delay_ms          delay.o
    0x08002180   0x08002180   0x0000003c   Code   RO         3391    i.delay_us          delay.o
    0x080021bc   0x080021bc   0x00000074   Code   RO            5    i.helpinit          main.o
    0x08002230   0x08002230   0x00000090   Code   RO            6    i.main              main.o
    0x080022c0   0x080022c0   0x00000052   Code   RO         3495    i.max30102_Bus_Read  max30102.o
    0x08002312   0x08002312   0x00000044   Code   RO         3496    i.max30102_Bus_Write  max30102.o
    0x08002356   0x08002356   0x00000080   Code   RO         3497    i.max30102_FIFO_ReadBytes  max30102.o
    0x080023d6   0x080023d6   0x00000002   PAD
    0x080023d8   0x080023d8   0x00000088   Code   RO         3499    i.max30102_init     max30102.o
    0x08002460   0x08002460   0x00000014   Code   RO         3500    i.max30102_reset    max30102.o
    0x08002474   0x08002474   0x000000d4   Code   RO         3501    i.max_once          max30102.o
    0x08002548   0x08002548   0x0000002c   Code   RO         3502    i.max_senddat       max30102.o
    0x08002574   0x08002574   0x00000042   Code   RO         3449    i.maxim_find_peaks  algorithm.o
    0x080025b6   0x080025b6   0x00000002   PAD
    0x080025b8   0x080025b8   0x00000204   Code   RO         3503    i.maxim_get         max30102.o
    0x080027bc   0x080027bc   0x00000500   Code   RO         3450    i.maxim_heart_rate_and_oxygen_saturation  algorithm.o
    0x08002cbc   0x08002cbc   0x0000007a   Code   RO         3451    i.maxim_peaks_above_min_height  algorithm.o
    0x08002d36   0x08002d36   0x00000072   Code   RO         3452    i.maxim_remove_close_peaks  algorithm.o
    0x08002da8   0x08002da8   0x00000036   Code   RO         3453    i.maxim_sort_ascend  algorithm.o
    0x08002dde   0x08002dde   0x00000040   Code   RO         3454    i.maxim_sort_indices_descend  algorithm.o
    0x08002e1e   0x08002e1e   0x00000002   PAD
    0x08002e20   0x08002e20   0x0000014c   Code   RO         3415    i.sendmessage       gprs.o
    0x08002f6c   0x08002f6c   0x0000002c   Code   RO         3416    i.sendtogprs        gprs.o
    0x08002f98   0x08002f98   0x0000020c   Code   RO         3417    i.sendtoserver      gprs.o
    0x080031a4   0x080031a4   0x00000060   Code   RO            7    i.tim_init          main.o
    0x08003204   0x08003204   0x00000098   Code   RO            8    i.uart2_init        main.o
    0x0800329c   0x0800329c   0x000000a0   Code   RO         3293    i.uart_init         usart.o
    0x0800333c   0x0800333c   0x0000002c   Code   RO         4082    locale$$code        c_w.l(lc_numeric_c.o)
    0x08003368   0x08003368   0x0000000c   Code   RO         4019    x$fpl$dretinf       fz_ws.l(dretinf.o)
    0x08003374   0x08003374   0x00000056   Code   RO         3981    x$fpl$f2d           fz_ws.l(f2d.o)
    0x080033ca   0x080033ca   0x00000002   PAD
    0x080033cc   0x080033cc   0x00000184   Code   RO         3984    x$fpl$fdiv          fz_ws.l(fdiv.o)
    0x08003550   0x08003550   0x00000036   Code   RO         3987    x$fpl$ffix          fz_ws.l(ffix.o)
    0x08003586   0x08003586   0x00000002   PAD
    0x08003588   0x08003588   0x00000030   Code   RO         3992    x$fpl$fflt          fz_ws.l(fflt_clz.o)
    0x080035b8   0x080035b8   0x00000026   Code   RO         3991    x$fpl$ffltu         fz_ws.l(fflt_clz.o)
    0x080035de   0x080035de   0x00000002   PAD
    0x080035e0   0x080035e0   0x00000102   Code   RO         3997    x$fpl$fmul          fz_ws.l(fmul.o)
    0x080036e2   0x080036e2   0x0000008c   Code   RO         4021    x$fpl$fnaninf       fz_ws.l(fnaninf.o)
    0x0800376e   0x0800376e   0x0000000a   Code   RO         4023    x$fpl$fretinf       fz_ws.l(fretinf.o)
    0x08003778   0x08003778   0x00000004   Code   RO         3999    x$fpl$printf1       fz_ws.l(printf1.o)
    0x0800377c   0x0800377c   0x00000000   Code   RO         4025    x$fpl$usenofp       fz_ws.l(usenofp.o)
    0x0800377c   0x0800377c   0x000000f6   Data   RO         3456    .constdata          algorithm.o
    0x08003872   0x08003872   0x00000002   PAD
    0x08003874   0x08003874   0x00000094   Data   RO         4053    .constdata          c_w.l(bigflt0.o)
    0x08003908   0x08003908   0x00000020   Data   RO         4222    Region$$Table       anon$$obj.o
    0x08003928   0x08003928   0x0000001c   Data   RO         4081    locale$$data        c_w.l(lc_numeric_c.o)


    Execution Region RW_IRAM1 (Exec base: 0x20000000, Load base: 0x08003944, Size: 0x00002e80, Max: 0x00005000, ABSOLUTE)

    Exec Addr    Load Addr    Size         Type   Attr      Idx    E Section Name        Object

    0x20000000   0x08003944   0x00000020   Data   RW            9    .data               main.o
    0x20000020   0x08003964   0x00000014   Data   RW         1920    .data               stm32f10x_rcc.o
    0x20000034   0x08003978   0x00000006   Data   RW         3295    .data               usart.o
    0x2000003a   0x0800397e   0x00000004   Data   RW         3392    .data               delay.o
    0x2000003e   0x08003982   0x00000002   PAD
    0x20000040   0x08003984   0x00000012   Data   RW         3508    .data               max30102.o
    0x20000052   0x08003996   0x00000002   PAD
    0x20000054        -       0x000000c8   Zero   RW         3294    .bss                usart.o
    0x2000011c        -       0x00001760   Zero   RW         3455    .bss                algorithm.o
    0x2000187c        -       0x00000fa0   Zero   RW         3507    .bss                max30102.o
    0x2000281c        -       0x00000060   Zero   RW         4089    .bss                c_w.l(libspace.o)
    0x2000287c   0x08003996   0x00000004   PAD
    0x20002880        -       0x00000200   Zero   RW          317    HEAP                startup_stm32f10x_md.o
    0x20002a80        -       0x00000400   Zero   RW          316    STACK               startup_stm32f10x_md.o


==============================================================================

Image component sizes


      Code (inc. data)   RO Data    RW Data    ZI Data      Debug   Object Name

      1700         32        246          0       5984       6941   algorithm.o
         0          0          0          0          0         32   core_cm3.o
       180         16          0          4          0       1603   delay.o
       382         16          0          0          0       2349   dht11.o
       900        392          0          0          0       2110   gprs.o
       868        186          0         32          0     257330   main.o
      1206         88          0         18       4000       6051   max30102.o
       172         22          0          0          0       1937   misc.o
       692        108          0          0          0       3938   myiic.o
        64         26        236          0       1536        776   startup_stm32f10x_md.o
       200         18          0          0          0       1980   stm32f10x_exti.o
       368          4          0          0          0       4070   stm32f10x_gpio.o
        26          0          0          0          0       3446   stm32f10x_it.o
       276         32          0         20          0       4290   stm32f10x_rcc.o
       246         42          0          0          0       3358   stm32f10x_tim.o
       442          6          0          0          0       5861   stm32f10x_usart.o
       328         28          0          0          0       1681   system_stm32f10x.o
       302         22          0          6        200       3456   usart.o

    ----------------------------------------------------------------------
      8376       1038        516         84      11720     311209   Object Totals
         0          0         32          0          0          0   (incl. Generated)
        24          0          2          4          0          0   (incl. Padding)

    ----------------------------------------------------------------------

      Code (inc. data)   RO Data    RW Data    ZI Data      Debug   Library Member Name

         8          0          0          0          0         68   __main.o
       284          0          0          0          0        156   __printf_wp.o
         0          0          0          0          0          0   __rtentry.o
        12          0          0          0          0          0   __rtentry2.o
         6          0          0          0          0          0   __rtentry4.o
        52          8          0          0          0          0   __scatter.o
        26          0          0          0          0          0   __scatter_copy.o
        28          0          0          0          0          0   __scatter_zi.o
        44          0          0          0          0        108   _printf_char.o
        48          6          0          0          0         96   _printf_char_common.o
         6          0          0          0          0          0   _printf_f.o
      1050          0          0          0          0        216   _printf_fp_dec.o
       128         16          0          0          0         84   _printf_fp_infnan.o
         0          0          0          0          0          0   _printf_percent.o
         4          0          0          0          0          0   _printf_percent_end.o
         6          0          0          0          0          0   _printf_s.o
        82          0          0          0          0         80   _printf_str.o
        10          0          0          0          0         68   _sputc.o
       220          4        148          0          0         96   bigflt0.o
      1910        128          0          0          0        672   btod.o
        12          0          0          0          0         72   exit.o
         6          0          0          0          0        152   heapauxi.o
        44         10         28          0          0         76   lc_numeric_c.o
         2          0          0          0          0          0   libinit.o
        18          0          0          0          0          0   libinit2.o
         2          0          0          0          0          0   libshutdown.o
         2          0          0          0          0          0   libshutdown2.o
         8          4          0          0         96         68   libspace.o
       138          0          0          0          0         80   lludiv10.o
        40          6          0          0          0         84   noretval__2sprintf.o
         8          4          0          0          0         68   rt_locale_intlibspace.o
         2          0          0          0          0          0   rtexit.o
        10          0          0          0          0          0   rtexit2.o
       128          0          0          0          0         68   strcmpv7m.o
        72          0          0          0          0         80   strcpy.o
        74          0          0          0          0         80   sys_stackheap_outer.o
         2          0          0          0          0         68   use_no_semi.o
         2          0          0          0          0         68   use_no_semi_2.o
        12          0          0          0          0         68   dretinf.o
        86          4          0          0          0         84   f2d.o
       388         76          0          0          0         96   fdiv.o
        54          4          0          0          0         84   ffix.o
        86          0          0          0          0        136   fflt_clz.o
       258          4          0          0          0         84   fmul.o
       140          4          0          0          0         84   fnaninf.o
        10          0          0          0          0         68   fretinf.o
         4          0          0          0          0         68   printf1.o
         0          0          0          0          0          0   usenofp.o
        40          0          0          0          0         68   fpclassify.o

    ----------------------------------------------------------------------
      5592        278        176          0        100       3448   Library Totals
        20          0          0          0          4          0   (incl. Padding)

    ----------------------------------------------------------------------

      Code (inc. data)   RO Data    RW Data    ZI Data      Debug   Library Name

      4494        186        176          0         96       2608   c_w.l
      1038         92          0          0          0        772   fz_ws.l
        40          0          0          0          0         68   m_ws.l

    ----------------------------------------------------------------------
      5592        278        176          0        100       3448   Library Totals

    ----------------------------------------------------------------------

==============================================================================


      Code (inc. data)   RO Data    RW Data    ZI Data      Debug   

     13968       1316        692         84      11820     308725   Grand Totals
     13968       1316        692         84      11820     308725   ELF Image Totals
     13968       1316        692         84          0          0   ROM Totals

==============================================================================

    Total RO  Size (Code + RO Data)                14660 (  14.32kB)
    Total RW  Size (RW Data + ZI Data)             11904 (  11.63kB)
    Total ROM Size (Code + RO Data + RW Data)      14744 (  14.40kB)

==============================================================================

