Component: ARM Compiler 5.05 update 1 (build 106) Tool: armlink [4d0efa]

==============================================================================

Section Cross References

    main.o(i.EXTI3_IRQHandler) refers to delay.o(i.delay_ms) for delay_ms
    main.o(i.EXTI3_IRQHandler) refers to stm32f10x_exti.o(i.EXTI_GetITStatus) for EXTI_GetITStatus
    main.o(i.EXTI3_IRQHandler) refers to stm32f10x_gpio.o(i.GPIO_ReadInputDataBit) for GPIO_ReadInputDataBit
    main.o(i.EXTI3_IRQHandler) refers to gprs.o(i.sendmessage) for sendmessage
    main.o(i.EXTI3_IRQHandler) refers to stm32f10x_exti.o(i.EXTI_ClearITPendingBit) for EXTI_ClearITPendingBit
    main.o(i.TIM3_IRQHandler) refers to stm32f10x_tim.o(i.TIM_GetITStatus) for TIM_GetITStatus
    main.o(i.TIM3_IRQHandler) refers to stm32f10x_tim.o(i.TIM_ClearITPendingBit) for TIM_ClearITPendingBit
    main.o(i.TIM3_IRQHandler) refers to gps.o(i.gps_getdat) for gps_getdat
    main.o(i.TIM3_IRQHandler) refers to dht11.o(i.DHT11_get) for DHT11_get
    main.o(i.TIM3_IRQHandler) refers to max30102.o(i.maxim_get) for maxim_get
    main.o(i.TIM3_IRQHandler) refers to gprs.o(i.sendtoserver) for sendtoserver
    main.o(i.TIM3_IRQHandler) refers to main.o(.data) for shidu
    main.o(i.USART2_IRQHandler) refers to stm32f10x_usart.o(i.USART_ReceiveData) for USART_ReceiveData
    main.o(i.USART2_IRQHandler) refers to stm32f10x_usart.o(i.USART_SendData) for USART_SendData
    main.o(i.USART2_IRQHandler) refers to stm32f10x_usart.o(i.USART_GetFlagStatus) for USART_GetFlagStatus
    main.o(i.USART2_IRQHandler) refers to main.o(.data) for s
    main.o(i.USART3_IRQHandler) refers to stm32f10x_usart.o(i.USART_GetFlagStatus) for USART_GetFlagStatus
    main.o(i.USART3_IRQHandler) refers to stm32f10x_usart.o(i.USART_ReceiveData) for USART_ReceiveData
    main.o(i.USART3_IRQHandler) refers to main.o(.data) for gpsbuf_i
    main.o(i.ceshiGPS) refers to stm32f10x_usart.o(i.USART_GetFlagStatus) for USART_GetFlagStatus
    main.o(i.ceshiGPS) refers to stm32f10x_usart.o(i.USART_ReceiveData) for USART_ReceiveData
    main.o(i.ceshiGPS) refers to stm32f10x_usart.o(i.USART_SendData) for USART_SendData
    main.o(i.ceshiGPS) refers to main.o(.data) for s
    main.o(i.helpinit) refers to stm32f10x_rcc.o(i.RCC_APB2PeriphClockCmd) for RCC_APB2PeriphClockCmd
    main.o(i.helpinit) refers to stm32f10x_gpio.o(i.GPIO_EXTILineConfig) for GPIO_EXTILineConfig
    main.o(i.helpinit) refers to stm32f10x_exti.o(i.EXTI_Init) for EXTI_Init
    main.o(i.helpinit) refers to misc.o(i.NVIC_Init) for NVIC_Init
    main.o(i.helpinit) refers to stm32f10x_exti.o(i.EXTI_ClearITPendingBit) for EXTI_ClearITPendingBit
    main.o(i.helpinit) refers to stm32f10x_gpio.o(i.GPIO_Init) for GPIO_Init
    main.o(i.main) refers to misc.o(i.NVIC_PriorityGroupConfig) for NVIC_PriorityGroupConfig
    main.o(i.main) refers to delay.o(i.delay_init) for delay_init
    main.o(i.main) refers to usart.o(i.uart_init) for uart_init
    main.o(i.main) refers to main.o(i.uart2_init) for uart2_init
    main.o(i.main) refers to gps.o(i.gps_init) for gps_init
    main.o(i.main) refers to main.o(i.helpinit) for helpinit
    main.o(i.main) refers to main.o(i.tim_init) for tim_init
    main.o(i.main) refers to max30102.o(i.max_once) for max_once
    main.o(i.main) refers to main.o(.data) for gpsbuf
    main.o(i.tim_init) refers to stm32f10x_rcc.o(i.RCC_APB1PeriphClockCmd) for RCC_APB1PeriphClockCmd
    main.o(i.tim_init) refers to stm32f10x_tim.o(i.TIM_TimeBaseInit) for TIM_TimeBaseInit
    main.o(i.tim_init) refers to stm32f10x_tim.o(i.TIM_ITConfig) for TIM_ITConfig
    main.o(i.tim_init) refers to misc.o(i.NVIC_Init) for NVIC_Init
    main.o(i.tim_init) refers to stm32f10x_tim.o(i.TIM_Cmd) for TIM_Cmd
    main.o(i.uart2_init) refers to stm32f10x_rcc.o(i.RCC_APB2PeriphClockCmd) for RCC_APB2PeriphClockCmd
    main.o(i.uart2_init) refers to stm32f10x_rcc.o(i.RCC_APB1PeriphClockCmd) for RCC_APB1PeriphClockCmd
    main.o(i.uart2_init) refers to stm32f10x_gpio.o(i.GPIO_Init) for GPIO_Init
    main.o(i.uart2_init) refers to misc.o(i.NVIC_Init) for NVIC_Init
    main.o(i.uart2_init) refers to stm32f10x_usart.o(i.USART_Init) for USART_Init
    main.o(i.uart2_init) refers to stm32f10x_usart.o(i.USART_Cmd) for USART_Cmd
    system_stm32f10x.o(i.SetSysClock) refers to system_stm32f10x.o(i.SetSysClockTo72) for SetSysClockTo72
    system_stm32f10x.o(i.SystemCoreClockUpdate) refers to system_stm32f10x.o(.data) for SystemCoreClock
    system_stm32f10x.o(i.SystemInit) refers to system_stm32f10x.o(i.SetSysClock) for SetSysClock
    startup_stm32f10x_md.o(STACK) refers (Special) to heapauxi.o(.text) for __use_two_region_memory
    startup_stm32f10x_md.o(HEAP) refers (Special) to heapauxi.o(.text) for __use_two_region_memory
    startup_stm32f10x_md.o(RESET) refers (Special) to heapauxi.o(.text) for __use_two_region_memory
    startup_stm32f10x_md.o(RESET) refers to startup_stm32f10x_md.o(STACK) for __initial_sp
[...]
    i.EXTI_GetITStatus                       0x080020c8   Section        0  stm32f10x_exti.o(i.EXTI_GetITStatus)
    i.EXTI_Init                              0x080020f0   Section        0  stm32f10x_exti.o(i.EXTI_Init)
    i.GPIO_EXTILineConfig                    0x08002184   Section        0  stm32f10x_gpio.o(i.GPIO_EXTILineConfig)
    i.GPIO_Init                              0x080021c4   Section        0  stm32f10x_gpio.o(i.GPIO_Init)
    i.GPIO_ReadInputDataBit                  0x080022da   Section        0  stm32f10x_gpio.o(i.GPIO_ReadInputDataBit)
    i.GPIO_ResetBits                         0x080022ec   Section        0  stm32f10x_gpio.o(i.GPIO_ResetBits)
    i.GPIO_SetBits                           0x080022f0   Section        0  stm32f10x_gpio.o(i.GPIO_SetBits)
    i.HardFault_Handler                      0x080022f4   Section        0  stm32f10x_it.o(i.HardFault_Handler)
    i.IIC_Ack                                0x080022f8   Section        0  myiic.o(i.IIC_Ack)
    i.IIC_Init                               0x08002348   Section        0  myiic.o(i.IIC_Init)
    i.IIC_NAck                               0x08002388   Section        0  myiic.o(i.IIC_NAck)
    i.IIC_Read_Byte                          0x080023d8   Section        0  myiic.o(i.IIC_Read_Byte)
    i.IIC_Send_Byte                          0x08002448   Section        0  myiic.o(i.IIC_Send_Byte)
    i.IIC_Start                              0x080024b0   Section        0  myiic.o(i.IIC_Start)
    i.IIC_Stop                               0x080024fc   Section        0  myiic.o(i.IIC_Stop)
    i.IIC_Wait_Ack                           0x08002548   Section        0  myiic.o(i.IIC_Wait_Ack)
    i.MemManage_Handler                      0x080025ac   Section        0  stm32f10x_it.o(i.MemManage_Handler)
    i.NMI_Handler                            0x080025b0   Section        0  stm32f10x_it.o(i.NMI_Handler)
    i.NVIC_Init                              0x080025b4   Section        0  misc.o(i.NVIC_Init)
    i.NVIC_PriorityGroupConfig               0x08002624   Section        0  misc.o(i.NVIC_PriorityGroupConfig)
    i.PendSV_Handler                         0x08002638   Section        0  stm32f10x_it.o(i.PendSV_Handler)
    i.RCC_APB1PeriphClockCmd                 0x0800263c   Section        0  stm32f10x_rcc.o(i.RCC_APB1PeriphClockCmd)
    i.RCC_APB2PeriphClockCmd                 0x0800265c   Section        0  stm32f10x_rcc.o(i.RCC_APB2PeriphClockCmd)
    i.RCC_GetClocksFreq                      0x0800267c   Section        0  stm32f10x_rcc.o(i.RCC_GetClocksFreq)
    i.SVC_Handler                            0x08002750   Section        0  stm32f10x_it.o(i.SVC_Handler)
    i.SetSysClock                            0x08002752   Section        0  system_stm32f10x.o(i.SetSysClock)
    SetSysClock                              0x08002753   Thumb Code     8  system_stm32f10x.o(i.SetSysClock)
    i.SetSysClockTo72                        0x0800275c   Section        0  system_stm32f10x.o(i.SetSysClockTo72)
    SetSysClockTo72                          0x0800275d   Thumb Code   214  system_stm32f10x.o(i.SetSysClockTo72)
    i.SysTick_CLKSourceConfig                0x0800283c   Section        0  misc.o(i.SysTick_CLKSourceConfig)
    i.SysTick_Handler                        0x08002864   Section        0  stm32f10x_it.o(i.SysTick_Handler)
    i.SystemInit                             0x08002868   Section        0  system_stm32f10x.o(i.SystemInit)
    i.TIM3_IRQHandler                        0x080028c8   Section        0  main.o(i.TIM3_IRQHandler)
    i.TIM_ClearITPendingBit                  0x0800290c   Section        0  stm32f10x_tim.o(i.TIM_ClearITPendingBit)
    i.TIM_Cmd                                0x08002912   Section        0  stm32f10x_tim.o(i.TIM_Cmd)
    i.TIM_GetITStatus                        0x0800292a   Section        0  stm32f10x_tim.o(i.TIM_GetITStatus)
    i.TIM_ITConfig                           0x0800294c   Section        0  stm32f10x_tim.o(i.TIM_ITConfig)
    i.TIM_TimeBaseInit                       0x08002960   Section        0  stm32f10x_tim.o(i.TIM_TimeBaseInit)
    i.USART1_IRQHandler                      0x08002a04   Section        0  usart.o(i.USART1_IRQHandler)
    i.USART2_IRQHandler                      0x08002a8c   Section        0  main.o(i.USART2_IRQHandler)
    i.USART3_IRQHandler                      0x08002ac0   Section        0  main.o(i.USART3_IRQHandler)
    i.USART_Cmd                              0x08002b14   Section        0  stm32f10x_usart.o(i.USART_Cmd)
    i.USART_GetFlagStatus                    0x08002b2c   Section        0  stm32f10x_usart.o(i.USART_GetFlagStatus)
    i.USART_GetITStatus                      0x08002b46   Section        0  stm32f10x_usart.o(i.USART_GetITStatus)
    i.USART_ITConfig                         0x08002b9a   Section        0  stm32f10x_usart.o(i.USART_ITConfig)
    i.USART_Init                             0x08002be4   Section        0  stm32f10x_usart.o(i.USART_Init)
    i.USART_ReceiveData                      0x08002cbc   Section        0  stm32f10x_usart.o(i.USART_ReceiveData)
    i.USART_SendData                         0x08002cc6   Section        0  stm32f10x_usart.o(i.USART_SendData)
    i.UsageFault_Handler                     0x08002cce   Section        0  stm32f10x_it.o(i.UsageFault_Handler)
    i.__ARM_fpclassify                       0x08002cd2   Section        0  fpclassify.o(i.__ARM_fpclassify)
    i.__mathlib_dbl_overflow                 0x08002cfa   Section        0  dunder.o(i.__mathlib_dbl_overflow)
    i.__mathlib_dbl_underflow                0x08002d08   Section        0  dunder.o(i.__mathlib_dbl_underflow)
    i.__mathlib_narrow                       0x08002d18   Section        0  narrow.o(i.__mathlib_narrow)
    i.__mathlib_tofloat                      0x08002d28   Section        0  narrow.o(i.__mathlib_tofloat)
    i.__support_ldexp                        0x08002db0   Section        0  ldexp.o(i.__support_ldexp)
    i._is_digit                              0x08002dc6   Section        0  __printf_wp.o(i._is_digit)
    i._sys_exit                              0x08002dd4   Section        0  usart.o(i._sys_exit)
    i.atof                                   0x08002dda   Section        0  atof.o(i.atof)
    i.delay_init                             0x08002e04   Section        0  delay.o(i.delay_init)
    i.delay_ms                               0x08002e40   Section        0  delay.o(i.delay_ms)
    i.delay_us                               0x08002e7c   Section        0  delay.o(i.delay_us)
    i.frexp                                  0x08002eb8   Section        0  frexp.o(i.frexp)
    i.gps_getdat                             0x08002f10   Section        0  gps.o(i.gps_getdat)
    i.gps_init                               0x080030dc   Section        0  gps.o(i.gps_init)
    i.helpinit                               0x08003170   Section        0  main.o(i.helpinit)
    i.ldexp                                  0x080031e4   Section        0  ldexp.o(i.ldexp)
    i.main                                   0x08003258   Section        0  main.o(i.main)
    i.max30102_Bus_Read                      0x0800330c   Section        0  max30102.o(i.max30102_Bus_Read)
    i.max30102_Bus_Write                     0x0800335e   Section        0  max30102.o(i.max30102_Bus_Write)
    i.max30102_FIFO_ReadBytes                0x080033a2   Section        0  max30102.o(i.max30102_FIFO_ReadBytes)
    i.max30102_init                          0x08003424   Section        0  max30102.o(i.max30102_init)
    i.max30102_reset                         0x080034ac   Section        0  max30102.o(i.max30102_reset)
    i.max_once                               0x080034c0   Section        0  max30102.o(i.max_once)
    i.max_senddat                            0x08003594   Section        0  max30102.o(i.max_senddat)
    i.maxim_find_peaks                       0x080035c0   Section        0  algorithm.o(i.maxim_find_peaks)
    i.maxim_get                              0x08003604   Section        0  max30102.o(i.maxim_get)
    i.maxim_heart_rate_and_oxygen_saturation 0x08003808   Section        0  algorithm.o(i.maxim_heart_rate_and_oxygen_saturation)
    i.maxim_peaks_above_min_height           0x08003d08   Section        0  algorithm.o(i.maxim_peaks_above_min_height)
    i.maxim_remove_close_peaks               0x08003d82   Section        0  algorithm.o(i.maxim_remove_close_peaks)
    i.maxim_sort_ascend                      0x08003df4   Section        0  algorithm.o(i.maxim_sort_ascend)
    i.maxim_sort_indices_descend             0x08003e2a   Section        0  algorithm.o(i.maxim_sort_indices_descend)
    i.modf                                   0x08003e6c   Section        0  modf.o(i.modf)
    i.sendmessage                            0x08003f04   Section        0  gprs.o(i.sendmessage)
    i.sendtogprs                             0x08004050   Section        0  gprs.o(i.sendtogprs)
    i.sendtoserver                           0x0800407c   Section        0  gprs.o(i.sendtoserver)
    i.tim_init                               0x08004288   Section        0  main.o(i.tim_init)
    i.uart2_init                             0x080042e8   Section        0  main.o(i.uart2_init)
    i.uart_init                              0x08004380   Section        0  usart.o(i.uart_init)
    locale$$code                             0x08004420   Section       44  lc_numeric_c.o(locale$$code)
    locale$$code                             0x0800444c   Section       44  lc_ctype_c.o(locale$$code)
    x$fpl$d2f                                0x08004478   Section       98  d2f.o(x$fpl$d2f)
    x$fpl$dadd                               0x080044dc   Section      336  daddsub_clz.o(x$fpl$dadd)
    _dadd1                                   0x080044ed   Thumb Code     0  daddsub_clz.o(x$fpl$dadd)
    x$fpl$dcheck1                            0x0800462c   Section       16  dcheck1.o(x$fpl$dcheck1)
    x$fpl$dcmpinf                            0x0800463c   Section       24  dcmpi.o(x$fpl$dcmpinf)
    x$fpl$ddiv                               0x08004654   Section      688  ddiv.o(x$fpl$ddiv)
    ddiv_entry                               0x0800465b   Thumb Code     0  ddiv.o(x$fpl$ddiv)
    x$fpl$deqf                               0x08004904   Section      120  deqf.o(x$fpl$deqf)
    x$fpl$dleqf                              0x0800497c   Section      120  dleqf.o(x$fpl$dleqf)
    x$fpl$dmul                               0x080049f4   Section      340  dmul.o(x$fpl$dmul)
    x$fpl$dnaninf                            0x08004b48   Section      156  dnaninf.o(x$fpl$dnaninf)
    x$fpl$dretinf                            0x08004be4   Section       12  dretinf.o(x$fpl$dretinf)
    x$fpl$drleqf                             0x08004bf0   Section      108  drleqf.o(x$fpl$drleqf)
    x$fpl$dsub                               0x08004c5c   Section      468  daddsub_clz.o(x$fpl$dsub)
    _dsub1                                   0x08004c6d   Thumb Code     0  daddsub_clz.o(x$fpl$dsub)
    x$fpl$f2d                                0x08004e30   Section       86  f2d.o(x$fpl$f2d)
    x$fpl$fcmpinf                            0x08004e86   Section       24  fcmpi.o(x$fpl$fcmpinf)
    x$fpl$fdiv                               0x08004ea0   Section      388  fdiv.o(x$fpl$fdiv)
    _fdiv1                                   0x08004ea1   Thumb Code     0  fdiv.o(x$fpl$fdiv)
    x$fpl$ffix                               0x08005024   Section       54  ffix.o(x$fpl$ffix)
    x$fpl$fflt                               0x0800505c   Section       48  fflt_clz.o(x$fpl$fflt)
    x$fpl$ffltu                              0x0800508c   Section       38  fflt_clz.o(x$fpl$ffltu)
    x$fpl$fleqf                              0x080050b4   Section      104  fleqf.o(x$fpl$fleqf)
    x$fpl$fmul                               0x0800511c   Section      258  fmul.o(x$fpl$fmul)
    x$fpl$fnaninf                            0x0800521e   Section      140  fnaninf.o(x$fpl$fnaninf)
    x$fpl$fretinf                            0x080052aa   Section       10  fretinf.o(x$fpl$fretinf)
    x$fpl$frleqf                             0x080052b4   Section       98  frleqf.o(x$fpl$frleqf)
    x$fpl$printf1                            0x08005316   Section        4  printf1.o(x$fpl$printf1)
    x$fpl$retnan                             0x0800531a   Section      100  retnan.o(x$fpl$retnan)
    x$fpl$scalbn                             0x0800537e   Section       92  scalbn.o(x$fpl$scalbn)
    x$fpl$scanf1                             0x080053da   Section        4  scanf1.o(x$fpl$scanf1)
    x$fpl$scanf2                             0x080053de   Section        8  scanf2.o(x$fpl$scanf2)
    x$fpl$trapveneer                         0x080053e6   Section       48  trapv.o(x$fpl$trapveneer)
    .constdata                               0x08005416   Section      246  algorithm.o(.constdata)
    x$fpl$usenofp                            0x08005416   Section        0  usenofp.o(x$fpl$usenofp)
    .constdata                               0x0800550c   Section      148  bigflt0.o(.constdata)
    tenpwrs_x                                0x0800550c   Data          60  bigflt0.o(.constdata)
    tenpwrs_i                                0x08005548   Data          64  bigflt0.o(.constdata)
    c$$dinf                                  0x080055c0   Section        8  fpconst.o(c$$dinf)
    locale$$data                             0x080055c8   Section       28  lc_numeric_c.o(locale$$data)
    __lcnum_c_name                           0x080055cc   Data           2  lc_numeric_c.o(locale$$data)
    __lcnum_c_start                          0x080055d4   Data           0  lc_numeric_c.o(locale$$data)
    __lcnum_c_point                          0x080055e0   Data           0  lc_numeric_c.o(locale$$data)
    __lcnum_c_thousands                      0x080055e2   Data           0  lc_numeric_c.o(locale$$data)
    __lcnum_c_grouping                       0x080055e3   Data           0  lc_numeric_c.o(locale$$data)
    locale$$data                             0x080055e4   Section      272  lc_ctype_c.o(locale$$data)
    __lcnum_c_end                            0x080055e4   Data           0  lc_numeric_c.o(locale$$data)
    __lcctype_c_name                         0x080055e8   Data           2  lc_ctype_c.o(locale$$data)
    __lcctype_c_start                        0x080055f0   Data           0  lc_ctype_c.o(locale$$data)
    __lcctype_c_end                          0x080056f4   Data           0  lc_ctype_c.o(locale$$data)
    .data                                    0x20000000   Section       52  main.o(.data)
    .data                                    0x20000034   Section       20  stm32f10x_rcc.o(.data)
    APBAHBPrescTable                         0x20000034   Data          16  stm32f10x_rcc.o(.data)
    ADCPrescTable                            0x20000044   Data           4  stm32f10x_rcc.o(.data)
    .data                                    0x20000048   Section        6  usart.o(.data)
    .data                                    0x2000004e   Section        4  delay.o(.data)
    fac_us                                   0x2000004e   Data           1  delay.o(.data)
    fac_ms                                   0x20000050   Data           2  delay.o(.data)
    .data                                    0x20000054   Section       18  max30102.o(.data)
    .data                                    0x20000068   Section        4  strtok.o(.data)
    _strtok_saves1                           0x20000068   Data           4  strtok.o(.data)
    .bss                                     0x2000006c   Section      200  usart.o(.bss)
    .bss                                     0x20000134   Section     5984  algorithm.o(.bss)
    an_dx                                    0x20000134   Data        1984  algorithm.o(.bss)
    an_x                                     0x200008f4   Data        2000  algorithm.o(.bss)
    an_y                                     0x200010c4   Data        2000  algorithm.o(.bss)
    .bss                                     0x20001894   Section     4000  max30102.o(.bss)
    .bss                                     0x20002834   Section       96  libspace.o(.bss)
    HEAP                                     0x20002898   Section      512  startup_stm32f10x_md.o(HEAP)
    Heap_Mem                                 0x20002898   Data         512  startup_stm32f10x_md.o(HEAP)
    STACK                                    0x20002a98   Section     1024  startup_stm32f10x_md.o(STACK)
    Stack_Mem                                0x20002a98   Data        1024  startup_stm32f10x_md.o(STACK)
    __initial_sp                             0x20002e98   Data           0  startup_stm32f10x_md.o(STACK)

    Global Symbols

    Symbol Name                              Value     Ov Type        Size  Object(Section)

    BuildAttributes$$THM_ISAv4$P$D$K$B$S$PE$A:L22UL41UL21$X:L11$S22US41US21$IEEE1$IW$USESV6$~STKCKD$USESV7$~SHL$OTIME$ROPI$IEEEX$EBA8$UX$STANDARDLIB$REQ8$PRES8$EABIv2 0x00000000   Number         0  anon$$obj.o ABSOLUTE
    __ARM_use_no_argv                        0x00000000   Number         0  main.o ABSOLUTE
    _printf_flags                            0x00000000   Number         0  printf_stubs.o ABSOLUTE
    _printf_return_value                     0x00000000   Number         0  printf_stubs.o ABSOLUTE
    _printf_sizespec                         0x00000000   Number         0  printf_stubs.o ABSOLUTE
    _printf_widthprec                        0x00000000   Number         0  printf_stubs.o ABSOLUTE
    __ARM_exceptions_init                     - Undefined Weak Reference
    __alloca_initialize                       - Undefined Weak Reference
    __arm_preinit_                            - Undefined Weak Reference
    __cpp_initialize__aeabi_                  - Undefined Weak Reference
    __cxa_finalize                            - Undefined Weak Reference
    __sigvec_lookup                           - Undefined Weak Reference
    _atexit_init                              - Undefined Weak Reference
    _call_atexit_fns                          - Undefined Weak Reference
    _clock_init                               - Undefined Weak Reference
    _fp_trap_init                             - Undefined Weak Reference
    _fp_trap_shutdown                         - Undefined Weak Reference
    _get_lc_collate                           - Undefined Weak Reference
    _get_lc_monetary                          - Undefined Weak Reference
    _get_lc_time                              - Undefined Weak Reference
    _getenv_init                              - Undefined Weak Reference
    _handle_redirection                       - Undefined Weak Reference
    _init_alloc                               - Undefined Weak Reference
    _init_user_alloc                          - Undefined Weak Reference
    _initio                                   - Undefined Weak Reference
    _printf_mbtowc                            - Undefined Weak Reference
    _printf_post_padding                      - Undefined Weak Reference
    _printf_pre_padding                       - Undefined Weak Reference
    _rand_init                                - Undefined Weak Reference
    _signal_finish                            - Undefined Weak Reference
    _signal_init                              - Undefined Weak Reference
    _terminate_alloc                          - Undefined Weak Reference
    _terminate_user_alloc                     - Undefined Weak Reference
    _terminateio                              - Undefined Weak Reference
    __Vectors_Size                           0x000000ec   Number         0  startup_stm32f10x_md.o ABSOLUTE
    __Vectors                                0x08000000   Data           4  startup_stm32f10x_md.o(RESET)
    __Vectors_End                            0x080000ec   Data           0  startup_stm32f10x_md.o(RESET)
    __main                                   0x080000ed   Thumb Code     8  __main.o(!!!main)
    __scatterload                            0x080000f5   Thumb Code     0  __scatter.o(!!!scatter)
    __scatterload_rt2                        0x080000f5   Thumb Code    44  __scatter.o(!!!scatter)
    __scatterload_rt2_thumb_only             0x080000f5   Thumb Code     0  __scatter.o(!!!scatter)
    __scatterload_null                       0x08000103   Thumb Code     0  __scatter.o(!!!scatter)
    __scatterload_copy                       0x08000129   Thumb Code    26  __scatter_copy.o(!!handler_copy)
    __scatterload_zeroinit                   0x08000145   Thumb Code    28  __scatter_zi.o(!!handler_zi)
    _printf_f                                0x08000161   Thumb Code     0  _printf_f.o(.ARM.Collect$$_printf_percent$$00000003)
    _printf_percent                          0x08000161   Thumb Code     0  _printf_percent.o(.ARM.Collect$$_printf_percent$$00000000)
    _printf_s                                0x08000167   Thumb Code     0  _printf_s.o(.ARM.Collect$$_printf_percent$$00000014)
    _printf_percent_end                      0x0800016d   Thumb Code     0  _printf_percent_end.o(.ARM.Collect$$_printf_percent$$00000017)
    __rt_lib_init                            0x08000171   Thumb Code     0  libinit.o(.ARM.Collect$$libinit$$00000000)
    __rt_lib_init_fp_1                       0x08000173   Thumb Code     0  libinit2.o(.ARM.Collect$$libinit$$00000002)
    __rt_lib_init_heap_1                     0x08000173   Thumb Code     0  libinit2.o(.ARM.Collect$$libinit$$0000000A)
    __rt_lib_init_lc_common                  0x08000173   Thumb Code     0  libinit2.o(.ARM.Collect$$libinit$$0000000F)
    __rt_lib_init_preinit_1                  0x08000173   Thumb Code     0  libinit2.o(.ARM.Collect$$libinit$$00000004)
    __rt_lib_init_rand_1                     0x08000173   Thumb Code     0  libinit2.o(.ARM.Collect$$libinit$$0000000E)
    __rt_lib_init_user_alloc_1               0x08000173   Thumb Code     0  libinit2.o(.ARM.Collect$$libinit$$0000000C)
    __rt_lib_init_lc_collate_1               0x08000179   Thumb Code     0  libinit2.o(.ARM.Collect$$libinit$$00000011)
    __rt_lib_init_lc_ctype_2                 0x08000179   Thumb Code     0  libinit2.o(.ARM.Collect$$libinit$$00000012)
    __rt_lib_init_lc_ctype_1                 0x08000185   Thumb Code     0  libinit2.o(.ARM.Collect$$libinit$$00000013)
    __rt_lib_init_lc_monetary_1              0x08000185   Thumb Code     0  libinit2.o(.ARM.Collect$$libinit$$00000015)
    __rt_lib_init_lc_numeric_2               0x08000185   Thumb Code     0  libinit2.o(.ARM.Collect$$libinit$$00000016)
    __rt_lib_init_alloca_1                   0x0800018f   Thumb Code     0  libinit2.o(.ARM.Collect$$libinit$$0000002E)
    __rt_lib_init_argv_1                     0x0800018f   Thumb Code     0  libinit2.o(.ARM.Collect$$libinit$$0000002C)
    __rt_lib_init_atexit_1                   0x0800018f   Thumb Code     0  libinit2.o(.ARM.Collect$$libinit$$0000001B)
    __rt_lib_init_clock_1                    0x0800018f   Thumb Code     0  libinit2.o(.ARM.Collect$$libinit$$00000021)
    __rt_lib_init_cpp_1                      0x0800018f   Thumb Code     0  libinit2.o(.ARM.Collect$$libinit$$00000032)
    __rt_lib_init_exceptions_1               0x0800018f   Thumb Code     0  libinit2.o(.ARM.Collect$$libinit$$00000030)
    __rt_lib_init_fp_trap_1                  0x0800018f   Thumb Code     0  libinit2.o(.ARM.Collect$$libinit$$0000001F)
    __rt_lib_init_getenv_1                   0x0800018f   Thumb Code     0  libinit2.o(.ARM.Collect$$libinit$$00000023)
    __rt_lib_init_lc_numeric_1               0x0800018f   Thumb Code     0  libinit2.o(.ARM.Collect$$libinit$$00000017)
    __rt_lib_init_lc_time_1                  0x0800018f   Thumb Code     0  libinit2.o(.ARM.Collect$$libinit$$00000019)
    __rt_lib_init_return                     0x0800018f   Thumb Code     0  libinit2.o(.ARM.Collect$$libinit$$00000033)
    __rt_lib_init_signal_1                   0x0800018f   Thumb Code     0  libinit2.o(.ARM.Collect$$libinit$$0000001D)
    __rt_lib_init_stdio_1                    0x0800018f   Thumb Code     0  libinit2.o(.ARM.Collect$$libinit$$00000025)
    __rt_lib_shutdown                        0x08000191   Thumb Code     0  libshutdown.o(.ARM.Collect$$libshutdown$$00000000)
    __rt_lib_shutdown_fp_trap_1              0x08000193   Thumb Code     0  libshutdown2.o(.ARM.Collect$$libshutdown$$00000006)
    __rt_lib_shutdown_heap_1                 0x08000193   Thumb Code     0  libshutdown2.o(.ARM.Collect$$libshutdown$$0000000E)
    __rt_lib_shutdown_return                 0x08000193   Thumb Code     0  libshutdown2.o(.ARM.Collect$$libshutdown$$0000000F)
    __rt_lib_shutdown_signal_1               0x08000193   Thumb Code     0  libshutdown2.o(.ARM.Collect$$libshutdown$$00000009)
    __rt_lib_shutdown_stdio_1                0x08000193   Thumb Code     0  libshutdown2.o(.ARM.Collect$$libshutdown$$00000003)
    __rt_lib_shutdown_user_alloc_1           0x08000193   Thumb Code     0  libshutdown2.o(.ARM.Collect$$libshutdown$$0000000B)
    __rt_entry                               0x08000195   Thumb Code     0  __rtentry.o(.ARM.Collect$$rtentry$$00000000)
    __rt_entry_presh_1                       0x08000195   Thumb Code     0  __rtentry2.o(.ARM.Collect$$rtentry$$00000002)
    __rt_entry_sh                            0x08000195   Thumb Code     0  __rtentry4.o(.ARM.Collect$$rtentry$$00000004)
    __rt_entry_li                            0x0800019b   Thumb Code     0  __rtentry2.o(.ARM.Collect$$rtentry$$0000000A)
    __rt_entry_postsh_1                      0x0800019b   Thumb Code     0  __rtentry2.o(.ARM.Collect$$rtentry$$00000009)
    __rt_entry_main                          0x0800019f   Thumb Code     0  __rtentry2.o(.ARM.Collect$$rtentry$$0000000D)
    __rt_entry_postli_1                      0x0800019f   Thumb Code     0  __rtentry2.o(.ARM.Collect$$rtentry$$0000000C)
    __rt_exit                                0x080001a7   Thumb Code     0  rtexit.o(.ARM.Collect$$rtexit$$00000000)
    __rt_exit_ls                             0x080001a9   Thumb Code     0  rtexit2.o(.ARM.Collect$$rtexit$$00000003)
    __rt_exit_prels_1                        0x080001a9   Thumb Code     0  rtexit2.o(.ARM.Collect$$rtexit$$00000002)
    __rt_exit_exit                           0x080001ad   Thumb Code     0  rtexit2.o(.ARM.Collect$$rtexit$$00000004)
    Reset_Handler                            0x080001b5   Thumb Code     8  startup_stm32f10x_md.o(.text)
    ADC1_2_IRQHandler                        0x080001cf   Thumb Code     0  startup_stm32f10x_md.o(.text)
    CAN1_RX1_IRQHandler                      0x080001cf   Thumb Code     0  startup_stm32f10x_md.o(.text)
    CAN1_SCE_IRQHandler                      0x080001cf   Thumb Code     0  startup_stm32f10x_md.o(.text)
    DMA1_Channel1_IRQHandler                 0x080001cf   Thumb Code     0  startup_stm32f10x_md.o(.text)
    DMA1_Channel2_IRQHandler                 0x080001cf   Thumb Code     0  startup_stm32f10x_md.o(.text)
    DMA1_Channel3_IRQHandler                 0x080001cf   Thumb Code     0  startup_stm32f10x_md.o(.text)
    DMA1_Channel4_IRQHandler                 0x080001cf   Thumb Code     0  startup_stm32f10x_md.o(.text)
    DMA1_Channel5_IRQHandler                 0x080001cf   Thumb Code     0  startup_stm32f10x_md.o(.text)
    DMA1_Channel6_IRQHandler                 0x080001cf   Thumb Code     0  startup_stm32f10x_md.o(.text)
    DMA1_Channel7_IRQHandler                 0x080001cf   Thumb Code     0  startup_stm32f10x_md.o(.text)
    EXTI0_IRQHandler                         0x080001cf   Thumb Code     0  startup_stm32f10x_md.o(.text)
    EXTI15_10_IRQHandler                     0x080001cf   Thumb Code     0  startup_stm32f10x_md.o(.text)
    EXTI1_IRQHandler                         0x080001cf   Thumb Code     0  startup_stm32f10x_md.o(.text)
    EXTI2_IRQHandler                         0x080001cf   Thumb Code     0  startup_stm32f10x_md.o(.text)
    EXTI4_IRQHandler                         0x080001cf   Thumb Code     0  startup_stm32f10x_md.o(.text)
    EXTI9_5_IRQHandler                       0x080001cf   Thumb Code     0  startup_stm32f10x_md.o(.text)
    FLASH_IRQHandler                         0x080001cf   Thumb Code     0  startup_stm32f10x_md.o(.text)
    I2C1_ER_IRQHandler                       0x080001cf   Thumb Code     0  startup_stm32f10x_md.o(.text)
    I2C1_EV_IRQHandler                       0x080001cf   Thumb Code     0  startup_stm32f10x_md.o(.text)
    I2C2_ER_IRQHandler                       0x080001cf   Thumb Code     0  startup_stm32f10x_md.o(.text)
    I2C2_EV_IRQHandler                       0x080001cf   Thumb Code     0  startup_stm32f10x_md.o(.text)
    PVD_IRQHandler                           0x080001cf   Thumb Code     0  startup_stm32f10x_md.o(.text)
    RCC_IRQHandler                           0x080001cf   Thumb Code     0  startup_stm32f10x_md.o(.text)
    RTCAlarm_IRQHandler                      0x080001cf   Thumb Code     0  startup_stm32f10x_md.o(.text)
    RTC_IRQHandler                           0x080001cf   Thumb Code     0  startup_stm32f10x_md.o(.text)
    SPI1_IRQHandler                          0x080001cf   Thumb Code     0  startup_stm32f10x_md.o(.text)
    SPI2_IRQHandler                          0x080001cf   Thumb Code     0  startup_stm32f10x_md.o(.text)
    TAMPER_IRQHandler                        0x080001cf   Thumb Code     0  startup_stm32f10x_md.o(.text)
    TIM1_BRK_IRQHandler                      0x080001cf   Thumb Code     0  startup_stm32f10x_md.o(.text)
    TIM1_CC_IRQHandler                       0x080001cf   Thumb Code     0  startup_stm32f10x_md.o(.text)
    TIM1_TRG_COM_IRQHandler                  0x080001cf   Thumb Code     0  startup_stm32f10x_md.o(.text)
    TIM1_UP_IRQHandler                       0x080001cf   Thumb Code     0  startup_stm32f10x_md.o(.text)
    TIM2_IRQHandler                          0x080001cf   Thumb Code     0  startup_stm32f10x_md.o(.text)
    TIM4_IRQHandler                          0x080001cf   Thumb Code     0  startup_stm32f10x_md.o(.text)
    USBWakeUp_IRQHandler                     0x080001cf   Thumb Code     0  startup_stm32f10x_md.o(.text)
    USB_HP_CAN1_TX_IRQHandler                0x080001cf   Thumb Code     0  startup_stm32f10x_md.o(.text)
    USB_LP_CAN1_RX0_IRQHandler               0x080001cf   Thumb Code     0  startup_stm32f10x_md.o(.text)
    WWDG_IRQHandler                          0x080001cf   Thumb Code     0  startup_stm32f10x_md.o(.text)
    __user_initial_stackheap                 0x080001d1   Thumb Code     0  startup_stm32f10x_md.o(.text)
    __use_no_semihosting                     0x080001f5   Thumb Code     2  use_no_semi_2.o(.text)
    __2sprintf                               0x080001f9   Thumb Code    34  noretval__2sprintf.o(.text)
    _printf_str                              0x08000221   Thumb Code    82  _printf_str.o(.text)
    __printf                                 0x08000273   Thumb Code   270  __printf_wp.o(.text)
    strtok                                   0x08000381   Thumb Code     6  strtok.o(.text)
    strcpy                                   0x0800038d   Thumb Code    72  strcpy.o(.text)
    strncpy                                  0x080003d5   Thumb Code    86  strncpy.o(.text)
    __use_two_region_memory                  0x0800042b   Thumb Code     2  heapauxi.o(.text)
    __rt_heap_escrow$2region                 0x0800042d   Thumb Code     2  heapauxi.o(.text)
    __rt_heap_expand$2region                 0x0800042f   Thumb Code     2  heapauxi.o(.text)
    __I$use$semihosting                      0x08000431   Thumb Code     0  use_no_semi.o(.text)
    __use_no_semihosting_swi                 0x08000431   Thumb Code     2  use_no_semi.o(.text)
    __read_errno                             0x08000433   Thumb Code    10  _rserrno.o(.text)
    __set_errno                              0x0800043d   Thumb Code    12  _rserrno.o(.text)
    __lib_sel_fp_printf                      0x08000449   Thumb Code     2  _printf_fp_dec.o(.text)
    _printf_fp_dec_real                      0x080005f7   Thumb Code   620  _printf_fp_dec.o(.text)
    _printf_char_common                      0x0800086f   Thumb Code    32  _printf_char_common.o(.text)
    _sputc                                   0x08000895   Thumb Code    10  _sputc.o(.text)
    _printf_cs_common                        0x0800089f   Thumb Code    20  _printf_char.o(.text)
    _printf_char                             0x080008b3   Thumb Code    16  _printf_char.o(.text)
    _printf_string                           0x080008c3   Thumb Code     8  _printf_char.o(.text)
    __strtod_int                             0x08000909   Thumb Code    88  strtod.o(.text)
    __strtok_internal                        0x0800096d   Thumb Code    64  strtok_int.o(.text)
    __aeabi_memclr                           0x080009b1   Thumb Code     0  rt_memclr.o(.text)
    __rt_memclr                              0x080009b1   Thumb Code    68  rt_memclr.o(.text)
    _memset                                  0x080009b5   Thumb Code     0  rt_memclr.o(.text)
    __rt_locale                              0x080009f5   Thumb Code     8  rt_locale_intlibspace.o(.text)
    __aeabi_errno_addr                       0x080009fd   Thumb Code     8  rt_errno_addr_intlibspace.o(.text)
    __errno$intlibspace                      0x080009fd   Thumb Code     0  rt_errno_addr_intlibspace.o(.text)
    __rt_errno_addr$intlibspace              0x080009fd   Thumb Code     0  rt_errno_addr_intlibspace.o(.text)
    _ll_udiv10                               0x08000a05   Thumb Code   138  lludiv10.o(.text)
    isspace                                  0x08000a8f   Thumb Code    18  isspace.o(.text)
    _printf_fp_infnan                        0x08000aa1   Thumb Code   112  _printf_fp_infnan.o(.text)
    _sgetc                                   0x08000b21   Thumb Code    30  _sgetc.o(.text)
    _sbackspace                              0x08000b3f   Thumb Code    34  _sgetc.o(.text)
    _btod_etento                             0x08000b61   Thumb Code   216  bigflt0.o(.text)
    strcspn                                  0x08000c3d   Thumb Code    32  strcspn.o(.text)
    strspn                                   0x08000c5d   Thumb Code    28  strspn.o(.text)
    __aeabi_memclr4                          0x08000c79   Thumb Code     0  rt_memclr_w.o(.text)
    __aeabi_memclr8                          0x08000c79   Thumb Code     0  rt_memclr_w.o(.text)
    __rt_memclr_w                            0x08000c79   Thumb Code    78  rt_memclr_w.o(.text)
    _memset_w                                0x08000c7d   Thumb Code     0  rt_memclr_w.o(.text)
    __user_libspace                          0x08000cc9   Thumb Code     8  libspace.o(.text)
    __user_perproc_libspace                  0x08000cc9   Thumb Code     0  libspace.o(.text)
    __user_perthread_libspace                0x08000cc9   Thumb Code     0  libspace.o(.text)
    __user_setup_stackheap                   0x08000cd1   Thumb Code    74  sys_stackheap_outer.o(.text)
    __rt_ctype_table                         0x08000d1d   Thumb Code    16  rt_ctype_table.o(.text)
    _scanf_really_real                       0x08000f29   Thumb Code   668  scanf_fp.o(.text)
    exit                                     0x080011d1   Thumb Code    12  exit.o(.text)
    strcmp                                   0x080011dd   Thumb Code   128  strcmpv7m.o(.text)
    _scanf_really_hex_real                   0x0800125d   Thumb Code   778  scanf_hexfp.o(.text)
    _scanf_really_infnan                     0x08001575   Thumb Code   292  scanf_infnan.o(.text)
    __aeabi_llsl                             0x080016a9   Thumb Code     0  llshl.o(.text)
    _ll_shift_l                              0x080016a9   Thumb Code    38  llshl.o(.text)
    _chval                                   0x080016cf   Thumb Code    28  _chval.o(.text)
    _btod_d2e                                0x080016eb   Thumb Code    62  btod.o(CL$$btod_d2e)
    _d2e_denorm_low                          0x08001729   Thumb Code    70  btod.o(CL$$btod_d2e_denorm_low)
    _d2e_norm_op1                            0x0800176f   Thumb Code    96  btod.o(CL$$btod_d2e_norm_op1)
    __btod_div_common                        0x080017cf   Thumb Code   696  btod.o(CL$$btod_div_common)
    _e2d                                     0x08001b09   Thumb Code    80  btod.o(CL$$btod_e2d)
    _e2e                                     0x08001b5d   Thumb Code   198  btod.o(CL$$btod_e2e)
    _btod_ediv                               0x08001c23   Thumb Code    40  btod.o(CL$$btod_ediv)
    _btod_edivd                              0x08001c4b   Thumb Code    40  btod.o(CL$$btod_edivd)
    _btod_emul                               0x08001c73   Thumb Code    40  btod.o(CL$$btod_emul)
    _btod_emuld                              0x08001c9b   Thumb Code    40  btod.o(CL$$btod_emuld)
    __btod_mult_common                       0x08001cc3   Thumb Code   580  btod.o(CL$$btod_mult_common)
    BusFault_Handler                         0x08001f07   Thumb Code     4  stm32f10x_it.o(i.BusFault_Handler)
    DHT11_Read_Bit                           0x08001f0d   Thumb Code    82  dht11.o(i.DHT11_Read_Bit)
    DHT11_Read_Byte                          0x08001f65   Thumb Code    30  dht11.o(i.DHT11_Read_Byte)
    DHT11_Read_Data                          0x08001f85   Thumb Code    92  dht11.o(i.DHT11_Read_Data)
    DHT11_get                                0x08001fe5   Thumb Code   162  dht11.o(i.DHT11_get)
    DebugMon_Handler                         0x0800208d   Thumb Code     2  stm32f10x_it.o(i.DebugMon_Handler)
    EXTI3_IRQHandler                         0x08002091   Thumb Code    38  main.o(i.EXTI3_IRQHandler)
    EXTI_ClearITPendingBit                   0x080020bd   Thumb Code     6  stm32f10x_exti.o(i.EXTI_ClearITPendingBit)
    EXTI_GetITStatus                         0x080020c9   Thumb Code    34  stm32f10x_exti.o(i.EXTI_GetITStatus)
    EXTI_Init                                0x080020f1   Thumb Code   142  stm32f10x_exti.o(i.EXTI_Init)
    GPIO_EXTILineConfig                      0x08002185   Thumb Code    60  stm32f10x_gpio.o(i.GPIO_EXTILineConfig)
    GPIO_Init                                0x080021c5   Thumb Code   278  stm32f10x_gpio.o(i.GPIO_Init)
    GPIO_ReadInputDataBit                    0x080022db   Thumb Code    18  stm32f10x_gpio.o(i.GPIO_ReadInputDataBit)
    GPIO_ResetBits                           0x080022ed   Thumb Code     4  stm32f10x_gpio.o(i.GPIO_ResetBits)
    GPIO_SetBits                             0x080022f1   Thumb Code     4  stm32f10x_gpio.o(i.GPIO_SetBits)
    HardFault_Handler                        0x080022f5   Thumb Code     4  stm32f10x_it.o(i.HardFault_Handler)
    IIC_Ack                                  0x080022f9   Thumb Code    66  myiic.o(i.IIC_Ack)
    IIC_Init                                 0x08002349   Thumb Code    52  myiic.o(i.IIC_Init)
    IIC_NAck                                 0x08002389   Thumb Code    66  myiic.o(i.IIC_NAck)
    IIC_Read_Byte                            0x080023d9   Thumb Code    98  myiic.o(i.IIC_Read_Byte)
    IIC_Send_Byte                            0x08002449   Thumb Code    90  myiic.o(i.IIC_Send_Byte)
    IIC_Start                                0x080024b1   Thumb Code    64  myiic.o(i.IIC_Start)
    IIC_Stop                                 0x080024fd   Thumb Code    62  myiic.o(i.IIC_Stop)
    IIC_Wait_Ack                             0x08002549   Thumb Code    86  myiic.o(i.IIC_Wait_Ack)
    MemManage_Handler                        0x080025ad   Thumb Code     4  stm32f10x_it.o(i.MemManage_Handler)
    NMI_Handler                              0x080025b1   Thumb Code     2  stm32f10x_it.o(i.NMI_Handler)
    NVIC_Init                                0x080025b5   Thumb Code   100  misc.o(i.NVIC_Init)
    NVIC_PriorityGroupConfig                 0x08002625   Thumb Code    10  misc.o(i.NVIC_PriorityGroupConfig)
    PendSV_Handler                           0x08002639   Thumb Code     2  stm32f10x_it.o(i.PendSV_Handler)
    RCC_APB1PeriphClockCmd                   0x0800263d   Thumb Code    26  stm32f10x_rcc.o(i.RCC_APB1PeriphClockCmd)
    RCC_APB2PeriphClockCmd                   0x0800265d   Thumb Code    26  stm32f10x_rcc.o(i.RCC_APB2PeriphClockCmd)
    RCC_GetClocksFreq                        0x0800267d   Thumb Code   192  stm32f10x_rcc.o(i.RCC_GetClocksFreq)
    SVC_Handler                              0x08002751   Thumb Code     2  stm32f10x_it.o(i.SVC_Handler)
    SysTick_CLKSourceConfig                  0x0800283d   Thumb Code    40  misc.o(i.SysTick_CLKSourceConfig)
    SysTick_Handler                          0x08002865   Thumb Code     2  stm32f10x_it.o(i.SysTick_Handler)
    SystemInit                               0x08002869   Thumb Code    78  system_stm32f10x.o(i.SystemInit)
    TIM3_IRQHandler                          0x080028c9   Thumb Code    46  main.o(i.TIM3_IRQHandler)
    TIM_ClearITPendingBit                    0x0800290d   Thumb Code     6  stm32f10x_tim.o(i.TIM_ClearITPendingBit)
    TIM_Cmd                                  0x08002913   Thumb Code    24  stm32f10x_tim.o(i.TIM_Cmd)
    TIM_GetITStatus                          0x0800292b   Thumb Code    34  stm32f10x_tim.o(i.TIM_GetITStatus)
    TIM_ITConfig                             0x0800294d   Thumb Code    18  stm32f10x_tim.o(i.TIM_ITConfig)
    TIM_TimeBaseInit                         0x08002961   Thumb Code   122  stm32f10x_tim.o(i.TIM_TimeBaseInit)
    USART1_IRQHandler                        0x08002a05   Thumb Code   122  usart.o(i.USART1_IRQHandler)
    USART2_IRQHandler                        0x08002a8d   Thumb Code    38  main.o(i.USART2_IRQHandler)
    USART3_IRQHandler                        0x08002ac1   Thumb Code    68  main.o(i.USART3_IRQHandler)
    USART_Cmd                                0x08002b15   Thumb Code    24  stm32f10x_usart.o(i.USART_Cmd)
    USART_GetFlagStatus                      0x08002b2d   Thumb Code    26  stm32f10x_usart.o(i.USART_GetFlagStatus)
    USART_GetITStatus                        0x08002b47   Thumb Code    84  stm32f10x_usart.o(i.USART_GetITStatus)
    USART_ITConfig                           0x08002b9b   Thumb Code    74  stm32f10x_usart.o(i.USART_ITConfig)
    USART_Init                               0x08002be5   Thumb Code   210  stm32f10x_usart.o(i.USART_Init)
    USART_ReceiveData                        0x08002cbd   Thumb Code    10  stm32f10x_usart.o(i.USART_ReceiveData)
    USART_SendData                           0x08002cc7   Thumb Code     8  stm32f10x_usart.o(i.USART_SendData)
    UsageFault_Handler                       0x08002ccf   Thumb Code     4  stm32f10x_it.o(i.UsageFault_Handler)
    __ARM_fpclassify                         0x08002cd3   Thumb Code    40  fpclassify.o(i.__ARM_fpclassify)
    __mathlib_dbl_overflow                   0x08002cfb   Thumb Code    14  dunder.o(i.__mathlib_dbl_overflow)
    __mathlib_dbl_underflow                  0x08002d09   Thumb Code    10  dunder.o(i.__mathlib_dbl_underflow)
    __mathlib_narrow                         0x08002d19   Thumb Code    16  narrow.o(i.__mathlib_narrow)
    __mathlib_tofloat                        0x08002d29   Thumb Code   132  narrow.o(i.__mathlib_tofloat)
    __support_ldexp                          0x08002db1   Thumb Code    22  ldexp.o(i.__support_ldexp)
    _is_digit                                0x08002dc7   Thumb Code    14  __printf_wp.o(i._is_digit)
    _sys_exit                                0x08002dd5   Thumb Code     6  usart.o(i._sys_exit)
    atof                                     0x08002ddb   Thumb Code    42  atof.o(i.atof)
    delay_init                               0x08002e05   Thumb Code    52  delay.o(i.delay_init)
    delay_ms                                 0x08002e41   Thumb Code    56  delay.o(i.delay_ms)
    delay_us                                 0x08002e7d   Thumb Code    56  delay.o(i.delay_us)
    frexp                                    0x08002eb9   Thumb Code    80  frexp.o(i.frexp)
    gps_getdat                               0x08002f11   Thumb Code   410  gps.o(i.gps_getdat)
    gps_init                                 0x080030dd   Thumb Code   140  gps.o(i.gps_init)
    helpinit                                 0x08003171   Thumb Code   110  main.o(i.helpinit)
    ldexp                                    0x080031e5   Thumb Code   116  ldexp.o(i.ldexp)
    main                                     0x08003259   Thumb Code   110  main.o(i.main)
    max30102_Bus_Read                        0x0800330d   Thumb Code    82  max30102.o(i.max30102_Bus_Read)
    max30102_Bus_Write                       0x0800335f   Thumb Code    68  max30102.o(i.max30102_Bus_Write)
    max30102_FIFO_ReadBytes                  0x080033a3   Thumb Code   128  max30102.o(i.max30102_FIFO_ReadBytes)
    max30102_init                            0x08003425   Thumb Code   130  max30102.o(i.max30102_init)
    max30102_reset                           0x080034ad   Thumb Code    20  max30102.o(i.max30102_reset)
    max_once                                 0x080034c1   Thumb Code   176  max30102.o(i.max_once)
    max_senddat                              0x08003595   Thumb Code    38  max30102.o(i.max_senddat)
    maxim_find_peaks                         0x080035c1   Thumb Code    66  algorithm.o(i.maxim_find_peaks)
    maxim_get                                0x08003605   Thumb Code   476  max30102.o(i.maxim_get)
    maxim_heart_rate_and_oxygen_saturation   0x08003809   Thumb Code  1270  algorithm.o(i.maxim_heart_rate_and_oxygen_saturation)
    maxim_peaks_above_min_height             0x08003d09   Thumb Code   122  algorithm.o(i.maxim_peaks_above_min_height)
    maxim_remove_close_peaks                 0x08003d83   Thumb Code   114  algorithm.o(i.maxim_remove_close_peaks)
    maxim_sort_ascend                        0x08003df5   Thumb Code    54  algorithm.o(i.maxim_sort_ascend)
    maxim_sort_indices_descend               0x08003e2b   Thumb Code    64  algorithm.o(i.maxim_sort_indices_descend)
    modf                                     0x08003e6d   Thumb Code   144  modf.o(i.modf)
    sendmessage                              0x08003f05   Thumb Code   200  gprs.o(i.sendmessage)
    sendtogprs                               0x08004051   Thumb Code    38  gprs.o(i.sendtogprs)
    sendtoserver                             0x0800407d   Thumb Code   270  gprs.o(i.sendtoserver)
    tim_init                                 0x08004289   Thumb Code    92  main.o(i.tim_init)
    uart2_init                               0x080042e9   Thumb Code   142  main.o(i.uart2_init)
    uart_init                                0x08004381   Thumb Code   152  usart.o(i.uart_init)
    _get_lc_numeric                          0x08004421   Thumb Code    44  lc_numeric_c.o(locale$$code)
    _get_lc_ctype                            0x0800444d   Thumb Code    44  lc_ctype_c.o(locale$$code)
    __aeabi_d2f                              0x08004479   Thumb Code     0  d2f.o(x$fpl$d2f)
    _d2f                                     0x08004479   Thumb Code    98  d2f.o(x$fpl$d2f)
    __aeabi_dadd                             0x080044dd   Thumb Code     0  daddsub_clz.o(x$fpl$dadd)
    _dadd                                    0x080044dd   Thumb Code   332  daddsub_clz.o(x$fpl$dadd)
    __fpl_dcheck_NaN1                        0x0800462d   Thumb Code    10  dcheck1.o(x$fpl$dcheck1)
    __fpl_dcmp_Inf                           0x0800463d   Thumb Code    24  dcmpi.o(x$fpl$dcmpinf)
    __aeabi_ddiv                             0x08004655   Thumb Code     0  ddiv.o(x$fpl$ddiv)
    _ddiv                                    0x08004655   Thumb Code   552  ddiv.o(x$fpl$ddiv)
    __aeabi_cdcmpeq                          0x08004905   Thumb Code     0  deqf.o(x$fpl$deqf)
    _dcmpeq                                  0x08004905   Thumb Code   120  deqf.o(x$fpl$deqf)
    __aeabi_cdcmple                          0x0800497d   Thumb Code     0  dleqf.o(x$fpl$dleqf)
    _dcmple                                  0x0800497d   Thumb Code   120  dleqf.o(x$fpl$dleqf)
    __fpl_dcmple_InfNaN                      0x080049df   Thumb Code     0  dleqf.o(x$fpl$dleqf)
    __aeabi_dmul                             0x080049f5   Thumb Code     0  dmul.o(x$fpl$dmul)
    _dmul                                    0x080049f5   Thumb Code   332  dmul.o(x$fpl$dmul)
    __fpl_dnaninf                            0x08004b49   Thumb Code   156  dnaninf.o(x$fpl$dnaninf)
    __fpl_dretinf                            0x08004be5   Thumb Code    12  dretinf.o(x$fpl$dretinf)
    __aeabi_cdrcmple                         0x08004bf1   Thumb Code     0  drleqf.o(x$fpl$drleqf)
    _drcmple                                 0x08004bf1   Thumb Code   108  drleqf.o(x$fpl$drleqf)
    __aeabi_dsub                             0x08004c5d   Thumb Code     0  daddsub_clz.o(x$fpl$dsub)
    _dsub                                    0x08004c5d   Thumb Code   464  daddsub_clz.o(x$fpl$dsub)
    __aeabi_f2d                              0x08004e31   Thumb Code     0  f2d.o(x$fpl$f2d)
    _f2d                                     0x08004e31   Thumb Code    86  f2d.o(x$fpl$f2d)
    __fpl_fcmp_Inf                           0x08004e87   Thumb Code    24  fcmpi.o(x$fpl$fcmpinf)
    __aeabi_fdiv                             0x08004ea1   Thumb Code     0  fdiv.o(x$fpl$fdiv)
    _fdiv                                    0x08004ea1   Thumb Code   384  fdiv.o(x$fpl$fdiv)
    __aeabi_f2iz                             0x08005025   Thumb Code     0  ffix.o(x$fpl$ffix)
    _ffix                                    0x08005025   Thumb Code    54  ffix.o(x$fpl$ffix)
    __aeabi_i2f                              0x0800505d   Thumb Code     0  fflt_clz.o(x$fpl$fflt)
    _fflt                                    0x0800505d   Thumb Code    48  fflt_clz.o(x$fpl$fflt)
    __aeabi_ui2f                             0x0800508d   Thumb Code     0  fflt_clz.o(x$fpl$ffltu)
    _ffltu                                   0x0800508d   Thumb Code    38  fflt_clz.o(x$fpl$ffltu)
    __aeabi_cfcmple                          0x080050b5   Thumb Code     0  fleqf.o(x$fpl$fleqf)
    _fcmple                                  0x080050b5   Thumb Code   104  fleqf.o(x$fpl$fleqf)
    __fpl_fcmple_InfNaN                      0x08005107   Thumb Code     0  fleqf.o(x$fpl$fleqf)
    __aeabi_fmul                             0x0800511d   Thumb Code     0  fmul.o(x$fpl$fmul)
    _fmul                                    0x0800511d   Thumb Code   258  fmul.o(x$fpl$fmul)
    __fpl_fnaninf                            0x0800521f   Thumb Code   140  fnaninf.o(x$fpl$fnaninf)
    __fpl_fretinf                            0x080052ab   Thumb Code    10  fretinf.o(x$fpl$fretinf)
    __aeabi_cfrcmple                         0x080052b5   Thumb Code     0  frleqf.o(x$fpl$frleqf)
    _frcmple                                 0x080052b5   Thumb Code    98  frleqf.o(x$fpl$frleqf)
    _printf_fp_dec                           0x08005317   Thumb Code     4  printf1.o(x$fpl$printf1)
    __fpl_return_NaN                         0x0800531b   Thumb Code   100  retnan.o(x$fpl$retnan)
    __ARM_scalbn                             0x0800537f   Thumb Code    92  scalbn.o(x$fpl$scalbn)
    _scanf_real                              0x080053db   Thumb Code     4  scanf1.o(x$fpl$scanf1)
    _scanf_hex_real                          0x080053df   Thumb Code     4  scanf2.o(x$fpl$scanf2)
    _scanf_infnan                            0x080053e3   Thumb Code     4  scanf2.o(x$fpl$scanf2)
    __fpl_cmpreturn                          0x080053e7   Thumb Code    48  trapv.o(x$fpl$trapveneer)
    __I$use$fp                               0x08005416   Number         0  usenofp.o(x$fpl$usenofp)
    auw_hamm                                 0x08005416   Data          62  algorithm.o(.constdata)
    uch_spo2_table                           0x08005454   Data         184  algorithm.o(.constdata)
    Region$$Table$$Base                      0x080055a0   Number         0  anon$$obj.o(Region$$Table)
    Region$$Table$$Limit                     0x080055c0   Number         0  anon$$obj.o(Region$$Table)
    __aeabi_HUGE_VAL                         0x080055c0   Data           0  fpconst.o(c$$dinf)
    __aeabi_HUGE_VALL                        0x080055c0   Data           0  fpconst.o(c$$dinf)
    __aeabi_INFINITY                         0x080055c0   Data           0  fpconst.o(c$$dinf)
    __dInf                                   0x080055c0   Data           0  fpconst.o(c$$dinf)
    __huge_val                               0x080055c0   Data           0  fpconst.o(c$$dinf)
    __ctype                                  0x080055f1   Data           0  lc_ctype_c.o(locale$$data)
    s                                        0x20000000   Data           1  main.o(.data)
    wendu                                    0x20000004   Data           4  main.o(.data)
    shidu                                    0x20000008   Data           4  main.o(.data)
    message                                  0x2000000c   Data           4  main.o(.data)
    rate                                     0x20000010   Data           4  main.o(.data)
    spo2                                     0x20000014   Data           4  main.o(.data)
    jingdu                                   0x20000018   Data           4  main.o(.data)
    weidu                                    0x2000001c   Data           4  main.o(.data)
    gpsbuf_i                                 0x20000020   Data           1  main.o(.data)
    gps_already                              0x20000021   Data           1  main.o(.data)
    gpsbuf                                   0x20000024   Data           4  main.o(.data)
    temp                                     0x20000028   Data           4  main.o(.data)
    i                                        0x2000002c   Data           4  main.o(.data)
    b                                        0x20000030   Data           4  main.o(.data)
    __stdout                                 0x20000048   Data           4  usart.o(.data)
    USART_RX_STA                             0x2000004c   Data           2  usart.o(.data)
    n_ir_buffer_length                       0x20000054   Data           4  max30102.o(.data)
    n_sp02                                   0x20000058   Data           4  max30102.o(.data)
    ch_spo2_valid                            0x2000005c   Data           1  max30102.o(.data)
    n_heart_rate                             0x20000060   Data           4  max30102.o(.data)
    ch_hr_valid                              0x20000064   Data           1  max30102.o(.data)
    uch_dummy                                0x20000065   Data           1  max30102.o(.data)
    USART_RX_BUF                             0x2000006c   Data         200  usart.o(.bss)
    aun_ir_buffer                            0x20001894   Data        2000  max30102.o(.bss)
    aun_red_buffer                           0x20002064   Data        2000  max30102.o(.bss)
    __libspace_start                         0x20002834   Data          96  libspace.o(.bss)
    __temporary_stack_top$libspace           0x20002894   Data           0  libspace.o(.bss)



==============================================================================

Memory Map of the image

  Image Entry point : 0x080000ed

  Load Region LR_IROM1 (Base: 0x08000000, Size: 0x00005760, Max: 0x00010000, ABSOLUTE)

    Execution Region ER_IROM1 (Exec base: 0x08000000, Load base: 0x08000000, Size: 0x000056f4, Max: 0x00010000, ABSOLUTE)

    Exec Addr    Load Addr    Size         Type   Attr      Idx    E Section Name        Object

    0x08000000   0x08000000   0x000000ec   Data   RO          331    RESET               startup_stm32f10x_md.o
    0x080000ec   0x080000ec   0x00000008   Code   RO         3738  * !!!main             c_w.l(__main.o)
    0x080000f4   0x080000f4   0x00000034   Code   RO         4105    !!!scatter          c_w.l(__scatter.o)
    0x08000128   0x08000128   0x0000001a   Code   RO         4107    !!handler_copy      c_w.l(__scatter_copy.o)
    0x08000142   0x08000142   0x00000002   PAD
    0x08000144   0x08000144   0x0000001c   Code   RO         4109    !!handler_zi        c_w.l(__scatter_zi.o)
    0x08000160   0x08000160   0x00000000   Code   RO         3728    .ARM.Collect$$_printf_percent$$00000000  c_w.l(_printf_percent.o)
    0x08000160   0x08000160   0x00000006   Code   RO         3727    .ARM.Collect$$_printf_percent$$00000003  c_w.l(_printf_f.o)
    0x08000166   0x08000166   0x00000006   Code   RO         3726    .ARM.Collect$$_printf_percent$$00000014  c_w.l(_printf_s.o)
    0x0800016c   0x0800016c   0x00000004   Code   RO         3799    .ARM.Collect$$_printf_percent$$00000017  c_w.l(_printf_percent_end.o)
    0x08000170   0x08000170   0x00000002   Code   RO         3910    .ARM.Collect$$libinit$$00000000  c_w.l(libinit.o)
    0x08000172   0x08000172   0x00000000   Code   RO         3912    .ARM.Collect$$libinit$$00000002  c_w.l(libinit2.o)
    0x08000172   0x08000172   0x00000000   Code   RO         3914    .ARM.Collect$$libinit$$00000004  c_w.l(libinit2.o)
    0x08000172   0x08000172   0x00000000   Code   RO         3917    .ARM.Collect$$libinit$$0000000A  c_w.l(libinit2.o)
    0x08000172   0x08000172   0x00000000   Code   RO         3919    .ARM.Collect$$libinit$$0000000C  c_w.l(libinit2.o)
    0x08000172   0x08000172   0x00000000   Code   RO         3921    .ARM.Collect$$libinit$$0000000E  c_w.l(libinit2.o)
    0x08000172   0x08000172   0x00000006   Code   RO         3922    .ARM.Collect$$libinit$$0000000F  c_w.l(libinit2.o)
    0x08000178   0x08000178   0x00000000   Code   RO         3924    .ARM.Collect$$libinit$$00000011  c_w.l(libinit2.o)
    0x08000178   0x08000178   0x0000000c   Code   RO         3925    .ARM.Collect$$libinit$$00000012  c_w.l(libinit2.o)
    0x08000184   0x08000184   0x00000000   Code   RO         3926    .ARM.Collect$$libinit$$00000013  c_w.l(libinit2.o)
    0x08000184   0x08000184   0x00000000   Code   RO         3928    .ARM.Collect$$libinit$$00000015  c_w.l(libinit2.o)
    0x08000184   0x08000184   0x0000000a   Code   RO         3929    .ARM.Collect$$libinit$$00000016  c_w.l(libinit2.o)
    0x0800018e   0x0800018e   0x00000000   Code   RO         3930    .ARM.Collect$$libinit$$00000017  c_w.l(libinit2.o)
    0x0800018e   0x0800018e   0x00000000   Code   RO         3932    .ARM.Collect$$libinit$$00000019  c_w.l(libinit2.o)
    0x0800018e   0x0800018e   0x00000000   Code   RO         3934    .ARM.Collect$$libinit$$0000001B  c_w.l(libinit2.o)
    0x0800018e   0x0800018e   0x00000000   Code   RO         3936    .ARM.Collect$$libinit$$0000001D  c_w.l(libinit2.o)
    0x0800018e   0x0800018e   0x00000000   Code   RO         3938    .ARM.Collect$$libinit$$0000001F  c_w.l(libinit2.o)
    0x0800018e   0x0800018e   0x00000000   Code   RO         3940    .ARM.Collect$$libinit$$00000021  c_w.l(libinit2.o)
    0x0800018e   0x0800018e   0x00000000   Code   RO         3942    .ARM.Collect$$libinit$$00000023  c_w.l(libinit2.o)
    0x0800018e   0x0800018e   0x00000000   Code   RO         3944    .ARM.Collect$$libinit$$00000025  c_w.l(libinit2.o)
    0x0800018e   0x0800018e   0x00000000   Code   RO         3948    .ARM.Collect$$libinit$$0000002C  c_w.l(libinit2.o)
    0x0800018e   0x0800018e   0x00000000   Code   RO         3950    .ARM.Collect$$libinit$$0000002E  c_w.l(libinit2.o)
    0x0800018e   0x0800018e   0x00000000   Code   RO         3952    .ARM.Collect$$libinit$$00000030  c_w.l(libinit2.o)
    0x0800018e   0x0800018e   0x00000000   Code   RO         3954    .ARM.Collect$$libinit$$00000032  c_w.l(libinit2.o)
    0x0800018e   0x0800018e   0x00000002   Code   RO         3955    .ARM.Collect$$libinit$$00000033  c_w.l(libinit2.o)
    0x08000190   0x08000190   0x00000002   Code   RO         4017    .ARM.Collect$$libshutdown$$00000000  c_w.l(libshutdown.o)
    0x08000192   0x08000192   0x00000000   Code   RO         4045    .ARM.Collect$$libshutdown$$00000003  c_w.l(libshutdown2.o)
    0x08000192   0x08000192   0x00000000   Code   RO         4048    .ARM.Collect$$libshutdown$$00000006  c_w.l(libshutdown2.o)
    0x08000192   0x08000192   0x00000000   Code   RO         4051    .ARM.Collect$$libshutdown$$00000009  c_w.l(libshutdown2.o)
    0x08000192   0x08000192   0x00000000   Code   RO         4053    .ARM.Collect$$libshutdown$$0000000B  c_w.l(libshutdown2.o)
    0x08000192   0x08000192   0x00000000   Code   RO         4056    .ARM.Collect$$libshutdown$$0000000E  c_w.l(libshutdown2.o)
    0x08000192   0x08000192   0x00000002   Code   RO         4057    .ARM.Collect$$libshutdown$$0000000F  c_w.l(libshutdown2.o)
    0x08000194   0x08000194   0x00000000   Code   RO         3788    .ARM.Collect$$rtentry$$00000000  c_w.l(__rtentry.o)
    0x08000194   0x08000194   0x00000000   Code   RO         3818    .ARM.Collect$$rtentry$$00000002  c_w.l(__rtentry2.o)
    0x08000194   0x08000194   0x00000006   Code   RO         3830    .ARM.Collect$$rtentry$$00000004  c_w.l(__rtentry4.o)
    0x0800019a   0x0800019a   0x00000000   Code   RO         3820    .ARM.Collect$$rtentry$$00000009  c_w.l(__rtentry2.o)
    0x0800019a   0x0800019a   0x00000004   Code   RO         3821    .ARM.Collect$$rtentry$$0000000A  c_w.l(__rtentry2.o)
    0x0800019e   0x0800019e   0x00000000   Code   RO         3823    .ARM.Collect$$rtentry$$0000000C  c_w.l(__rtentry2.o)
    0x0800019e   0x0800019e   0x00000008   Code   RO         3824    .ARM.Collect$$rtentry$$0000000D  c_w.l(__rtentry2.o)
    0x080001a6   0x080001a6   0x00000002   Code   RO         3956    .ARM.Collect$$rtexit$$00000000  c_w.l(rtexit.o)
    0x080001a8   0x080001a8   0x00000000   Code   RO         3981    .ARM.Collect$$rtexit$$00000002  c_w.l(rtexit2.o)
    0x080001a8   0x080001a8   0x00000004   Code   RO         3982    .ARM.Collect$$rtexit$$00000003  c_w.l(rtexit2.o)
    0x080001ac   0x080001ac   0x00000006   Code   RO         3983    .ARM.Collect$$rtexit$$00000004  c_w.l(rtexit2.o)
    0x080001b2   0x080001b2   0x00000002   PAD
    0x080001b4   0x080001b4   0x00000040   Code   RO          332    .text               startup_stm32f10x_md.o
    0x080001f4   0x080001f4   0x00000002   Code   RO         3696    .text               c_w.l(use_no_semi_2.o)
    0x080001f6   0x080001f6   0x00000002   PAD
    0x080001f8   0x080001f8   0x00000028   Code   RO         3700    .text               c_w.l(noretval__2sprintf.o)
    0x08000220   0x08000220   0x00000052   Code   RO         3704    .text               c_w.l(_printf_str.o)
    0x08000272   0x08000272   0x0000010e   Code   RO         3714    .text               c_w.l(__printf_wp.o)
    0x08000380   0x08000380   0x0000000c   Code   RO         3729    .text               c_w.l(strtok.o)
    0x0800038c   0x0800038c   0x00000048   Code   RO         3732    .text               c_w.l(strcpy.o)
    0x080003d4   0x080003d4   0x00000056   Code   RO         3734    .text               c_w.l(strncpy.o)
    0x0800042a   0x0800042a   0x00000006   Code   RO         3736    .text               c_w.l(heapauxi.o)
    0x08000430   0x08000430   0x00000002   Code   RO         3786    .text               c_w.l(use_no_semi.o)
    0x08000432   0x08000432   0x00000016   Code   RO         3789    .text               c_w.l(_rserrno.o)
    0x08000448   0x08000448   0x0000041a   Code   RO         3791    .text               c_w.l(_printf_fp_dec.o)
    0x08000862   0x08000862   0x00000002   PAD
    0x08000864   0x08000864   0x00000030   Code   RO         3793    .text               c_w.l(_printf_char_common.o)
    0x08000894   0x08000894   0x0000000a   Code   RO         3795    .text               c_w.l(_sputc.o)
    0x0800089e   0x0800089e   0x0000002c   Code   RO         3797    .text               c_w.l(_printf_char.o)
    0x080008ca   0x080008ca   0x00000002   PAD
    0x080008cc   0x080008cc   0x000000a0   Code   RO         3800    .text               c_w.l(strtod.o)
    0x0800096c   0x0800096c   0x00000044   Code   RO         3802    .text               c_w.l(strtok_int.o)
    0x080009b0   0x080009b0   0x00000044   Code   RO         3804    .text               c_w.l(rt_memclr.o)
    0x080009f4   0x080009f4   0x00000008   Code   RO         3835    .text               c_w.l(rt_locale_intlibspace.o)
    0x080009fc   0x080009fc   0x00000008   Code   RO         3840    .text               c_w.l(rt_errno_addr_intlibspace.o)
    0x08000a04   0x08000a04   0x0000008a   Code   RO         3842    .text               c_w.l(lludiv10.o)
    0x08000a8e   0x08000a8e   0x00000012   Code   RO         3844    .text               c_w.l(isspace.o)
    0x08000aa0   0x08000aa0   0x00000080   Code   RO         3846    .text               c_w.l(_printf_fp_infnan.o)
    0x08000b20   0x08000b20   0x00000040   Code   RO         3850    .text               c_w.l(_sgetc.o)
    0x08000b60   0x08000b60   0x000000dc   Code   RO         3852    .text               c_w.l(bigflt0.o)
    0x08000c3c   0x08000c3c   0x00000020   Code   RO         3880    .text               c_w.l(strcspn.o)
    0x08000c5c   0x08000c5c   0x0000001c   Code   RO         3882    .text               c_w.l(strspn.o)
    0x08000c78   0x08000c78   0x0000004e   Code   RO         3884    .text               c_w.l(rt_memclr_w.o)
    0x08000cc6   0x08000cc6   0x00000002   PAD
    0x08000cc8   0x08000cc8   0x00000008   Code   RO         3892    .text               c_w.l(libspace.o)
    0x08000cd0   0x08000cd0   0x0000004a   Code   RO         3895    .text               c_w.l(sys_stackheap_outer.o)
    0x08000d1a   0x08000d1a   0x00000002   PAD
    0x08000d1c   0x08000d1c   0x00000010   Code   RO         3897    .text               c_w.l(rt_ctype_table.o)
    0x08000d2c   0x08000d2c   0x000004a4   Code   RO         3899    .text               c_w.l(scanf_fp.o)
    0x080011d0   0x080011d0   0x0000000c   Code   RO         3901    .text               c_w.l(exit.o)
    0x080011dc   0x080011dc   0x00000080   Code   RO         3903    .text               c_w.l(strcmpv7m.o)
    0x0800125c   0x0800125c   0x00000318   Code   RO         3987    .text               c_w.l(scanf_hexfp.o)
    0x08001574   0x08001574   0x00000134   Code   RO         3989    .text               c_w.l(scanf_infnan.o)
    0x080016a8   0x080016a8   0x00000026   Code   RO         4007    .text               c_w.l(llshl.o)
    0x080016ce   0x080016ce   0x0000001c   Code   RO         4009    .text               c_w.l(_chval.o)
    0x080016ea   0x080016ea   0x0000003e   Code   RO         3855    CL$$btod_d2e        c_w.l(btod.o)
    0x08001728   0x08001728   0x00000046   Code   RO         3857    CL$$btod_d2e_denorm_low  c_w.l(btod.o)
    0x0800176e   0x0800176e   0x00000060   Code   RO         3856    CL$$btod_d2e_norm_op1  c_w.l(btod.o)
    0x080017ce   0x080017ce   0x00000338   Code   RO         3865    CL$$btod_div_common  c_w.l(btod.o)
    0x08001b06   0x08001b06   0x00000002   PAD
    0x08001b08   0x08001b08   0x00000054   Code   RO         3863    CL$$btod_e2d        c_w.l(btod.o)
    0x08001b5c   0x08001b5c   0x000000c6   Code   RO         3862    CL$$btod_e2e        c_w.l(btod.o)
    0x08001c22   0x08001c22   0x00000028   Code   RO         3859    CL$$btod_ediv       c_w.l(btod.o)
    0x08001c4a   0x08001c4a   0x00000028   Code   RO         3861    CL$$btod_edivd      c_w.l(btod.o)
    0x08001c72   0x08001c72   0x00000028   Code   RO         3858    CL$$btod_emul       c_w.l(btod.o)
    0x08001c9a   0x08001c9a   0x00000028   Code   RO         3860    CL$$btod_emuld      c_w.l(btod.o)
    0x08001cc2   0x08001cc2   0x00000244   Code   RO         3864    CL$$btod_mult_common  c_w.l(btod.o)
    0x08001f06   0x08001f06   0x00000004   Code   RO          195    i.BusFault_Handler  stm32f10x_it.o
    0x08001f0a   0x08001f0a   0x00000002   PAD
    0x08001f0c   0x08001f0c   0x00000058   Code   RO         3372    i.DHT11_Read_Bit    dht11.o
    0x08001f64   0x08001f64   0x0000001e   Code   RO         3373    i.DHT11_Read_Byte   dht11.o
    0x08001f82   0x08001f82   0x00000002   PAD
    0x08001f84   0x08001f84   0x00000060   Code   RO         3374    i.DHT11_Read_Data   dht11.o
    0x08001fe4   0x08001fe4   0x000000a8   Code   RO         3375    i.DHT11_get         dht11.o
    0x0800208c   0x0800208c   0x00000002   Code   RO          196    i.DebugMon_Handler  stm32f10x_it.o
    0x0800208e   0x0800208e   0x00000002   PAD
    0x08002090   0x08002090   0x0000002c   Code   RO            1    i.EXTI3_IRQHandler  main.o
    0x080020bc   0x080020bc   0x0000000c   Code   RO         1134    i.EXTI_ClearITPendingBit  stm32f10x_exti.o
    0x080020c8   0x080020c8   0x00000028   Code   RO         1138    i.EXTI_GetITStatus  stm32f10x_exti.o
    0x080020f0   0x080020f0   0x00000094   Code   RO         1139    i.EXTI_Init         stm32f10x_exti.o
    0x08002184   0x08002184   0x00000040   Code   RO         1484    i.GPIO_EXTILineConfig  stm32f10x_gpio.o
    0x080021c4   0x080021c4   0x00000116   Code   RO         1487    i.GPIO_Init         stm32f10x_gpio.o
    0x080022da   0x080022da   0x00000012   Code   RO         1491    i.GPIO_ReadInputDataBit  stm32f10x_gpio.o
    0x080022ec   0x080022ec   0x00000004   Code   RO         1494    i.GPIO_ResetBits    stm32f10x_gpio.o
    0x080022f0   0x080022f0   0x00000004   Code   RO         1495    i.GPIO_SetBits      stm32f10x_gpio.o
    0x080022f4   0x080022f4   0x00000004   Code   RO          197    i.HardFault_Handler  stm32f10x_it.o
    0x080022f8   0x080022f8   0x00000050   Code   RO         3590    i.IIC_Ack           myiic.o
    0x08002348   0x08002348   0x00000040   Code   RO         3591    i.IIC_Init          myiic.o
    0x08002388   0x08002388   0x00000050   Code   RO         3592    i.IIC_NAck          myiic.o
    0x080023d8   0x080023d8   0x00000070   Code   RO         3594    i.IIC_Read_Byte     myiic.o
    0x08002448   0x08002448   0x00000068   Code   RO         3596    i.IIC_Send_Byte     myiic.o
    0x080024b0   0x080024b0   0x0000004c   Code   RO         3597    i.IIC_Start         myiic.o
    0x080024fc   0x080024fc   0x0000004c   Code   RO         3598    i.IIC_Stop          myiic.o
    0x08002548   0x08002548   0x00000064   Code   RO         3599    i.IIC_Wait_Ack      myiic.o
    0x080025ac   0x080025ac   0x00000004   Code   RO          198    i.MemManage_Handler  stm32f10x_it.o
    0x080025b0   0x080025b0   0x00000002   Code   RO          199    i.NMI_Handler       stm32f10x_it.o
    0x080025b2   0x080025b2   0x00000002   PAD
    0x080025b4   0x080025b4   0x00000070   Code   RO          336    i.NVIC_Init         misc.o
    0x08002624   0x08002624   0x00000014   Code   RO          337    i.NVIC_PriorityGroupConfig  misc.o
    0x08002638   0x08002638   0x00000002   Code   RO          200    i.PendSV_Handler    stm32f10x_it.o
    0x0800263a   0x0800263a   0x00000002   PAD
    0x0800263c   0x0800263c   0x00000020   Code   RO         1903    i.RCC_APB1PeriphClockCmd  stm32f10x_rcc.o
    0x0800265c   0x0800265c   0x00000020   Code   RO         1905    i.RCC_APB2PeriphClockCmd  stm32f10x_rcc.o
    0x0800267c   0x0800267c   0x000000d4   Code   RO         1913    i.RCC_GetClocksFreq  stm32f10x_rcc.o
    0x08002750   0x08002750   0x00000002   Code   RO          201    i.SVC_Handler       stm32f10x_it.o
    0x08002752   0x08002752   0x00000008   Code   RO          284    i.SetSysClock       system_stm32f10x.o
    0x0800275a   0x0800275a   0x00000002   PAD
    0x0800275c   0x0800275c   0x000000e0   Code   RO          285    i.SetSysClockTo72   system_stm32f10x.o
    0x0800283c   0x0800283c   0x00000028   Code   RO          340    i.SysTick_CLKSourceConfig  misc.o
    0x08002864   0x08002864   0x00000002   Code   RO          202    i.SysTick_Handler   stm32f10x_it.o
    0x08002866   0x08002866   0x00000002   PAD
    0x08002868   0x08002868   0x00000060   Code   RO          287    i.SystemInit        system_stm32f10x.o
    0x080028c8   0x080028c8   0x00000044   Code   RO            2    i.TIM3_IRQHandler   main.o
    0x0800290c   0x0800290c   0x00000006   Code   RO         2532    i.TIM_ClearITPendingBit  stm32f10x_tim.o
    0x08002912   0x08002912   0x00000018   Code   RO         2537    i.TIM_Cmd           stm32f10x_tim.o
    0x0800292a   0x0800292a   0x00000022   Code   RO         2558    i.TIM_GetITStatus   stm32f10x_tim.o
    0x0800294c   0x0800294c   0x00000012   Code   RO         2562    i.TIM_ITConfig      stm32f10x_tim.o
    0x0800295e   0x0800295e   0x00000002   PAD
    0x08002960   0x08002960   0x000000a4   Code   RO         2608    i.TIM_TimeBaseInit  stm32f10x_tim.o
    0x08002a04   0x08002a04   0x00000088   Code   RO         3303    i.USART1_IRQHandler  usart.o
    0x08002a8c   0x08002a8c   0x00000034   Code   RO            3    i.USART2_IRQHandler  main.o
    0x08002ac0   0x08002ac0   0x00000054   Code   RO            4    i.USART3_IRQHandler  main.o
    0x08002b14   0x08002b14   0x00000018   Code   RO         3073    i.USART_Cmd         stm32f10x_usart.o
    0x08002b2c   0x08002b2c   0x0000001a   Code   RO         3076    i.USART_GetFlagStatus  stm32f10x_usart.o
    0x08002b46   0x08002b46   0x00000054   Code   RO         3077    i.USART_GetITStatus  stm32f10x_usart.o
    0x08002b9a   0x08002b9a   0x0000004a   Code   RO         3079    i.USART_ITConfig    stm32f10x_usart.o
    0x08002be4   0x08002be4   0x000000d8   Code   RO         3080    i.USART_Init        stm32f10x_usart.o
    0x08002cbc   0x08002cbc   0x0000000a   Code   RO         3087    i.USART_ReceiveData  stm32f10x_usart.o
    0x08002cc6   0x08002cc6   0x00000008   Code   RO         3090    i.USART_SendData    stm32f10x_usart.o
    0x08002cce   0x08002cce   0x00000004   Code   RO          203    i.UsageFault_Handler  stm32f10x_it.o
    0x08002cd2   0x08002cd2   0x00000028   Code   RO         3890    i.__ARM_fpclassify  m_ws.l(fpclassify.o)
    0x08002cfa   0x08002cfa   0x0000000e   Code   RO         4064    i.__mathlib_dbl_overflow  m_ws.l(dunder.o)
    0x08002d08   0x08002d08   0x00000010   Code   RO         4066    i.__mathlib_dbl_underflow  m_ws.l(dunder.o)
    0x08002d18   0x08002d18   0x00000010   Code   RO         3974    i.__mathlib_narrow  m_ws.l(narrow.o)
    0x08002d28   0x08002d28   0x00000088   Code   RO         3975    i.__mathlib_tofloat  m_ws.l(narrow.o)
    0x08002db0   0x08002db0   0x00000016   Code   RO         4025    i.__support_ldexp   m_ws.l(ldexp.o)
    0x08002dc6   0x08002dc6   0x0000000e   Code   RO         3716    i._is_digit         c_w.l(__printf_wp.o)
    0x08002dd4   0x08002dd4   0x00000006   Code   RO         3304    i._sys_exit         usart.o
    0x08002dda   0x08002dda   0x0000002a   Code   RO         3779    i.atof              m_ws.l(atof.o)
    0x08002e04   0x08002e04   0x0000003c   Code   RO         3402    i.delay_init        delay.o
    0x08002e40   0x08002e40   0x0000003c   Code   RO         3403    i.delay_ms          delay.o
    0x08002e7c   0x08002e7c   0x0000003c   Code   RO         3404    i.delay_us          delay.o
    0x08002eb8   0x08002eb8   0x00000058   Code   RO         4000    i.frexp             m_ws.l(frexp.o)
    0x08002f10   0x08002f10   0x000001cc   Code   RO         3668    i.gps_getdat        gps.o
    0x080030dc   0x080030dc   0x00000094   Code   RO         3669    i.gps_init          gps.o
    0x08003170   0x08003170   0x00000074   Code   RO            6    i.helpinit          main.o
    0x080031e4   0x080031e4   0x00000074   Code   RO         4026    i.ldexp             m_ws.l(ldexp.o)
    0x08003258   0x08003258   0x000000b4   Code   RO            7    i.main              main.o
    0x0800330c   0x0800330c   0x00000052   Code   RO         3508    i.max30102_Bus_Read  max30102.o
    0x0800335e   0x0800335e   0x00000044   Code   RO         3509    i.max30102_Bus_Write  max30102.o
    0x080033a2   0x080033a2   0x00000080   Code   RO         3510    i.max30102_FIFO_ReadBytes  max30102.o
    0x08003422   0x08003422   0x00000002   PAD
    0x08003424   0x08003424   0x00000088   Code   RO         3512    i.max30102_init     max30102.o
    0x080034ac   0x080034ac   0x00000014   Code   RO         3513    i.max30102_reset    max30102.o
    0x080034c0   0x080034c0   0x000000d4   Code   RO         3514    i.max_once          max30102.o
    0x08003594   0x08003594   0x0000002c   Code   RO         3515    i.max_senddat       max30102.o
    0x080035c0   0x080035c0   0x00000042   Code   RO         3462    i.maxim_find_peaks  algorithm.o
    0x08003602   0x08003602   0x00000002   PAD
    0x08003604   0x08003604   0x00000204   Code   RO         3516    i.maxim_get         max30102.o
    0x08003808   0x08003808   0x00000500   Code   RO         3463    i.maxim_heart_rate_and_oxygen_saturation  algorithm.o
    0x08003d08   0x08003d08   0x0000007a   Code   RO         3464    i.maxim_peaks_above_min_height  algorithm.o
    0x08003d82   0x08003d82   0x00000072   Code   RO         3465    i.maxim_remove_close_peaks  algorithm.o
    0x08003df4   0x08003df4   0x00000036   Code   RO         3466    i.maxim_sort_ascend  algorithm.o
    0x08003e2a   0x08003e2a   0x00000040   Code   RO         3467    i.maxim_sort_indices_descend  algorithm.o
    0x08003e6a   0x08003e6a   0x00000002   PAD
    0x08003e6c   0x08003e6c   0x00000098   Code   RO         3783    i.modf              m_ws.l(modf.o)
    0x08003f04   0x08003f04   0x0000014c   Code   RO         3428    i.sendmessage       gprs.o
    0x08004050   0x08004050   0x0000002c   Code   RO         3429    i.sendtogprs        gprs.o
    0x0800407c   0x0800407c   0x0000020c   Code   RO         3430    i.sendtoserver      gprs.o
    0x08004288   0x08004288   0x00000060   Code   RO            8    i.tim_init          main.o
    0x080042e8   0x080042e8   0x00000098   Code   RO            9    i.uart2_init        main.o
    0x08004380   0x08004380   0x000000a0   Code   RO         3306    i.uart_init         usart.o
    0x08004420   0x08004420   0x0000002c   Code   RO         3878    locale$$code        c_w.l(lc_numeric_c.o)
    0x0800444c   0x0800444c   0x0000002c   Code   RO         3959    locale$$code        c_w.l(lc_ctype_c.o)
    0x08004478   0x08004478   0x00000062   Code   RO         3740    x$fpl$d2f           fz_ws.l(d2f.o)
    0x080044da   0x080044da   0x00000002   PAD
    0x080044dc   0x080044dc   0x00000150   Code   RO         3742    x$fpl$dadd          fz_ws.l(daddsub_clz.o)
    0x0800462c   0x0800462c   0x00000010   Code   RO         4058    x$fpl$dcheck1       fz_ws.l(dcheck1.o)
    0x0800463c   0x0800463c   0x00000018   Code   RO         4018    x$fpl$dcmpinf       fz_ws.l(dcmpi.o)
    0x08004654   0x08004654   0x000002b0   Code   RO         3749    x$fpl$ddiv          fz_ws.l(ddiv.o)
    0x08004904   0x08004904   0x00000078   Code   RO         3995    x$fpl$deqf          fz_ws.l(deqf.o)
    0x0800497c   0x0800497c   0x00000078   Code   RO         4020    x$fpl$dleqf         fz_ws.l(dleqf.o)
    0x080049f4   0x080049f4   0x00000154   Code   RO         3752    x$fpl$dmul          fz_ws.l(dmul.o)
    0x08004b48   0x08004b48   0x0000009c   Code   RO         3806    x$fpl$dnaninf       fz_ws.l(dnaninf.o)
    0x08004be4   0x08004be4   0x0000000c   Code   RO         3808    x$fpl$dretinf       fz_ws.l(dretinf.o)
    0x08004bf0   0x08004bf0   0x0000006c   Code   RO         3997    x$fpl$drleqf        fz_ws.l(drleqf.o)
    0x08004c5c   0x08004c5c   0x000001d4   Code   RO         3744    x$fpl$dsub          fz_ws.l(daddsub_clz.o)
    0x08004e30   0x08004e30   0x00000056   Code   RO         3754    x$fpl$f2d           fz_ws.l(f2d.o)
    0x08004e86   0x08004e86   0x00000018   Code   RO         3810    x$fpl$fcmpinf       fz_ws.l(fcmpi.o)
    0x08004e9e   0x08004e9e   0x00000002   PAD
    0x08004ea0   0x08004ea0   0x00000184   Code   RO         3757    x$fpl$fdiv          fz_ws.l(fdiv.o)
    0x08005024   0x08005024   0x00000036   Code   RO         3760    x$fpl$ffix          fz_ws.l(ffix.o)
    0x0800505a   0x0800505a   0x00000002   PAD
    0x0800505c   0x0800505c   0x00000030   Code   RO         3765    x$fpl$fflt          fz_ws.l(fflt_clz.o)
    0x0800508c   0x0800508c   0x00000026   Code   RO         3764    x$fpl$ffltu         fz_ws.l(fflt_clz.o)
    0x080050b2   0x080050b2   0x00000002   PAD
    0x080050b4   0x080050b4   0x00000068   Code   RO         3770    x$fpl$fleqf         fz_ws.l(fleqf.o)
    0x0800511c   0x0800511c   0x00000102   Code   RO         3772    x$fpl$fmul          fz_ws.l(fmul.o)
    0x0800521e   0x0800521e   0x0000008c   Code   RO         3812    x$fpl$fnaninf       fz_ws.l(fnaninf.o)
    0x080052aa   0x080052aa   0x0000000a   Code   RO         3814    x$fpl$fretinf       fz_ws.l(fretinf.o)
    0x080052b4   0x080052b4   0x00000062   Code   RO         3774    x$fpl$frleqf        fz_ws.l(frleqf.o)
    0x08005316   0x08005316   0x00000004   Code   RO         3776    x$fpl$printf1       fz_ws.l(printf1.o)
    0x0800531a   0x0800531a   0x00000064   Code   RO         4079    x$fpl$retnan        fz_ws.l(retnan.o)
    0x0800537e   0x0800537e   0x0000005c   Code   RO         4022    x$fpl$scalbn        fz_ws.l(scalbn.o)
    0x080053da   0x080053da   0x00000004   Code   RO         3888    x$fpl$scanf1        fz_ws.l(scanf1.o)
    0x080053de   0x080053de   0x00000008   Code   RO         3968    x$fpl$scanf2        fz_ws.l(scanf2.o)
    0x080053e6   0x080053e6   0x00000030   Code   RO         4085    x$fpl$trapveneer    fz_ws.l(trapv.o)
    0x08005416   0x08005416   0x00000000   Code   RO         3816    x$fpl$usenofp       fz_ws.l(usenofp.o)
    0x08005416   0x08005416   0x000000f6   Data   RO         3469    .constdata          algorithm.o
    0x0800550c   0x0800550c   0x00000094   Data   RO         3853    .constdata          c_w.l(bigflt0.o)
    0x080055a0   0x080055a0   0x00000020   Data   RO         4103    Region$$Table       anon$$obj.o
    0x080055c0   0x080055c0   0x00000008   Data   RO         3963    c$$dinf             fz_ws.l(fpconst.o)
    0x080055c8   0x080055c8   0x0000001c   Data   RO         3877    locale$$data        c_w.l(lc_numeric_c.o)
    0x080055e4   0x080055e4   0x00000110   Data   RO         3958    locale$$data        c_w.l(lc_ctype_c.o)


    Execution Region RW_IRAM1 (Exec base: 0x20000000, Load base: 0x080056f4, Size: 0x00002e98, Max: 0x00005000, ABSOLUTE)

    Exec Addr    Load Addr    Size         Type   Attr      Idx    E Section Name        Object

    0x20000000   0x080056f4   0x00000034   Data   RW           10    .data               main.o
    0x20000034   0x08005728   0x00000014   Data   RW         1933    .data               stm32f10x_rcc.o
    0x20000048   0x0800573c   0x00000006   Data   RW         3308    .data               usart.o
    0x2000004e   0x08005742   0x00000004   Data   RW         3405    .data               delay.o
    0x20000052   0x08005746   0x00000002   PAD
    0x20000054   0x08005748   0x00000012   Data   RW         3521    .data               max30102.o
    0x20000066   0x0800575a   0x00000002   PAD
    0x20000068   0x0800575c   0x00000004   Data   RW         3730    .data               c_w.l(strtok.o)
    0x2000006c        -       0x000000c8   Zero   RW         3307    .bss                usart.o
    0x20000134        -       0x00001760   Zero   RW         3468    .bss                algorithm.o
    0x20001894        -       0x00000fa0   Zero   RW         3520    .bss                max30102.o
    0x20002834        -       0x00000060   Zero   RW         3893    .bss                c_w.l(libspace.o)
    0x20002894   0x08005760   0x00000004   PAD
    0x20002898        -       0x00000200   Zero   RW          330    HEAP                startup_stm32f10x_md.o
    0x20002a98        -       0x00000400   Zero   RW          329    STACK               startup_stm32f10x_md.o


==============================================================================

Image component sizes


      Code (inc. data)   RO Data    RW Data    ZI Data      Debug   Object Name

      1700         32        246          0       5984       6941   algorithm.o
         0          0          0          0          0         32   core_cm3.o
       180         16          0          4          0       1603   delay.o
       382         16          0          0          0       2349   dht11.o
       900        392          0          0          0       2110   gprs.o
       608         58          0          0          0       1376   gps.o
       792        148          0         52          0     257899   main.o
      1206         88          0         18       4000       6051   max30102.o
       172         22          0          0          0       1937   misc.o
       692        108          0          0          0       3938   myiic.o
        64         26        236          0       1536        776   startup_stm32f10x_md.o
       200         18          0          0          0       1980   stm32f10x_exti.o
       368          4          0          0          0       4070   stm32f10x_gpio.o
        26          0          0          0          0       3446   stm32f10x_it.o
       276         32          0         20          0       4290   stm32f10x_rcc.o
       246         42          0          0          0       3358   stm32f10x_tim.o
       442          6          0          0          0       5861   stm32f10x_usart.o
       328         28          0          0          0       1681   system_stm32f10x.o
       302         22          0          6        200       3456   usart.o

    ----------------------------------------------------------------------
      8906       1058        514        104      11720     313154   Object Totals
         0          0         32          0          0          0   (incl. Generated)
        22          0          0          4          0          0   (incl. Padding)

    ----------------------------------------------------------------------

      Code (inc. data)   RO Data    RW Data    ZI Data      Debug   Library Member Name

         8          0          0          0          0         68   __main.o
       284          0          0          0          0        156   __printf_wp.o
         0          0          0          0          0          0   __rtentry.o
        12          0          0          0          0          0   __rtentry2.o
         6          0          0          0          0          0   __rtentry4.o
        52          8          0          0          0          0   __scatter.o
        26          0          0          0          0          0   __scatter_copy.o
        28          0          0          0          0          0   __scatter_zi.o
        28          0          0          0          0         68   _chval.o
        44          0          0          0          0        108   _printf_char.o
        48          6          0          0          0         96   _printf_char_common.o
         6          0          0          0          0          0   _printf_f.o
      1050          0          0          0          0        216   _printf_fp_dec.o
       128         16          0          0          0         84   _printf_fp_infnan.o
         0          0          0          0          0          0   _printf_percent.o
         4          0          0          0          0          0   _printf_percent_end.o
         6          0          0          0          0          0   _printf_s.o
        82          0          0          0          0         80   _printf_str.o
        22          0          0          0          0        100   _rserrno.o
        64          0          0          0          0         84   _sgetc.o
        10          0          0          0          0         68   _sputc.o
       220          4        148          0          0         96   bigflt0.o
      2074        132          0          0          0        940   btod.o
        12          0          0          0          0         72   exit.o
         6          0          0          0          0        152   heapauxi.o
        18          0          0          0          0         76   isspace.o
        44         10        272          0          0         76   lc_ctype_c.o
        44         10         28          0          0         76   lc_numeric_c.o
         2          0          0          0          0          0   libinit.o
        30          0          0          0          0          0   libinit2.o
         2          0          0          0          0          0   libshutdown.o
         2          0          0          0          0          0   libshutdown2.o
         8          4          0          0         96         68   libspace.o
        38          0          0          0          0         68   llshl.o
       138          0          0          0          0         80   lludiv10.o
        40          6          0          0          0         84   noretval__2sprintf.o
        16          4          0          0          0         76   rt_ctype_table.o
         8          4          0          0          0         68   rt_errno_addr_intlibspace.o
         8          4          0          0          0         68   rt_locale_intlibspace.o
        68          0          0          0          0         68   rt_memclr.o
        78          0          0          0          0         80   rt_memclr_w.o
         2          0          0          0          0          0   rtexit.o
        10          0          0          0          0          0   rtexit2.o
      1188         12          0          0          0        148   scanf_fp.o
       792         14          0          0          0        100   scanf_hexfp.o
       308         16          0          0          0        100   scanf_infnan.o
       128          0          0          0          0         68   strcmpv7m.o
        72          0          0          0          0         80   strcpy.o
        32          0          0          0          0         80   strcspn.o
        86          0          0          0          0         76   strncpy.o
        28          0          0          0          0         80   strspn.o
       160         12          0          0          0        120   strtod.o
        12          6          0          4          0         68   strtok.o
        68          4          0          0          0         84   strtok_int.o
        74          0          0          0          0         80   sys_stackheap_outer.o
         2          0          0          0          0         68   use_no_semi.o
         2          0          0          0          0         68   use_no_semi_2.o
        98          4          0          0          0         92   d2f.o
       804         16          0          0          0        272   daddsub_clz.o
        16          4          0          0          0         68   dcheck1.o
        24          0          0          0          0         68   dcmpi.o
       688        140          0          0          0        208   ddiv.o
       120          4          0          0          0         92   deqf.o
       120          4          0          0          0         92   dleqf.o
       340         12          0          0          0        104   dmul.o
       156          4          0          0          0         92   dnaninf.o
        12          0          0          0          0         68   dretinf.o
       108          0          0          0          0         80   drleqf.o
        86          4          0          0          0         84   f2d.o
        24          0          0          0          0         68   fcmpi.o
       388         76          0          0          0         96   fdiv.o
        54          4          0          0          0         84   ffix.o
        86          0          0          0          0        136   fflt_clz.o
       104          4          0          0          0         84   fleqf.o
       258          4          0          0          0         84   fmul.o
       140          4          0          0          0         84   fnaninf.o
         0          0          8          0          0          0   fpconst.o
        10          0          0          0          0         68   fretinf.o
        98          0          0          0          0         68   frleqf.o
         4          0          0          0          0         68   printf1.o
       100          0          0          0          0         68   retnan.o
        92          0          0          0          0         68   scalbn.o
         4          0          0          0          0         68   scanf1.o
         8          0          0          0          0         84   scanf2.o
        48          0          0          0          0         68   trapv.o
         0          0          0          0          0          0   usenofp.o
        42          0          0          0          0         84   atof.o
        30          6          0          0          0        136   dunder.o
        40          0          0          0          0         68   fpclassify.o
        88          8          0          0          0         76   frexp.o
       138          0          0          0          0        160   ldexp.o
       152          8          0          0          0        116   modf.o
       152          4          0          0          0        168   narrow.o

    ----------------------------------------------------------------------
     12384        584        456          4        100       7820   Library Totals
        24          2          0          0          4          0   (incl. Padding)

    ----------------------------------------------------------------------

      Code (inc. data)   RO Data    RW Data    ZI Data      Debug   Library Name

      7728        272        448          4         96       4496   c_w.l
      3990        284          8          0          0       2516   fz_ws.l
       642         26          0          0          0        808   m_ws.l

    ----------------------------------------------------------------------
     12384        584        456          4        100       7820   Library Totals

    ----------------------------------------------------------------------

==============================================================================


      Code (inc. data)   RO Data    RW Data    ZI Data      Debug   

     21290       1642        970        108      11820     312286   Grand Totals
     21290       1642        970        108      11820     312286   ELF Image Totals
     21290       1642        970        108          0          0   ROM Totals

==============================================================================

    Total RO  Size (Code + RO Data)                22260 (  21.74kB)
    Total RW  Size (RW Data + ZI Data)             11928 (  11.65kB)
    Total ROM Size (Code + RO Data + RW Data)      22368 (  21.84kB)

==============================================================================

